172.16.1.80 - - [06/Sep/2012:08:18:03 -0500] "GET /orfeo/cuerpo.php?busqRadicados=&Buscar=Buscar+&PHPSESSID=120906075058o17216180DTORRES&tipo_carp=0&carpeta=0 HTTP/1.0" 200 6728 "http://orfeo.minsalud.gov.co/orfeo/cuerpo.php?PHPSESSID=120906075058o17216180DTORRES&adodb_next_page=1&fechah=060912_1346935858&nomcarpeta=Entrada&carpeta=0&tipo_carpt=0&adodb_next_page=1" "Mozilla/5.0 (Windows NT 6.1; rv:14.0) Gecko/20100101 Firefox/14.0.1"
172.16.1.80 - - [06/Sep/2012:08:18:05 -0500] "GET /orfeo/Administracion/usuario/crear.php?usModo=2&PHPSESSID=120906081745o17216180KESPRIELLA&valRadio=80843058-AJIMENEZA HTTP/1.0" 200 3979 "http://orfeo.minsalud.gov.co/orfeo/Administracion/usuario/cuerpoEdicion.php?PHPSESSID=120906081745o17216180KESPRIELLA&dep_sel=4230" "Mozilla/5.0 (Windows NT 6.1; WOW64; rv:14.0) Gecko/20100101 Firefox/14.0.1"
172.16.1.80 - - [06/Sep/2012:08:18:08 -0500] "POST /orfeo/login.php?fechah=060912_1346937475 HTTP/1.0" 200 3214 "http://orfeo.minsalud.gov.co/orfeo/login.php" "Mozilla/5.0 (Windows NT 6.1; WOW64; rv:15.0) Gecko/20100101 Firefox/15.0"
172.16.1.80 - - [06/Sep/2012:08:18:08 -0500] "GET /orfeo/.orfeo38orfeo.css HTTP/1.0" 404 512 "http://orfeo.minsalud.gov.co/orfeo/login.php?fechah=060912_1346937475" "Mozilla/5.0 (Windows NT 6.1; WOW64; rv:15.0) Gecko/20100101 Firefox/15.0"
172.16.1.80 - - [06/Sep/2012:08:18:09 -0500] "POST /orfeo/radicacion/chequear.php?PHPSESSID=120906081113o17216180LFOREROG&krd=LFOREROG&dependencia=4230&krd=LFOREROG&faxPath= HTTP/1.0" 200 2910 "http://orfeo.minsalud.gov.co/orfeo/radicacion/chequear.php?PHPSESSID=120906081113o17216180LFOREROG&krd=LFOREROG&fechah=060912_1346937073&primera=1&ent=2&depende=4230" "Mozilla/5.0 (Windows NT 6.1; WOW64; rv:14.0) Gecko/20100101 Firefox/14.0.1"
172.16.1.80 - - [06/Sep/2012:08:18:13 -0500] "POST /orfeo/radicacion/NEW.php?PHPSESSID=120906081113o17216180LFOREROG&dependencia=4230&faxPath= HTTP/1.0" 200 124215 "http://orfeo.minsalud.gov.co/orfeo/radicacion/chequear.php?PHPSESSID=120906081113o17216180LFOREROG&krd=LFOREROG&dependencia=4230&krd=LFOREROG&faxPath=" "Mozilla/5.0 (Windows NT 6.1; WOW64; rv:14.0) Gecko/20100101 Firefox/14.0.1"
172.16.1.80 - - [06/Sep/2012:08:18:16 -0500] "GET /orfeo/Administracion/usuario/cuerpoEdicion.php?PHPSESSID=120906081745o17216180KESPRIELLA&dep_sel=4230 HTTP/1.0" 200 5400 "http://orfeo.minsalud.gov.co/orfeo/Administracion/usuario/cuerpoEdicion.php?PHPSESSID=120906081745o17216180KESPRIELLA&usModo=2" "Mozilla/5.0 (Windows NT 6.1; WOW64; rv:14.0) Gecko/20100101 Firefox/14.0.1"
172.16.1.80 - - [06/Sep/2012:08:18:19 -0500] "POST /orfeo/Administracion/usuario/cuerpoEdicion.php?PHPSESSID=120906081745o17216180KESPRIELLA&krd=KESPRIELLA&estado_sal=&tpAnulacion=&estado_sal_max=&pagina_sig=&dep_sel=4230&nomcarpeta=Modificacion%20Usuarios HTTP/1.0" 200 3928 "http://orfeo.minsalud.gov.co/orfeo/Administracion/usuario/cuerpoEdicion.php?PHPSESSID=120906081745o17216180KESPRIELLA&dep_sel=4230" "Mozilla/5.0 (Windows NT 6.1; WOW64; rv:14.0) Gecko/20100101 Firefox/14.0.1"
172.16.1.80 - - [06/Sep/2012:08:18:19 -0500] "GET /js/spiffyCal/spiffyCal_v2_1.css HTTP/1.0" 404 521 "http://orfeo.minsalud.gov.co/orfeo/Administracion/usuario/cuerpoEdicion.php?PHPSESSID=120906081745o17216180KESPRIELLA&krd=KESPRIELLA&estado_sal=&tpAnulacion=&estado_sal_max=&pagina_sig=&dep_sel=4230&nomcarpeta=Modificacion%20Usuarios" "Mozilla/5.0 (Windows NT 6.1; WOW64; rv:14.0) Gecko/20100101 Firefox/14.0.1"
172.16.1.80 - - [06/Sep/2012:08:18:22 -0500] "GET /orfeo/radicacion/chequear.php?PHPSESSID=120906075058o17216180DTORRES&krd=DTORRES&fechah=060912_1346935858&primera=1&ent=2&depende=4230 HTTP/1.0" 200 2661 "http://orfeo.minsalud.gov.co/orfeo/correspondencia.php?PHPSESSID=120906075058o17216180DTORRES&fechah=" "Mozilla/5.0 (Windows NT 6.1; rv:14.0) Gecko/20100101 Firefox/14.0.1"
172.16.1.80 - - [06/Sep/2012:08:18:22 -0500] "POST /orfeo/login.php?fechah=20120906_1346937488 HTTP/1.0" 302 658 "http://orfeo.minsalud.gov.co/orfeo/login.php?fechah=060912_1346937475" "Mozilla/5.0 (Windows NT 6.1; WOW64; rv:15.0) Gecko/20100101 Firefox/15.0"
172.16.1.80 - - [06/Sep/2012:08:18:22 -0500] "GET /orfeo/index_frames.php?PHPSESSID=120906081822o17216180AJIMENEZA&fechah=20120906_1346937502&krd=AJIMENEZA&swLog=1&orno=1 HTTP/1.0" 200 835 "http://orfeo.minsalud.gov.co/orfeo/login.php?fechah=060912_1346937475" "Mozilla/5.0 (Windows NT 6.1; WOW64; rv:15.0) Gecko/20100101 Firefox/15.0"
172.16.1.80 - - [06/Sep/2012:08:18:22 -0500] "GET /orfeo/f_top.php?PHPSESSID=120906081822o17216180AJIMENEZA&fechah= HTTP/1.0" 200 2568 "http://orfeo.minsalud.gov.co/orfeo/index_frames.php?PHPSESSID=120906081822o17216180AJIMENEZA&fechah=20120906_1346937502&krd=AJIMENEZA&swLog=1&orno=1" "Mozilla/5.0 (Windows NT 6.1; WOW64; rv:15.0) Gecko/20100101 Firefox/15.0"
172.16.1.80 - - [06/Sep/2012:08:18:22 -0500] "GET /orfeo/correspondencia.php?PHPSESSID=120906081822o17216180AJIMENEZA&fechah= HTTP/1.0" 200 4166 "http://orfeo.minsalud.gov.co/orfeo/index_frames.php?PHPSESSID=120906081822o17216180AJIMENEZA&fechah=20120906_1346937502&krd=AJIMENEZA&swLog=1&orno=1" "Mozilla/5.0 (Windows NT 6.1; WOW64; rv:15.0) Gecko/20100101 Firefox/15.0"
172.16.1.80 - - [06/Sep/2012:08:18:22 -0500] "GET /orfeo/alertas/index.php?PHPSESSID=120906081822o17216180AJIMENEZA&swLog=&fechah=&tipo_alerta=1 HTTP/1.0" 200 2086 "http://orfeo.minsalud.gov.co/orfeo/index_frames.php?PHPSESSID=120906081822o17216180AJIMENEZA&fechah=20120906_1346937502&krd=AJIMENEZA&swLog=1&orno=1" "Mozilla/5.0 (Windows NT 6.1; WOW64; rv:15.0) Gecko/20100101 Firefox/15.0"
172.16.1.80 - - [06/Sep/2012:08:18:23 -0500] "POST /orfeo/include/ajax/graficAlert.php HTTP/1.0" 200 367 "http://orfeo.minsalud.gov.co/orfeo/alertas/index.php?PHPSESSID=120906081822o17216180AJIMENEZA&swLog=&fechah=&tipo_alerta=1" "Mozilla/5.0 (Windows NT 6.1; WOW64; rv:15.0) Gecko/20100101 Firefox/15.0"
172.16.1.80 - - [06/Sep/2012:08:18:23 -0500] "GET /orfeo/Administracion/usuario/crear.php?usModo=2&PHPSESSID=120906081745o17216180KESPRIELLA&valRadio=3483230-FMENDOZA HTTP/1.0" 200 3972 "http://orfeo.minsalud.gov.co/orfeo/Administracion/usuario/cuerpoEdicion.php?PHPSESSID=120906081745o17216180KESPRIELLA&krd=KESPRIELLA&estado_sal=&tpAnulacion=&estado_sal_max=&pagina_sig=&dep_sel=4230&nomcarpeta=Modificacion%20Usuarios" "Mozilla/5.0 (Windows NT 6.1; WOW64; rv:14.0) Gecko/20100101 Firefox/14.0.1"
172.16.1.80 - - [06/Sep/2012:08:18:25 -0500] "GET /orfeo/cerrar_session.php?PHPSESSID=120906081822o17216180AJIMENEZA HTTP/1.0" 200 931 "http://orfeo.minsalud.gov.co/orfeo/f_top.php?PHPSESSID=120906081822o17216180AJIMENEZA&fechah=" "Mozilla/5.0 (Windows NT 6.1; WOW64; rv:15.0) Gecko/20100101 Firefox/15.0"
172.16.1.80 - - [06/Sep/2012:08:18:25 -0500] "GET /orfeo/cerrar_session.php?PHPSESSID=120906081822o17216180AJIMENEZA HTTP/1.0" 200 931 "http://orfeo.minsalud.gov.co/orfeo/cerrar_session.php?PHPSESSID=120906081822o17216180AJIMENEZA" "Mozilla/5.0 (Windows NT 6.1; WOW64; rv:15.0) Gecko/20100101 Firefox/15.0"
172.16.1.80 - - [06/Sep/2012:08:18:26 -0500] "GET /orfeo/login.php HTTP/1.0" 200 3088 "http://orfeo.minsalud.gov.co/orfeo/cerrar_session.php?PHPSESSID=120906081822o17216180AJIMENEZA" "Mozilla/5.0 (Windows NT 6.1; WOW64; rv:15.0) Gecko/20100101 Firefox/15.0"
172.16.1.80 - - [06/Sep/2012:08:18:27 -0500] "GET /orfeo/.orfeo38orfeo.css HTTP/1.0" 404 512 "http://orfeo.minsalud.gov.co/orfeo/login.php" "Mozilla/5.0 (Windows NT 6.1; WOW64; rv:15.0) Gecko/20100101 Firefox/15.0"
172.16.1.80 - - [06/Sep/2012:08:18:27 -0500] "POST /orfeo/Administracion/usuario/validar.php HTTP/1.0" 200 2352 "http://orfeo.minsalud.gov.co/orfeo/Administracion/usuario/crear.php?usModo=2&PHPSESSID=120906081745o17216180KESPRIELLA&valRadio=3483230-FMENDOZA" "Mozilla/5.0 (Windows NT 6.1; WOW64; rv:14.0) Gecko/20100101 Firefox/14.0.1"
172.16.1.80 - - [06/Sep/2012:08:18:29 -0500] "GET /orfeo/radicacion/chequear.php?PHPSESSID=120906074548o17216180OFLOREZ&krd=OFLOREZ&fechah=060912_1346935548&primera=1&ent=1&depende=4230 HTTP/1.0" 200 2661 "http://orfeo.minsalud.gov.co/orfeo/correspondencia.php?PHPSESSID=120906074548o17216180OFLOREZ&fechah=" "Mozilla/5.0 (Windows NT 6.1; WOW64; rv:14.0) Gecko/20100101 Firefox/14.0.1"
172.16.1.80 - - [06/Sep/2012:08:18:30 -0500] "POST /orfeo/radicacion/chequear.php?PHPSESSID=120906075058o17216180DTORRES&krd=DTORRES&dependencia=4230&krd=DTORRES&faxPath= HTTP/1.0" 200 2915 "http://orfeo.minsalud.gov.co/orfeo/radicacion/chequear.php?PHPSESSID=120906075058o17216180DTORRES&krd=DTORRES&fechah=060912_1346935858&primera=1&ent=2&depende=4230" "Mozilla/5.0 (Windows NT 6.1; rv:14.0) Gecko/20100101 Firefox/14.0.1"
172.16.1.80 - - [06/Sep/2012:08:18:30 -0500] "POST /orfeo/Administracion/usuario/grabar.php?PHPSESSID=120906081745o17216180KESPRIELLA&krd=KESPRIELLA&usModo=2&perfil=&perfilOrig=Normal&dep_sel=4230&cedula=3483230&usuLogin=FMENDOZA&nombre=FREDDY%20ENRIQUE%20MENDOZA%20TOLOSA&dia=&mes=&ano=&ubicacion=&piso=&extension=&email=fmendoza@minsalud.gov.co&usuDocSel=3483230&usuLoginSel=FMENDOZA HTTP/1.0" 200 914 "http://orfeo.minsalud.gov.co/orfeo/Administracion/usuario/validar.php" "Mozilla/5.0 (Windows NT 6.1; WOW64; rv:14.0) Gecko/20100101 Firefox/14.0.1"
172.16.1.80 - - [06/Sep/2012:08:18:31 -0500] "POST /orfeo/login.php?fechah=060912_1346937506 HTTP/1.0" 200 3214 "http://orfeo.minsalud.gov.co/orfeo/login.php" "Mozilla/5.0 (Windows NT 6.1; WOW64; rv:15.0) Gecko/20100101 Firefox/15.0"
172.16.1.80 - - [06/Sep/2012:08:18:31 -0500] "GET /orfeo/.orfeo38orfeo.css HTTP/1.0" 404 512 "http://orfeo.minsalud.gov.co/orfeo/login.php?fechah=060912_1346937506" "Mozilla/5.0 (Windows NT 6.1; WOW64; rv:15.0) Gecko/20100101 Firefox/15.0"
172.16.1.80 - - [06/Sep/2012:08:18:31 -0500] "POST /orfeo/Administracion/formAdministracion.php HTTP/1.0" 200 1355 "http://orfeo.minsalud.gov.co/orfeo/Administracion/usuario/grabar.php?PHPSESSID=120906081745o17216180KESPRIELLA&krd=KESPRIELLA&usModo=2&perfil=&perfilOrig=Normal&dep_sel=4230&cedula=3483230&usuLogin=FMENDOZA&nombre=FREDDY%20ENRIQUE%20MENDOZA%20TOLOSA&dia=&mes=&ano=&ubicacion=&piso=&extension=&email=fmendoza@minsalud.gov.co&usuDocSel=3483230&usuLoginSel=FMENDOZA" "Mozilla/5.0 (Windows NT 6.1; WOW64; rv:14.0) Gecko/20100101 Firefox/14.0.1"
172.16.1.80 - - [06/Sep/2012:08:18:32 -0500] "GET /orfeo/cerrar_session.php?PHPSESSID=120906081745o17216180KESPRIELLA HTTP/1.0" 200 931 "http://orfeo.minsalud.gov.co/orfeo/f_top.php?PHPSESSID=120906081745o17216180KESPRIELLA&fechah=" "Mozilla/5.0 (Windows NT 6.1; WOW64; rv:14.0) Gecko/20100101 Firefox/14.0.1"
172.16.1.80 - - [06/Sep/2012:08:18:32 -0500] "GET /orfeo/cerrar_session.php?PHPSESSID=120906081745o17216180KESPRIELLA HTTP/1.0" 200 931 "http://orfeo.minsalud.gov.co/orfeo/cerrar_session.php?PHPSESSID=120906081745o17216180KESPRIELLA" "Mozilla/5.0 (Windows NT 6.1; WOW64; rv:14.0) Gecko/20100101 Firefox/14.0.1"
172.16.1.80 - - [06/Sep/2012:08:18:34 -0500] "POST /orfeo/radicacion/chequear.php?PHPSESSID=120906075058o17216180DTORRES&krd=DTORRES&dependencia=4230&krd=DTORRES&faxPath= HTTP/1.0" 200 2915 "http://orfeo.minsalud.gov.co/orfeo/radicacion/chequear.php?PHPSESSID=120906075058o17216180DTORRES&krd=DTORRES&dependencia=4230&krd=DTORRES&faxPath=" "Mozilla/5.0 (Windows NT 6.1; rv:14.0) Gecko/20100101 Firefox/14.0.1"
172.16.1.80 - - [06/Sep/2012:08:18:34 -0500] "GET /orfeo/login.php HTTP/1.0" 200 3088 "http://orfeo.minsalud.gov.co/orfeo/cerrar_session.php?PHPSESSID=120906081745o17216180KESPRIELLA" "Mozilla/5.0 (Windows NT 6.1; WOW64; rv:14.0) Gecko/20100101 Firefox/14.0.1"
172.16.1.80 - - [06/Sep/2012:08:18:34 -0500] "GET /orfeo/.orfeo38orfeo.css HTTP/1.0" 404 512 "http://orfeo.minsalud.gov.co/orfeo/login.php" "Mozilla/5.0 (Windows NT 6.1; WOW64; rv:14.0) Gecko/20100101 Firefox/14.0.1"
172.16.1.80 - - [06/Sep/2012:08:18:36 -0500] "GET / HTTP/1.0" 302 338 "-" "Mozilla/5.0 (Windows NT 6.1; WOW64; rv:14.0) Gecko/20100101 Firefox/14.0.1"
172.16.1.80 - - [06/Sep/2012:08:18:36 -0500] "GET /orfeo/index.php HTTP/1.0" 302 331 "-" "Mozilla/5.0 (Windows NT 6.1; WOW64; rv:14.0) Gecko/20100101 Firefox/14.0.1"
172.16.1.80 - - [06/Sep/2012:08:18:36 -0500] "GET /orfeo/login.php HTTP/1.0" 200 3088 "-" "Mozilla/5.0 (Windows NT 6.1; WOW64; rv:14.0) Gecko/20100101 Firefox/14.0.1"
172.16.1.80 - - [06/Sep/2012:08:18:36 -0500] "GET /orfeo/.orfeo38orfeo.css HTTP/1.0" 404 512 "http://orfeo.minsalud.gov.co/orfeo/login.php" "Mozilla/5.0 (Windows NT 6.1; WOW64; rv:14.0) Gecko/20100101 Firefox/14.0.1"
172.16.1.80 - - [06/Sep/2012:08:18:37 -0500] "GET /orfeo/cuerpo.php?busqRadicados=DIEGO&Buscar=Buscar+&PHPSESSID=120906075058o17216180DTORRES&tipo_carp=0&carpeta=0 HTTP/1.0" 200 6385 "http://orfeo.minsalud.gov.co/orfeo/cuerpo.php?busqRadicados=&Buscar=Buscar+&PHPSESSID=120906075058o17216180DTORRES&tipo_carp=0&carpeta=0" "Mozilla/5.0 (Windows NT 6.1; rv:14.0) Gecko/20100101 Firefox/14.0.1"
172.16.1.80 - - [06/Sep/2012:08:18:42 -0500] "POST /orfeo/login.php?fechah=060912_1346937514 HTTP/1.0" 200 1714 "http://orfeo.minsalud.gov.co/orfeo/login.php" "Mozilla/5.0 (Windows NT 6.1; WOW64; rv:14.0) Gecko/20100101 Firefox/14.0.1"
172.16.1.80 - - [06/Sep/2012:08:18:44 -0500] "POST /orfeo/login.php?fechah=20120906_1346937511 HTTP/1.0" 302 642 "http://orfeo.minsalud.gov.co/orfeo/login.php?fechah=060912_1346937506" "Mozilla/5.0 (Windows NT 6.1; WOW64; rv:15.0) Gecko/20100101 Firefox/15.0"
172.16.1.80 - - [06/Sep/2012:08:18:44 -0500] "GET /orfeo/index_frames.php?PHPSESSID=120906081844o17216180SHERNANDEZ&fechah=20120906_1346937524&krd=SHERNANDEZ&swLog=1&orno=1 HTTP/1.0" 200 837 "http://orfeo.minsalud.gov.co/orfeo/login.php?fechah=060912_1346937506" "Mozilla/5.0 (Windows NT 6.1; WOW64; rv:15.0) Gecko/20100101 Firefox/15.0"
172.16.1.80 - - [06/Sep/2012:08:18:44 -0500] "GET /orfeo/f_top.php?PHPSESSID=120906081844o17216180SHERNANDEZ&fechah= HTTP/1.0" 200 2569 "http://orfeo.minsalud.gov.co/orfeo/index_frames.php?PHPSESSID=120906081844o17216180SHERNANDEZ&fechah=20120906_1346937524&krd=SHERNANDEZ&swLog=1&orno=1" "Mozilla/5.0 (Windows NT 6.1; WOW64; rv:15.0) Gecko/20100101 Firefox/15.0"
172.16.1.80 - - [06/Sep/2012:08:18:44 -0500] "GET /orfeo/correspondencia.php?PHPSESSID=120906081844o17216180SHERNANDEZ&fechah= HTTP/1.0" 200 4129 "http://orfeo.minsalud.gov.co/orfeo/index_frames.php?PHPSESSID=120906081844o17216180SHERNANDEZ&fechah=20120906_1346937524&krd=SHERNANDEZ&swLog=1&orno=1" "Mozilla/5.0 (Windows NT 6.1; WOW64; rv:15.0) Gecko/20100101 Firefox/15.0"
172.16.1.80 - - [06/Sep/2012:08:18:44 -0500] "GET /orfeo/alertas/index.php?PHPSESSID=120906081844o17216180SHERNANDEZ&swLog=&fechah=&tipo_alerta=1 HTTP/1.0" 200 2083 "http://orfeo.minsalud.gov.co/orfeo/index_frames.php?PHPSESSID=120906081844o17216180SHERNANDEZ&fechah=20120906_1346937524&krd=SHERNANDEZ&swLog=1&orno=1" "Mozilla/5.0 (Windows NT 6.1; WOW64; rv:15.0) Gecko/20100101 Firefox/15.0"
172.16.1.80 - - [06/Sep/2012:08:18:45 -0500] "POST /orfeo/include/ajax/graficAlert.php HTTP/1.0" 200 367 "http://orfeo.minsalud.gov.co/orfeo/alertas/index.php?PHPSESSID=120906081844o17216180SHERNANDEZ&swLog=&fechah=&tipo_alerta=1" "Mozilla/5.0 (Windows NT 6.1; WOW64; rv:15.0) Gecko/20100101 Firefox/15.0"
172.16.1.80 - - [06/Sep/2012:08:18:45 -0500] "POST /orfeo/radicacion/NEW.php?PHPSESSID=120906075058o17216180DTORRES&dependencia=4230&faxPath= HTTP/1.0" 200 124213 "http://orfeo.minsalud.gov.co/orfeo/radicacion/chequear.php?PHPSESSID=120906075058o17216180DTORRES&krd=DTORRES&dependencia=4230&krd=DTORRES&faxPath=" "Mozilla/5.0 (Windows NT 6.1; rv:14.0) Gecko/20100101 Firefox/14.0.1"
172.16.1.80 - - [06/Sep/2012:08:18:48 -0500] "GET /orfeo/Administracion/formAdministracion.php?PHPSESSID=120906081844o17216180SHERNANDEZ&fechah=060912_1346937524&usr=d41d8cd98f00b204e9800998ecf8427e&primera=1&ent=1 HTTP/1.0" 200 1355 "http://orfeo.minsalud.gov.co/orfeo/correspondencia.php?PHPSESSID=120906081844o17216180SHERNANDEZ&fechah=" "Mozilla/5.0 (Windows NT 6.1; WOW64; rv:15.0) Gecko/20100101 Firefox/15.0"
172.16.1.80 - - [06/Sep/2012:08:18:50 -0500] "GET /orfeo/Administracion/usuario/mnuUsuarios.php?PHPSESSID=120906081844o17216180SHERNANDEZ&krd=SHERNANDEZ HTTP/1.0" 200 983 "http://orfeo.minsalud.gov.co/orfeo/Administracion/formAdministracion.php?PHPSESSID=120906081844o17216180SHERNANDEZ&fechah=060912_1346937524&usr=d41d8cd98f00b204e9800998ecf8427e&primera=1&ent=1" "Mozilla/5.0 (Windows NT 6.1; WOW64; rv:15.0) Gecko/20100101 Firefox/15.0"
172.16.1.80 - - [06/Sep/2012:08:18:51 -0500] "POST /orfeo/login.php?fechah=060912_1346937516 HTTP/1.0" 200 1708 "http://orfeo.minsalud.gov.co/orfeo/login.php" "Mozilla/5.0 (Windows NT 6.1; WOW64; rv:14.0) Gecko/20100101 Firefox/14.0.1"
172.16.1.80 - - [06/Sep/2012:08:18:51 -0500] "GET /favicon.ico HTTP/1.0" 404 509 "-" "Mozilla/5.0 (Windows NT 6.1; WOW64; rv:14.0) Gecko/20100101 Firefox/14.0.1"
172.16.1.80 - - [06/Sep/2012:08:18:51 -0500] "GET /orfeo/Administracion/usuario/cuerpoEdicion.php?PHPSESSID=120906081844o17216180SHERNANDEZ&usModo=2 HTTP/1.0" 200 4280 "http://orfeo.minsalud.gov.co/orfeo/Administracion/usuario/mnuUsuarios.php?PHPSESSID=120906081844o17216180SHERNANDEZ&krd=SHERNANDEZ" "Mozilla/5.0 (Windows NT 6.1; WOW64; rv:15.0) Gecko/20100101 Firefox/15.0"
172.16.1.80 - - [06/Sep/2012:08:18:51 -0500] "GET /js/spiffyCal/spiffyCal_v2_1.css HTTP/1.0" 404 521 "http://orfeo.minsalud.gov.co/orfeo/Administracion/usuario/cuerpoEdicion.php?PHPSESSID=120906081844o17216180SHERNANDEZ&usModo=2" "Mozilla/5.0 (Windows NT 6.1; WOW64; rv:15.0) Gecko/20100101 Firefox/15.0"
172.17.18.35 - - [06/Sep/2012:08:18:53 -0500] "POST /orfeo/usuarionuevo.php HTTP/1.1" 302 614 "http://orfeo.minsalud.gov.co/orfeo/usuarionuevo.php" "Mozilla/5.0 (Windows NT 5.1; rv:14.0) Gecko/20100101 Firefox/14.0.1"
172.17.18.35 - - [06/Sep/2012:08:18:54 -0500] "GET /orfeo/cerrar_session.php HTTP/1.1" 200 931 "http://orfeo.minsalud.gov.co/orfeo/usuarionuevo.php" "Mozilla/5.0 (Windows NT 5.1; rv:14.0) Gecko/20100101 Firefox/14.0.1"
172.17.18.35 - - [06/Sep/2012:08:18:54 -0500] "GET /orfeo/imagenes/cerrarOrfeo.png HTTP/1.1" 200 43361 "http://orfeo.minsalud.gov.co/orfeo/cerrar_session.php" "Mozilla/5.0 (Windows NT 5.1; rv:14.0) Gecko/20100101 Firefox/14.0.1"
172.16.1.80 - - [06/Sep/2012:08:18:54 -0500] "POST /orfeo/usuarionuevo.php HTTP/1.0" 200 824 "http://orfeo.minsalud.gov.co/orfeo/login.php?fechah=060912_1346937514" "Mozilla/5.0 (Windows NT 6.1; WOW64; rv:14.0) Gecko/20100101 Firefox/14.0.1"
172.16.1.80 - - [06/Sep/2012:08:18:55 -0500] "POST /orfeo/usuarionuevo.php HTTP/1.0" 302 614 "http://orfeo.minsalud.gov.co/orfeo/usuarionuevo.php" "Mozilla/5.0 (Windows NT 6.1; WOW64; rv:14.0) Gecko/20100101 Firefox/14.0.1"
172.16.1.80 - - [06/Sep/2012:08:18:56 -0500] "GET /orfeo/cerrar_session.php HTTP/1.0" 200 931 "http://orfeo.minsalud.gov.co/orfeo/usuarionuevo.php" "Mozilla/5.0 (Windows NT 6.1; WOW64; rv:14.0) Gecko/20100101 Firefox/14.0.1"
172.16.1.80 - - [06/Sep/2012:08:18:57 -0500] "POST /orfeo/Administracion/usuario/cuerpoEdicion.php?PHPSESSID=120906081844o17216180SHERNANDEZ&krd=SHERNANDEZ&estado_sal=&tpAnulacion=&estado_sal_max=&pagina_sig=&dep_sel=900&nomcarpeta=Modificacion%20Usuarios HTTP/1.0" 200 3885 "http://orfeo.minsalud.gov.co/orfeo/Administracion/usuario/cuerpoEdicion.php?PHPSESSID=120906081844o17216180SHERNANDEZ&usModo=2" "Mozilla/5.0 (Windows NT 6.1; WOW64; rv:15.0) Gecko/20100101 Firefox/15.0"
172.16.1.80 - - [06/Sep/2012:08:18:57 -0500] "GET /js/spiffyCal/spiffyCal_v2_1.css HTTP/1.0" 404 521 "http://orfeo.minsalud.gov.co/orfeo/Administracion/usuario/cuerpoEdicion.php?PHPSESSID=120906081844o17216180SHERNANDEZ&krd=SHERNANDEZ&estado_sal=&tpAnulacion=&estado_sal_max=&pagina_sig=&dep_sel=900&nomcarpeta=Modificacion%20Usuarios" "Mozilla/5.0 (Windows NT 6.1; WOW64; rv:15.0) Gecko/20100101 Firefox/15.0"
172.16.1.80 - - [06/Sep/2012:08:18:57 -0500] "GET /orfeo/login.php HTTP/1.0" 200 3088 "http://orfeo.minsalud.gov.co/orfeo/cerrar_session.php" "Mozilla/5.0 (Windows NT 6.1; WOW64; rv:14.0) Gecko/20100101 Firefox/14.0.1"
172.16.1.80 - - [06/Sep/2012:08:18:57 -0500] "GET /orfeo/.orfeo38orfeo.css HTTP/1.0" 404 512 "http://orfeo.minsalud.gov.co/orfeo/login.php" "Mozilla/5.0 (Windows NT 6.1; WOW64; rv:14.0) Gecko/20100101 Firefox/14.0.1"
172.17.18.35 - - [06/Sep/2012:08:18:58 -0500] "GET /orfeo/login.php HTTP/1.1" 200 3089 "http://orfeo.minsalud.gov.co/orfeo/cerrar_session.php" "Mozilla/5.0 (Windows NT 5.1; rv:14.0) Gecko/20100101 Firefox/14.0.1"
172.17.18.35 - - [06/Sep/2012:08:18:58 -0500] "GET /orfeo/.orfeo38orfeo.css HTTP/1.1" 404 512 "http://orfeo.minsalud.gov.co/orfeo/login.php" "Mozilla/5.0 (Windows NT 5.1; rv:14.0) Gecko/20100101 Firefox/14.0.1"
172.16.1.80 - - [06/Sep/2012:08:19:01 -0500] "POST /orfeo/usuarionuevo.php HTTP/1.0" 200 822 "http://orfeo.minsalud.gov.co/orfeo/login.php?fechah=060912_1346937516" "Mozilla/5.0 (Windows NT 6.1; WOW64; rv:14.0) Gecko/20100101 Firefox/14.0.1"
172.16.1.80 - - [06/Sep/2012:08:19:03 -0500] "POST /orfeo/login.php?fechah=060912_1346937537 HTTP/1.0" 302 636 "http://orfeo.minsalud.gov.co/orfeo/login.php" "Mozilla/5.0 (Windows NT 6.1; WOW64; rv:14.0) Gecko/20100101 Firefox/14.0.1"
172.16.1.80 - - [06/Sep/2012:08:19:03 -0500] "GET /orfeo/index_frames.php?PHPSESSID=120906081903o17216180FMENDOZA&fechah=20120906_1346937543&krd=FMENDOZA&swLog=1&orno=1 HTTP/1.0" 200 834 "http://orfeo.minsalud.gov.co/orfeo/login.php" "Mozilla/5.0 (Windows NT 6.1; WOW64; rv:14.0) Gecko/20100101 Firefox/14.0.1"
172.16.1.80 - - [06/Sep/2012:08:19:03 -0500] "GET /orfeo/f_top.php?PHPSESSID=120906081903o17216180FMENDOZA&fechah= HTTP/1.0" 200 2565 "http://orfeo.minsalud.gov.co/orfeo/index_frames.php?PHPSESSID=120906081903o17216180FMENDOZA&fechah=20120906_1346937543&krd=FMENDOZA&swLog=1&orno=1" "Mozilla/5.0 (Windows NT 6.1; WOW64; rv:14.0) Gecko/20100101 Firefox/14.0.1"
172.16.1.80 - - [06/Sep/2012:08:19:03 -0500] "GET /orfeo/alertas/index.php?PHPSESSID=120906081903o17216180FMENDOZA&swLog=&fechah=&tipo_alerta=1 HTTP/1.0" 200 2086 "http://orfeo.minsalud.gov.co/orfeo/index_frames.php?PHPSESSID=120906081903o17216180FMENDOZA&fechah=20120906_1346937543&krd=FMENDOZA&swLog=1&orno=1" "Mozilla/5.0 (Windows NT 6.1; WOW64; rv:14.0) Gecko/20100101 Firefox/14.0.1"
172.16.1.80 - - [06/Sep/2012:08:19:03 -0500] "GET /orfeo/correspondencia.php?PHPSESSID=120906081903o17216180FMENDOZA&fechah= HTTP/1.0" 200 4031 "http://orfeo.minsalud.gov.co/orfeo/index_frames.php?PHPSESSID=120906081903o17216180FMENDOZA&fechah=20120906_1346937543&krd=FMENDOZA&swLog=1&orno=1" "Mozilla/5.0 (Windows NT 6.1; WOW64; rv:14.0) Gecko/20100101 Firefox/14.0.1"
172.16.1.80 - - [06/Sep/2012:08:19:04 -0500] "POST /orfeo/include/ajax/graficAlert.php HTTP/1.0" 200 367 "http://orfeo.minsalud.gov.co/orfeo/alertas/index.php?PHPSESSID=120906081903o17216180FMENDOZA&swLog=&fechah=&tipo_alerta=1" "Mozilla/5.0 (Windows NT 6.1; WOW64; rv:14.0) Gecko/20100101 Firefox/14.0.1"
172.16.1.80 - - [06/Sep/2012:08:19:05 -0500] "POST /orfeo/usuarionuevo.php HTTP/1.0" 302 614 "http://orfeo.minsalud.gov.co/orfeo/usuarionuevo.php" "Mozilla/5.0 (Windows NT 6.1; WOW64; rv:14.0) Gecko/20100101 Firefox/14.0.1"
172.16.1.80 - - [06/Sep/2012:08:19:05 -0500] "GET /orfeo/cerrar_session.php HTTP/1.0" 200 931 "http://orfeo.minsalud.gov.co/orfeo/usuarionuevo.php" "Mozilla/5.0 (Windows NT 6.1; WOW64; rv:14.0) Gecko/20100101 Firefox/14.0.1"
172.16.1.80 - - [06/Sep/2012:08:19:05 -0500] "GET /orfeo/Administracion/usuario/crear.php?usModo=2&PHPSESSID=120906081844o17216180SHERNANDEZ&valRadio=5950474-adiagama HTTP/1.0" 200 3981 "http://orfeo.minsalud.gov.co/orfeo/Administracion/usuario/cuerpoEdicion.php?PHPSESSID=120906081844o17216180SHERNANDEZ&krd=SHERNANDEZ&estado_sal=&tpAnulacion=&estado_sal_max=&pagina_sig=&dep_sel=900&nomcarpeta=Modificacion%20Usuarios" "Mozilla/5.0 (Windows NT 6.1; WOW64; rv:15.0) Gecko/20100101 Firefox/15.0"
172.16.1.80 - - [06/Sep/2012:08:19:08 -0500] "GET /orfeo/radicacion/buscar_usuario.php?&nombreTp1=REMITENTE&nombreTp2=REMITENTE2&nombreTp3=ENTIDAD&busq_salida=&ent=2 HTTP/1.0" 200 68388 "http://orfeo.minsalud.gov.co/orfeo/radicacion/NEW.php?PHPSESSID=120906075058o17216180DTORRES&dependencia=4230&faxPath=" "Mozilla/5.0 (Windows NT 6.1; rv:14.0) Gecko/20100101 Firefox/14.0.1"
172.16.1.80 - - [06/Sep/2012:08:19:08 -0500] "GET /favicon.ico HTTP/1.0" 404 509 "-" "Mozilla/5.0 (Windows NT 6.1; rv:14.0) Gecko/20100101 Firefox/14.0.1"
172.16.1.80 - - [06/Sep/2012:08:19:11 -0500] "GET /orfeo/login.php HTTP/1.0" 200 3088 "http://orfeo.minsalud.gov.co/orfeo/cerrar_session.php" "Mozilla/5.0 (Windows NT 6.1; WOW64; rv:14.0) Gecko/20100101 Firefox/14.0.1"
172.16.1.80 - - [06/Sep/2012:08:19:11 -0500] "GET /orfeo/.orfeo38orfeo.css HTTP/1.0" 404 512 "http://orfeo.minsalud.gov.co/orfeo/login.php" "Mozilla/5.0 (Windows NT 6.1; WOW64; rv:14.0) Gecko/20100101 Firefox/14.0.1"
172.17.18.35 - - [06/Sep/2012:08:19:17 -0500] "POST /orfeo/login.php?fechah=060912_1346937538 HTTP/1.1" 302 632 "http://orfeo.minsalud.gov.co/orfeo/login.php" "Mozilla/5.0 (Windows NT 5.1; rv:14.0) Gecko/20100101 Firefox/14.0.1"
172.17.18.35 - - [06/Sep/2012:08:19:17 -0500] "GET /orfeo/index_frames.php?PHPSESSID=120906081917o172171835LFDIAZ&fechah=20120906_1346937557&krd=LFDIAZ&swLog=1&orno=1 HTTP/1.1" 200 834 "http://orfeo.minsalud.gov.co/orfeo/login.php" "Mozilla/5.0 (Windows NT 5.1; rv:14.0) Gecko/20100101 Firefox/14.0.1"
172.17.18.35 - - [06/Sep/2012:08:19:17 -0500] "GET /orfeo/f_top.php?PHPSESSID=120906081917o172171835LFDIAZ&fechah= HTTP/1.1" 200 2564 "http://orfeo.minsalud.gov.co/orfeo/index_frames.php?PHPSESSID=120906081917o172171835LFDIAZ&fechah=20120906_1346937557&krd=LFDIAZ&swLog=1&orno=1" "Mozilla/5.0 (Windows NT 5.1; rv:14.0) Gecko/20100101 Firefox/14.0.1"
172.17.18.35 - - [06/Sep/2012:08:19:17 -0500] "GET /orfeo/imagenes/logo.gif HTTP/1.1" 200 14164 "http://orfeo.minsalud.gov.co/orfeo/f_top.php?PHPSESSID=120906081917o172171835LFDIAZ&fechah=" "Mozilla/5.0 (Windows NT 5.1; rv:14.0) Gecko/20100101 Firefox/14.0.1"
172.17.18.35 - - [06/Sep/2012:08:19:17 -0500] "GET /orfeo/imagenes/carritoOn.gif HTTP/1.1" 200 1189 "http://orfeo.minsalud.gov.co/orfeo/f_top.php?PHPSESSID=120906081917o172171835LFDIAZ&fechah=" "Mozilla/5.0 (Windows NT 5.1; rv:14.0) Gecko/20100101 Firefox/14.0.1"
172.17.18.35 - - [06/Sep/2012:08:19:18 -0500] "GET /orfeo/imagenes/carritoOff.gif HTTP/1.1" 200 401 "http://orfeo.minsalud.gov.co/orfeo/f_top.php?PHPSESSID=120906081917o172171835LFDIAZ&fechah=" "Mozilla/5.0 (Windows NT 5.1; rv:14.0) Gecko/20100101 Firefox/14.0.1"
172.17.18.35 - - [06/Sep/2012:08:19:17 -0500] "GET /orfeo/alertas/index.php?PHPSESSID=120906081917o172171835LFDIAZ&swLog=&fechah=&tipo_alerta=1 HTTP/1.1" 200 2085 "http://orfeo.minsalud.gov.co/orfeo/index_frames.php?PHPSESSID=120906081917o172171835LFDIAZ&fechah=20120906_1346937557&krd=LFDIAZ&swLog=1&orno=1" "Mozilla/5.0 (Windows NT 5.1; rv:14.0) Gecko/20100101 Firefox/14.0.1"
172.17.18.35 - - [06/Sep/2012:08:19:18 -0500] "GET /orfeo/estilos//orfeo.css HTTP/1.1" 200 1369 "http://orfeo.minsalud.gov.co/orfeo/alertas/index.php?PHPSESSID=120906081917o172171835LFDIAZ&swLog=&fechah=&tipo_alerta=1" "Mozilla/5.0 (Windows NT 5.1; rv:14.0) Gecko/20100101 Firefox/14.0.1"
172.17.18.35 - - [06/Sep/2012:08:19:18 -0500] "GET /orfeo/js/jquery-1.4.2.min.js HTTP/1.1" 200 25048 "http://orfeo.minsalud.gov.co/orfeo/f_top.php?PHPSESSID=120906081917o172171835LFDIAZ&fechah=" "Mozilla/5.0 (Windows NT 5.1; rv:14.0) Gecko/20100101 Firefox/14.0.1"
172.17.18.35 - - [06/Sep/2012:08:19:18 -0500] "GET /orfeo/js/ajaxSessionRads.js HTTP/1.1" 200 779 "http://orfeo.minsalud.gov.co/orfeo/f_top.php?PHPSESSID=120906081917o172171835LFDIAZ&fechah=" "Mozilla/5.0 (Windows NT 5.1; rv:14.0) Gecko/20100101 Firefox/14.0.1"
172.17.18.35 - - [06/Sep/2012:08:19:18 -0500] "GET /orfeo/js/jqplot.pieRenderer.js HTTP/1.1" 200 7402 "http://orfeo.minsalud.gov.co/orfeo/alertas/index.php?PHPSESSID=120906081917o172171835LFDIAZ&swLog=&fechah=&tipo_alerta=1" "Mozilla/5.0 (Windows NT 5.1; rv:14.0) Gecko/20100101 Firefox/14.0.1"
172.17.18.35 - - [06/Sep/2012:08:19:18 -0500] "GET /orfeo/js/jqplot.barRenderer.js HTTP/1.1" 200 5379 "http://orfeo.minsalud.gov.co/orfeo/alertas/index.php?PHPSESSID=120906081917o172171835LFDIAZ&swLog=&fechah=&tipo_alerta=1" "Mozilla/5.0 (Windows NT 5.1; rv:14.0) Gecko/20100101 Firefox/14.0.1"
172.17.18.35 - - [06/Sep/2012:08:19:18 -0500] "GET /orfeo/js/jqplot.canvasAxisLabelRenderer.js HTTP/1.1" 200 2802 "http://orfeo.minsalud.gov.co/orfeo/alertas/index.php?PHPSESSID=120906081917o172171835LFDIAZ&swLog=&fechah=&tipo_alerta=1" "Mozilla/5.0 (Windows NT 5.1; rv:14.0) Gecko/20100101 Firefox/14.0.1"
172.17.18.35 - - [06/Sep/2012:08:19:18 -0500] "GET /orfeo/js/jqplot.categoryAxisRenderer.js HTTP/1.1" 200 5337 "http://orfeo.minsalud.gov.co/orfeo/alertas/index.php?PHPSESSID=120906081917o172171835LFDIAZ&swLog=&fechah=&tipo_alerta=1" "Mozilla/5.0 (Windows NT 5.1; rv:14.0) Gecko/20100101 Firefox/14.0.1"
172.17.18.35 - - [06/Sep/2012:08:19:18 -0500] "GET /orfeo/js/jquery.jqplot.js HTTP/1.1" 200 55194 "http://orfeo.minsalud.gov.co/orfeo/alertas/index.php?PHPSESSID=120906081917o172171835LFDIAZ&swLog=&fechah=&tipo_alerta=1" "Mozilla/5.0 (Windows NT 5.1; rv:14.0) Gecko/20100101 Firefox/14.0.1"
172.17.18.35 - - [06/Sep/2012:08:19:18 -0500] "GET /orfeo/logoEntidad.gif HTTP/1.1" 200 5595 "http://orfeo.minsalud.gov.co/orfeo/alertas/index.php?PHPSESSID=120906081917o172171835LFDIAZ&swLog=&fechah=&tipo_alerta=1" "Mozilla/5.0 (Windows NT 5.1; rv:14.0) Gecko/20100101 Firefox/14.0.1"
172.17.18.35 - - [06/Sep/2012:08:19:18 -0500] "GET /orfeo/js/jqplot.canvasAxisTickRenderer.js HTTP/1.1" 200 3168 "http://orfeo.minsalud.gov.co/orfeo/alertas/index.php?PHPSESSID=120906081917o172171835LFDIAZ&swLog=&fechah=&tipo_alerta=1" "Mozilla/5.0 (Windows NT 5.1; rv:14.0) Gecko/20100101 Firefox/14.0.1"
172.17.18.35 - - [06/Sep/2012:08:19:17 -0500] "GET /orfeo/correspondencia.php?PHPSESSID=120906081917o172171835LFDIAZ&fechah= HTTP/1.1" 200 3897 "http://orfeo.minsalud.gov.co/orfeo/index_frames.php?PHPSESSID=120906081917o172171835LFDIAZ&fechah=20120906_1346937557&krd=LFDIAZ&swLog=1&orno=1" "Mozilla/5.0 (Windows NT 5.1; rv:14.0) Gecko/20100101 Firefox/14.0.1"
172.17.18.35 - - [06/Sep/2012:08:19:18 -0500] "GET /orfeo/js/jqplot.pointLabels.min.js HTTP/1.1" 200 2422 "http://orfeo.minsalud.gov.co/orfeo/alertas/index.php?PHPSESSID=120906081917o172171835LFDIAZ&swLog=&fechah=&tipo_alerta=1" "Mozilla/5.0 (Windows NT 5.1; rv:14.0) Gecko/20100101 Firefox/14.0.1"
172.17.18.35 - - [06/Sep/2012:08:19:18 -0500] "GET /orfeo/js/jqplot.canvasTextRenderer.js HTTP/1.1" 200 5159 "http://orfeo.minsalud.gov.co/orfeo/alertas/index.php?PHPSESSID=120906081917o172171835LFDIAZ&swLog=&fechah=&tipo_alerta=1" "Mozilla/5.0 (Windows NT 5.1; rv:14.0) Gecko/20100101 Firefox/14.0.1"
172.17.18.35 - - [06/Sep/2012:08:19:18 -0500] "GET /orfeo/js/graficosRadi.js HTTP/1.1" 200 1680 "http://orfeo.minsalud.gov.co/orfeo/alertas/index.php?PHPSESSID=120906081917o172171835LFDIAZ&swLog=&fechah=&tipo_alerta=1" "Mozilla/5.0 (Windows NT 5.1; rv:14.0) Gecko/20100101 Firefox/14.0.1"
172.16.1.80 - - [06/Sep/2012:08:19:18 -0500] "POST /orfeo/Administracion/usuario/validar.php HTTP/1.0" 200 2357 "http://orfeo.minsalud.gov.co/orfeo/Administracion/usuario/crear.php?usModo=2&PHPSESSID=120906081844o17216180SHERNANDEZ&valRadio=5950474-adiagama" "Mozilla/5.0 (Windows NT 6.1; WOW64; rv:15.0) Gecko/20100101 Firefox/15.0"
172.17.18.35 - - [06/Sep/2012:08:19:18 -0500] "GET /orfeo/imagenes/cabezote_r1_c2.gif HTTP/1.1" 200 1130 "http://orfeo.minsalud.gov.co/orfeo/f_top.php?PHPSESSID=120906081917o172171835LFDIAZ&fechah=" "Mozilla/5.0 (Windows NT 5.1; rv:14.0) Gecko/20100101 Firefox/14.0.1"
172.17.18.35 - - [06/Sep/2012:08:19:18 -0500] "GET /orfeo/imagenes/carritoD2.gif HTTP/1.1" 200 651 "http://orfeo.minsalud.gov.co/orfeo/f_top.php?PHPSESSID=120906081917o172171835LFDIAZ&fechah=" "Mozilla/5.0 (Windows NT 5.1; rv:14.0) Gecko/20100101 Firefox/14.0.1"
172.17.18.35 - - [06/Sep/2012:08:19:18 -0500] "GET /orfeo/imagenes/plant.gif HTTP/1.1" 200 653 "http://orfeo.minsalud.gov.co/orfeo/f_top.php?PHPSESSID=120906081917o172171835LFDIAZ&fechah=" "Mozilla/5.0 (Windows NT 5.1; rv:14.0) Gecko/20100101 Firefox/14.0.1"
172.17.18.35 - - [06/Sep/2012:08:19:18 -0500] "GET /orfeo/imagenes/ayuda.gif HTTP/1.1" 200 643 "http://orfeo.minsalud.gov.co/orfeo/f_top.php?PHPSESSID=120906081917o172171835LFDIAZ&fechah=" "Mozilla/5.0 (Windows NT 5.1; rv:14.0) Gecko/20100101 Firefox/14.0.1"
172.17.18.35 - - [06/Sep/2012:08:19:18 -0500] "GET /orfeo/imagenes/contrasena.gif HTTP/1.1" 200 855 "http://orfeo.minsalud.gov.co/orfeo/f_top.php?PHPSESSID=120906081917o172171835LFDIAZ&fechah=" "Mozilla/5.0 (Windows NT 5.1; rv:14.0) Gecko/20100101 Firefox/14.0.1"
172.17.18.35 - - [06/Sep/2012:08:19:18 -0500] "GET /orfeo/imagenes/estadistic.gif HTTP/1.1" 200 857 "http://orfeo.minsalud.gov.co/orfeo/f_top.php?PHPSESSID=120906081917o172171835LFDIAZ&fechah=" "Mozilla/5.0 (Windows NT 5.1; rv:14.0) Gecko/20100101 Firefox/14.0.1"
172.17.18.35 - - [06/Sep/2012:08:19:18 -0500] "GET /orfeo/imagenes/salir.gif HTTP/1.1" 200 685 "http://orfeo.minsalud.gov.co/orfeo/f_top.php?PHPSESSID=120906081917o172171835LFDIAZ&fechah=" "Mozilla/5.0 (Windows NT 5.1; rv:14.0) Gecko/20100101 Firefox/14.0.1"
172.17.18.35 - - [06/Sep/2012:08:19:18 -0500] "GET /orfeo/imagenes/info.gif HTTP/1.1" 200 640 "http://orfeo.minsalud.gov.co/orfeo/f_top.php?PHPSESSID=120906081917o172171835LFDIAZ&fechah=" "Mozilla/5.0 (Windows NT 5.1; rv:14.0) Gecko/20100101 Firefox/14.0.1"
172.17.18.35 - - [06/Sep/2012:08:19:18 -0500] "GET /orfeo/imagenes/soporte.gif HTTP/1.1" 200 653 "http://orfeo.minsalud.gov.co/orfeo/f_top.php?PHPSESSID=120906081917o172171835LFDIAZ&fechah=" "Mozilla/5.0 (Windows NT 5.1; rv:14.0) Gecko/20100101 Firefox/14.0.1"
172.17.18.35 - - [06/Sep/2012:08:19:18 -0500] "GET /orfeo/imagenes/creditos.gif HTTP/1.1" 200 902 "http://orfeo.minsalud.gov.co/orfeo/f_top.php?PHPSESSID=120906081917o172171835LFDIAZ&fechah=" "Mozilla/5.0 (Windows NT 5.1; rv:14.0) Gecko/20100101 Firefox/14.0.1"
172.17.18.35 - - [06/Sep/2012:08:19:18 -0500] "GET /orfeo/imagenes/menu_r3_c1.gif HTTP/1.1" 200 946 "http://orfeo.minsalud.gov.co/orfeo/correspondencia.php?PHPSESSID=120906081917o172171835LFDIAZ&fechah=" "Mozilla/5.0 (Windows NT 5.1; rv:14.0) Gecko/20100101 Firefox/14.0.1"
172.17.18.35 - - [06/Sep/2012:08:19:18 -0500] "GET /orfeo/imagenes/menu_r5_c1.gif HTTP/1.1" 200 910 "http://orfeo.minsalud.gov.co/orfeo/correspondencia.php?PHPSESSID=120906081917o172171835LFDIAZ&fechah=" "Mozilla/5.0 (Windows NT 5.1; rv:14.0) Gecko/20100101 Firefox/14.0.1"
172.17.18.35 - - [06/Sep/2012:08:19:18 -0500] "GET /orfeo/imagenes/menu_r1_c1.gif HTTP/1.1" 200 823 "http://orfeo.minsalud.gov.co/orfeo/correspondencia.php?PHPSESSID=120906081917o172171835LFDIAZ&fechah=" "Mozilla/5.0 (Windows NT 5.1; rv:14.0) Gecko/20100101 Firefox/14.0.1"
172.17.18.35 - - [06/Sep/2012:08:19:18 -0500] "GET /orfeo/include/xajax/xajax_js/xajax.js HTTP/1.1" 200 5203 "http://orfeo.minsalud.gov.co/orfeo/correspondencia.php?PHPSESSID=120906081917o172171835LFDIAZ&fechah=" "Mozilla/5.0 (Windows NT 5.1; rv:14.0) Gecko/20100101 Firefox/14.0.1"
172.17.18.35 - - [06/Sep/2012:08:19:18 -0500] "POST /orfeo/include/ajax/graficAlert.php HTTP/1.1" 200 366 "http://orfeo.minsalud.gov.co/orfeo/alertas/index.php?PHPSESSID=120906081917o172171835LFDIAZ&swLog=&fechah=&tipo_alerta=1" "Mozilla/5.0 (Windows NT 5.1; rv:14.0) Gecko/20100101 Firefox/14.0.1"
172.16.1.80 - - [06/Sep/2012:08:19:20 -0500] "GET /orfeo/login.php HTTP/1.0" 200 3088 "http://orfeo.minsalud.gov.co/orfeo/cerrar_session.php" "Mozilla/5.0 (Windows NT 5.1; rv:12.0) Gecko/20100101 Firefox/12.0"
172.16.1.80 - - [06/Sep/2012:08:19:20 -0500] "GET /orfeo/.orfeo38orfeo.css HTTP/1.0" 404 512 "http://orfeo.minsalud.gov.co/orfeo/login.php" "Mozilla/5.0 (Windows NT 5.1; rv:12.0) Gecko/20100101 Firefox/12.0"
172.16.1.80 - - [06/Sep/2012:08:19:23 -0500] "POST /orfeo/login.php?fechah=060912_1346937551 HTTP/1.0" 302 630 "http://orfeo.minsalud.gov.co/orfeo/login.php" "Mozilla/5.0 (Windows NT 6.1; WOW64; rv:14.0) Gecko/20100101 Firefox/14.0.1"
172.16.1.80 - - [06/Sep/2012:08:19:23 -0500] "GET /orfeo/index_frames.php?PHPSESSID=120906081923o17216180MPARRA&fechah=20120906_1346937563&krd=MPARRA&swLog=1&orno=1 HTTP/1.0" 200 832 "http://orfeo.minsalud.gov.co/orfeo/login.php" "Mozilla/5.0 (Windows NT 6.1; WOW64; rv:14.0) Gecko/20100101 Firefox/14.0.1"
172.16.1.80 - - [06/Sep/2012:08:19:24 -0500] "GET /orfeo/f_top.php?PHPSESSID=120906081923o17216180MPARRA&fechah= HTTP/1.0" 200 2564 "http://orfeo.minsalud.gov.co/orfeo/index_frames.php?PHPSESSID=120906081923o17216180MPARRA&fechah=20120906_1346937563&krd=MPARRA&swLog=1&orno=1" "Mozilla/5.0 (Windows NT 6.1; WOW64; rv:14.0) Gecko/20100101 Firefox/14.0.1"
172.16.1.80 - - [06/Sep/2012:08:19:24 -0500] "GET /orfeo/correspondencia.php?PHPSESSID=120906081923o17216180MPARRA&fechah= HTTP/1.0" 200 3896 "http://orfeo.minsalud.gov.co/orfeo/index_frames.php?PHPSESSID=120906081923o17216180MPARRA&fechah=20120906_1346937563&krd=MPARRA&swLog=1&orno=1" "Mozilla/5.0 (Windows NT 6.1; WOW64; rv:14.0) Gecko/20100101 Firefox/14.0.1"
172.16.1.80 - - [06/Sep/2012:08:19:24 -0500] "GET /orfeo/alertas/index.php?PHPSESSID=120906081923o17216180MPARRA&swLog=&fechah=&tipo_alerta=1 HTTP/1.0" 200 2083 "http://orfeo.minsalud.gov.co/orfeo/index_frames.php?PHPSESSID=120906081923o17216180MPARRA&fechah=20120906_1346937563&krd=MPARRA&swLog=1&orno=1" "Mozilla/5.0 (Windows NT 6.1; WOW64; rv:14.0) Gecko/20100101 Firefox/14.0.1"
172.16.1.80 - - [06/Sep/2012:08:19:24 -0500] "POST /orfeo/include/ajax/graficAlert.php HTTP/1.0" 200 367 "http://orfeo.minsalud.gov.co/orfeo/alertas/index.php?PHPSESSID=120906081923o17216180MPARRA&swLog=&fechah=&tipo_alerta=1" "Mozilla/5.0 (Windows NT 6.1; WOW64; rv:14.0) Gecko/20100101 Firefox/14.0.1"
172.17.6.45 - - [06/Sep/2012:08:19:26 -0500] "GET / HTTP/1.1" 302 339 "-" "Mozilla/5.0 (Windows NT 6.1; rv:9.0.1) Gecko/20100101 Firefox/9.0.1"
172.17.6.45 - - [06/Sep/2012:08:19:26 -0500] "GET /orfeo/index.php HTTP/1.1" 302 331 "-" "Mozilla/5.0 (Windows NT 6.1; rv:9.0.1) Gecko/20100101 Firefox/9.0.1"
172.17.6.45 - - [06/Sep/2012:08:19:27 -0500] "GET /orfeo/login.php HTTP/1.1" 200 3089 "-" "Mozilla/5.0 (Windows NT 6.1; rv:9.0.1) Gecko/20100101 Firefox/9.0.1"
172.17.6.45 - - [06/Sep/2012:08:19:27 -0500] "GET /orfeo/logoEntidad.png HTTP/1.1" 200 5299 "http://orfeo.minsalud.gov.co/orfeo/login.php" "Mozilla/5.0 (Windows NT 6.1; rv:9.0.1) Gecko/20100101 Firefox/9.0.1"
172.17.6.45 - - [06/Sep/2012:08:19:27 -0500] "GET /orfeo/imagenes/gnu.gif HTTP/1.1" 200 3203 "-" "Mozilla/5.0 (Windows NT 6.1; rv:9.0.1) Gecko/20100101 Firefox/9.0.1"
172.17.6.45 - - [06/Sep/2012:08:19:27 -0500] "GET /orfeo/.orfeo38orfeo.css HTTP/1.1" 404 512 "http://orfeo.minsalud.gov.co/orfeo/login.php" "Mozilla/5.0 (Windows NT 6.1; rv:9.0.1) Gecko/20100101 Firefox/9.0.1"
172.17.6.45 - - [06/Sep/2012:08:19:27 -0500] "GET /orfeo/imagenes/index_web_login.jpg HTTP/1.1" 200 41749 "http://orfeo.minsalud.gov.co/orfeo/login.php" "Mozilla/5.0 (Windows NT 6.1; rv:9.0.1) Gecko/20100101 Firefox/9.0.1"
172.16.1.80 - - [06/Sep/2012:08:19:28 -0500] "GET /orfeo/cuerpo.php?PHPSESSID=120906081923o17216180MPARRA&adodb_next_page=1&fechah=060912_1346937564&nomcarpeta=Entrada&carpeta=0&tipo_carpt=0&adodb_next_page=1 HTTP/1.0" 200 6931 "http://orfeo.minsalud.gov.co/orfeo/correspondencia.php?PHPSESSID=120906081923o17216180MPARRA&fechah=" "Mozilla/5.0 (Windows NT 6.1; WOW64; rv:14.0) Gecko/20100101 Firefox/14.0.1"
172.16.1.241 - - [06/Sep/2012:08:19:34 -0500] "OPTIONS * HTTP/1.0" 200 152 "-" "Apache/2.2.16 (Debian) (internal dummy connection)"
172.16.1.80 - - [06/Sep/2012:08:19:36 -0500] "GET /orfeo/cuerpo.php?PHPSESSID=120906081923o17216180MPARRA&adodb_next_page=1&fechah=060912_1346937564&nomcarpeta=Entrada&carpeta=0&tipo_carpt=0&adodb_next_page=1 HTTP/1.0" 200 6931 "http://orfeo.minsalud.gov.co/orfeo/correspondencia.php?PHPSESSID=120906081923o17216180MPARRA&fechah=" "Mozilla/5.0 (Windows NT 6.1; WOW64; rv:14.0) Gecko/20100101 Firefox/14.0.1"
172.16.1.241 - - [06/Sep/2012:08:19:39 -0500] "OPTIONS * HTTP/1.0" 200 152 "-" "Apache/2.2.16 (Debian) (internal dummy connection)"
172.16.1.80 - - [06/Sep/2012:08:19:40 -0500] "GET /orfeo/Administracion/formAdministracion.php?PHPSESSID=120906081844o17216180SHERNANDEZ&fechah=060912_1346937524&usr=d41d8cd98f00b204e9800998ecf8427e&primera=1&ent=1 HTTP/1.0" 200 1355 "http://orfeo.minsalud.gov.co/orfeo/correspondencia.php?PHPSESSID=120906081844o17216180SHERNANDEZ&fechah=" "Mozilla/5.0 (Windows NT 6.1; WOW64; rv:15.0) Gecko/20100101 Firefox/15.0"
172.16.1.241 - - [06/Sep/2012:08:19:40 -0500] "OPTIONS * HTTP/1.0" 200 152 "-" "Apache/2.2.16 (Debian) (internal dummy connection)"
172.16.1.80 - - [06/Sep/2012:08:19:41 -0500] "GET /orfeo/Administracion/usuario/mnuUsuarios.php?PHPSESSID=120906081844o17216180SHERNANDEZ&krd=SHERNANDEZ HTTP/1.0" 200 983 "http://orfeo.minsalud.gov.co/orfeo/Administracion/formAdministracion.php?PHPSESSID=120906081844o17216180SHERNANDEZ&fechah=060912_1346937524&usr=d41d8cd98f00b204e9800998ecf8427e&primera=1&ent=1" "Mozilla/5.0 (Windows NT 6.1; WOW64; rv:15.0) Gecko/20100101 Firefox/15.0"
172.16.1.241 - - [06/Sep/2012:08:19:42 -0500] "OPTIONS * HTTP/1.0" 200 152 "-" "Apache/2.2.16 (Debian) (internal dummy connection)"
172.16.1.80 - - [06/Sep/2012:08:19:43 -0500] "GET /orfeo/Administracion/usuario/cuerpoEdicion.php?PHPSESSID=120906081844o17216180SHERNANDEZ&usModo=2 HTTP/1.0" 200 4280 "http://orfeo.minsalud.gov.co/orfeo/Administracion/usuario/mnuUsuarios.php?PHPSESSID=120906081844o17216180SHERNANDEZ&krd=SHERNANDEZ" "Mozilla/5.0 (Windows NT 6.1; WOW64; rv:15.0) Gecko/20100101 Firefox/15.0"
172.16.1.241 - - [06/Sep/2012:08:19:43 -0500] "OPTIONS * HTTP/1.0" 200 152 "-" "Apache/2.2.16 (Debian) (internal dummy connection)"
172.16.1.80 - - [06/Sep/2012:08:19:43 -0500] "GET /js/spiffyCal/spiffyCal_v2_1.css HTTP/1.0" 404 521 "http://orfeo.minsalud.gov.co/orfeo/Administracion/usuario/cuerpoEdicion.php?PHPSESSID=120906081844o17216180SHERNANDEZ&usModo=2" "Mozilla/5.0 (Windows NT 6.1; WOW64; rv:15.0) Gecko/20100101 Firefox/15.0"
172.16.1.241 - - [06/Sep/2012:08:19:44 -0500] "OPTIONS * HTTP/1.0" 200 152 "-" "Apache/2.2.16 (Debian) (internal dummy connection)"
172.17.18.35 - - [06/Sep/2012:08:19:46 -0500] "GET /orfeo/correspondencia.php?PHPSESSID=120906081917o172171835LFDIAZ&fechah= HTTP/1.1" 200 3898 "http://orfeo.minsalud.gov.co/orfeo/index_frames.php?PHPSESSID=120906081917o172171835LFDIAZ&fechah=20120906_1346937557&krd=LFDIAZ&swLog=1&orno=1" "Mozilla/5.0 (Windows NT 5.1; rv:14.0) Gecko/20100101 Firefox/14.0.1"
172.17.18.35 - - [06/Sep/2012:08:19:46 -0500] "GET /orfeo/estilos/orfeo38/orfeo.css HTTP/1.1" 304 212 "http://orfeo.minsalud.gov.co/orfeo/correspondencia.php?PHPSESSID=120906081917o172171835LFDIAZ&fechah=" "Mozilla/5.0 (Windows NT 5.1; rv:14.0) Gecko/20100101 Firefox/14.0.1"
172.17.18.35 - - [06/Sep/2012:08:19:47 -0500] "GET /orfeo/include/xajax/xajax_js/xajax.js HTTP/1.1" 304 213 "http://orfeo.minsalud.gov.co/orfeo/correspondencia.php?PHPSESSID=120906081917o172171835LFDIAZ&fechah=" "Mozilla/5.0 (Windows NT 5.1; rv:14.0) Gecko/20100101 Firefox/14.0.1"
172.17.18.35 - - [06/Sep/2012:08:19:47 -0500] "GET /orfeo/imagenes/menu_r5_c1.gif HTTP/1.1" 304 188 "http://orfeo.minsalud.gov.co/orfeo/correspondencia.php?PHPSESSID=120906081917o172171835LFDIAZ&fechah=" "Mozilla/5.0 (Windows NT 5.1; rv:14.0) Gecko/20100101 Firefox/14.0.1"
172.17.18.35 - - [06/Sep/2012:08:19:47 -0500] "GET /orfeo/imagenes/menu_r3_c1.gif HTTP/1.1" 304 188 "http://orfeo.minsalud.gov.co/orfeo/correspondencia.php?PHPSESSID=120906081917o172171835LFDIAZ&fechah=" "Mozilla/5.0 (Windows NT 5.1; rv:14.0) Gecko/20100101 Firefox/14.0.1"
172.17.18.35 - - [06/Sep/2012:08:19:47 -0500] "GET /orfeo/imagenes/menu_r1_c1.gif HTTP/1.1" 304 189 "http://orfeo.minsalud.gov.co/orfeo/correspondencia.php?PHPSESSID=120906081917o172171835LFDIAZ&fechah=" "Mozilla/5.0 (Windows NT 5.1; rv:14.0) Gecko/20100101 Firefox/14.0.1"
172.17.6.45 - - [06/Sep/2012:08:19:48 -0500] "POST /orfeo/login.php?fechah=060912_1346937567 HTTP/1.1" 200 1713 "http://orfeo.minsalud.gov.co/orfeo/login.php" "Mozilla/5.0 (Windows NT 6.1; rv:9.0.1) Gecko/20100101 Firefox/9.0.1"
172.17.6.45 - - [06/Sep/2012:08:19:48 -0500] "GET /orfeo/estilos/orfeo38/orfeo.css HTTP/1.1" 200 2700 "http://orfeo.minsalud.gov.co/orfeo/login.php?fechah=060912_1346937567" "Mozilla/5.0 (Windows NT 6.1; rv:9.0.1) Gecko/20100101 Firefox/9.0.1"
172.17.6.45 - - [06/Sep/2012:08:19:48 -0500] "GET /favicon.ico HTTP/1.1" 404 509 "-" "Mozilla/5.0 (Windows NT 6.1; rv:9.0.1) Gecko/20100101 Firefox/9.0.1"
172.17.6.45 - - [06/Sep/2012:08:19:48 -0500] "GET /favicon.ico HTTP/1.1" 404 509 "-" "Mozilla/5.0 (Windows NT 6.1; rv:9.0.1) Gecko/20100101 Firefox/9.0.1"
172.17.6.45 - - [06/Sep/2012:08:19:48 -0500] "GET /favicon.ico HTTP/1.1" 404 509 "-" "Mozilla/5.0 (Windows NT 6.1; rv:9.0.1) Gecko/20100101 Firefox/9.0.1"
172.16.1.80 - - [06/Sep/2012:08:19:48 -0500] "GET /orfeo/radicacion/chequear.php?PHPSESSID=120906074548o17216180OFLOREZ&krd=OFLOREZ&fechah=060912_1346935548&primera=1&ent=2&depende=4230 HTTP/1.0" 200 2662 "http://orfeo.minsalud.gov.co/orfeo/correspondencia.php?PHPSESSID=120906074548o17216180OFLOREZ&fechah=" "Mozilla/5.0 (Windows NT 6.1; WOW64; rv:14.0) Gecko/20100101 Firefox/14.0.1"
172.16.1.80 - - [06/Sep/2012:08:19:50 -0500] "POST /orfeo/login.php?fechah=060912_1346937560 HTTP/1.0" 302 642 "http://orfeo.minsalud.gov.co/orfeo/login.php" "Mozilla/5.0 (Windows NT 5.1; rv:12.0) Gecko/20100101 Firefox/12.0"
172.16.1.80 - - [06/Sep/2012:08:19:51 -0500] "GET /orfeo/index_frames.php?PHPSESSID=120906081951o17216180GRODRIGUEZ&fechah=20120906_1346937591&krd=GRODRIGUEZ&swLog=1&orno=1 HTTP/1.0" 200 838 "http://orfeo.minsalud.gov.co/orfeo/login.php" "Mozilla/5.0 (Windows NT 5.1; rv:12.0) Gecko/20100101 Firefox/12.0"
172.16.1.80 - - [06/Sep/2012:08:19:51 -0500] "GET /orfeo/f_top.php?PHPSESSID=120906081951o17216180GRODRIGUEZ&fechah= HTTP/1.0" 200 2568 "http://orfeo.minsalud.gov.co/orfeo/index_frames.php?PHPSESSID=120906081951o17216180GRODRIGUEZ&fechah=20120906_1346937591&krd=GRODRIGUEZ&swLog=1&orno=1" "Mozilla/5.0 (Windows NT 5.1; rv:12.0) Gecko/20100101 Firefox/12.0"
172.16.1.80 - - [06/Sep/2012:08:19:51 -0500] "GET /orfeo/correspondencia.php?PHPSESSID=120906081951o17216180GRODRIGUEZ&fechah= HTTP/1.0" 200 4011 "http://orfeo.minsalud.gov.co/orfeo/index_frames.php?PHPSESSID=120906081951o17216180GRODRIGUEZ&fechah=20120906_1346937591&krd=GRODRIGUEZ&swLog=1&orno=1" "Mozilla/5.0 (Windows NT 5.1; rv:12.0) Gecko/20100101 Firefox/12.0"
172.16.1.80 - - [06/Sep/2012:08:19:51 -0500] "GET /orfeo/alertas/index.php?PHPSESSID=120906081951o17216180GRODRIGUEZ&swLog=&fechah=&tipo_alerta=1 HTTP/1.0" 200 2084 "http://orfeo.minsalud.gov.co/orfeo/index_frames.php?PHPSESSID=120906081951o17216180GRODRIGUEZ&fechah=20120906_1346937591&krd=GRODRIGUEZ&swLog=1&orno=1" "Mozilla/5.0 (Windows NT 5.1; rv:12.0) Gecko/20100101 Firefox/12.0"
172.16.1.80 - - [06/Sep/2012:08:19:51 -0500] "POST /orfeo/include/ajax/graficAlert.php HTTP/1.0" 200 367 "http://orfeo.minsalud.gov.co/orfeo/alertas/index.php?PHPSESSID=120906081951o17216180GRODRIGUEZ&swLog=&fechah=&tipo_alerta=1" "Mozilla/5.0 (Windows NT 5.1; rv:12.0) Gecko/20100101 Firefox/12.0"
172.17.18.35 - - [06/Sep/2012:08:19:55 -0500] "GET /orfeo/cuerpo.php?PHPSESSID=120906081917o172171835LFDIAZ&adodb_next_page=1&fechah=060912_1346937586&nomcarpeta=Entrada&carpeta=0&tipo_carpt=0&adodb_next_page=1 HTTP/1.1" 200 6941 "http://orfeo.minsalud.gov.co/orfeo/correspondencia.php?PHPSESSID=120906081917o172171835LFDIAZ&fechah=" "Mozilla/5.0 (Windows NT 5.1; rv:14.0) Gecko/20100101 Firefox/14.0.1"
172.17.18.35 - - [06/Sep/2012:08:19:56 -0500] "GET /orfeo//imagenes/internas/principal_r4_c3.gif HTTP/1.1" 200 589 "http://orfeo.minsalud.gov.co/orfeo/cuerpo.php?PHPSESSID=120906081917o172171835LFDIAZ&adodb_next_page=1&fechah=060912_1346937586&nomcarpeta=Entrada&carpeta=0&tipo_carpt=0&adodb_next_page=1" "Mozilla/5.0 (Windows NT 5.1; rv:14.0) Gecko/20100101 Firefox/14.0.1"
172.17.18.35 - - [06/Sep/2012:08:19:56 -0500] "GET /orfeo/imagenes/internas/masTRD.gif HTTP/1.1" 200 580 "http://orfeo.minsalud.gov.co/orfeo/cuerpo.php?PHPSESSID=120906081917o172171835LFDIAZ&adodb_next_page=1&fechah=060912_1346937586&nomcarpeta=Entrada&carpeta=0&tipo_carpt=0&adodb_next_page=1" "Mozilla/5.0 (Windows NT 5.1; rv:14.0) Gecko/20100101 Firefox/14.0.1"
172.17.18.35 - - [06/Sep/2012:08:19:56 -0500] "GET /orfeo/imagenes/internas/masIncl.gif HTTP/1.1" 200 617 "http://orfeo.minsalud.gov.co/orfeo/cuerpo.php?PHPSESSID=120906081917o172171835LFDIAZ&adodb_next_page=1&fechah=060912_1346937586&nomcarpeta=Entrada&carpeta=0&tipo_carpt=0&adodb_next_page=1" "Mozilla/5.0 (Windows NT 5.1; rv:14.0) Gecko/20100101 Firefox/14.0.1"
172.17.18.35 - - [06/Sep/2012:08:19:56 -0500] "GET /orfeo/imagenes/internas/moverA.gif HTTP/1.1" 200 1223 "http://orfeo.minsalud.gov.co/orfeo/cuerpo.php?PHPSESSID=120906081917o172171835LFDIAZ&adodb_next_page=1&fechah=060912_1346937586&nomcarpeta=Entrada&carpeta=0&tipo_carpt=0&adodb_next_page=1" "Mozilla/5.0 (Windows NT 5.1; rv:14.0) Gecko/20100101 Firefox/14.0.1"
172.17.18.35 - - [06/Sep/2012:08:19:56 -0500] "GET /orfeo/imagenes/internas/reasignar.gif HTTP/1.1" 200 1400 "http://orfeo.minsalud.gov.co/orfeo/cuerpo.php?PHPSESSID=120906081917o172171835LFDIAZ&adodb_next_page=1&fechah=060912_1346937586&nomcarpeta=Entrada&carpeta=0&tipo_carpt=0&adodb_next_page=1" "Mozilla/5.0 (Windows NT 5.1; rv:14.0) Gecko/20100101 Firefox/14.0.1"
172.17.18.35 - - [06/Sep/2012:08:19:56 -0500] "GET /orfeo/imagenes/internas/informar.gif HTTP/1.1" 200 1285 "http://orfeo.minsalud.gov.co/orfeo/cuerpo.php?PHPSESSID=120906081917o172171835LFDIAZ&adodb_next_page=1&fechah=060912_1346937586&nomcarpeta=Entrada&carpeta=0&tipo_carpt=0&adodb_next_page=1" "Mozilla/5.0 (Windows NT 5.1; rv:14.0) Gecko/20100101 Firefox/14.0.1"
172.17.18.35 - - [06/Sep/2012:08:19:56 -0500] "GET /orfeo/imagenes/internas/devolver.gif HTTP/1.1" 200 1330 "http://orfeo.minsalud.gov.co/orfeo/cuerpo.php?PHPSESSID=120906081917o172171835LFDIAZ&adodb_next_page=1&fechah=060912_1346937586&nomcarpeta=Entrada&carpeta=0&tipo_carpt=0&adodb_next_page=1" "Mozilla/5.0 (Windows NT 5.1; rv:14.0) Gecko/20100101 Firefox/14.0.1"
