172.16.1.80 - - [06/Sep/2012:08:08:35 -0500] "GET /js/spiffyCal/spiffyCal_v2_1.css HTTP/1.0" 404 521 "http://orfeo.minsalud.gov.co/orfeo/Administracion/usuario/cuerpoEdicion.php?PHPSESSID=120906080800o17216180KESPRIELLA&krd=KESPRIELLA&estado_sal=&tpAnulacion=&estado_sal_max=&pagina_sig=&dep_sel=4230&nomcarpeta=Modificacion%20Usuarios" "Mozilla/5.0 (Windows NT 6.1; WOW64; rv:14.0) Gecko/20100101 Firefox/14.0.1"
172.16.1.80 - - [06/Sep/2012:08:08:40 -0500] "GET /orfeo/Administracion/usuario/crear.php?usModo=2&PHPSESSID=120906080800o17216180KESPRIELLA&valRadio=52761670-APARDO HTTP/1.0" 200 3963 "http://orfeo.minsalud.gov.co/orfeo/Administracion/usuario/cuerpoEdicion.php?PHPSESSID=120906080800o17216180KESPRIELLA&krd=KESPRIELLA&estado_sal=&tpAnulacion=&estado_sal_max=&pagina_sig=&dep_sel=4230&nomcarpeta=Modificacion%20Usuarios" "Mozilla/5.0 (Windows NT 6.1; WOW64; rv:14.0) Gecko/20100101 Firefox/14.0.1"
172.16.1.80 - - [06/Sep/2012:08:08:52 -0500] "POST /orfeo/Administracion/usuario/validar.php HTTP/1.0" 200 2340 "http://orfeo.minsalud.gov.co/orfeo/Administracion/usuario/crear.php?usModo=2&PHPSESSID=120906080800o17216180KESPRIELLA&valRadio=52761670-APARDO" "Mozilla/5.0 (Windows NT 6.1; WOW64; rv:14.0) Gecko/20100101 Firefox/14.0.1"
172.16.1.80 - - [06/Sep/2012:08:09:04 -0500] "POST /orfeo/Administracion/usuario/grabar.php?PHPSESSID=120906080800o17216180KESPRIELLA&krd=KESPRIELLA&usModo=2&perfil=&perfilOrig=Normal&dep_sel=4230&cedula=52761670&usuLogin=APARDO&nombre=ANGELICA%20MARIA%20PARDO%20ORJUELA&dia=&mes=&ano=&ubicacion=MEZANINI&piso=1&extension=1047&email=&usuDocSel=52761670&usuLoginSel=APARDO HTTP/1.0" 200 908 "http://orfeo.minsalud.gov.co/orfeo/Administracion/usuario/validar.php" "Mozilla/5.0 (Windows NT 6.1; WOW64; rv:14.0) Gecko/20100101 Firefox/14.0.1"
172.16.1.80 - - [06/Sep/2012:08:09:11 -0500] "POST /orfeo/Administracion/formAdministracion.php HTTP/1.0" 200 1354 "http://orfeo.minsalud.gov.co/orfeo/Administracion/usuario/grabar.php?PHPSESSID=120906080800o17216180KESPRIELLA&krd=KESPRIELLA&usModo=2&perfil=&perfilOrig=Normal&dep_sel=4230&cedula=52761670&usuLogin=APARDO&nombre=ANGELICA%20MARIA%20PARDO%20ORJUELA&dia=&mes=&ano=&ubicacion=MEZANINI&piso=1&extension=1047&email=&usuDocSel=52761670&usuLoginSel=APARDO" "Mozilla/5.0 (Windows NT 6.1; WOW64; rv:14.0) Gecko/20100101 Firefox/14.0.1"
172.16.1.80 - - [06/Sep/2012:08:09:12 -0500] "GET /orfeo/Administracion/usuario/mnuUsuarios.php?PHPSESSID=120906080800o17216180KESPRIELLA&krd=KESPRIELLA HTTP/1.0" 200 981 "http://orfeo.minsalud.gov.co/orfeo/Administracion/formAdministracion.php" "Mozilla/5.0 (Windows NT 6.1; WOW64; rv:14.0) Gecko/20100101 Firefox/14.0.1"
172.16.1.80 - - [06/Sep/2012:08:09:12 -0500] "GET /orfeo/Administracion/usuario/cuerpoEdicion.php?PHPSESSID=120906080800o17216180KESPRIELLA&usModo=2 HTTP/1.0" 200 5770 "http://orfeo.minsalud.gov.co/orfeo/Administracion/usuario/mnuUsuarios.php?PHPSESSID=120906080800o17216180KESPRIELLA&krd=KESPRIELLA" "Mozilla/5.0 (Windows NT 6.1; WOW64; rv:14.0) Gecko/20100101 Firefox/14.0.1"
172.16.1.80 - - [06/Sep/2012:08:09:12 -0500] "GET /js/spiffyCal/spiffyCal_v2_1.css HTTP/1.0" 404 521 "http://orfeo.minsalud.gov.co/orfeo/Administracion/usuario/cuerpoEdicion.php?PHPSESSID=120906080800o17216180KESPRIELLA&usModo=2" "Mozilla/5.0 (Windows NT 6.1; WOW64; rv:14.0) Gecko/20100101 Firefox/14.0.1"
172.16.1.80 - - [06/Sep/2012:08:09:17 -0500] "GET /orfeo/Administracion/usuario/cuerpoEdicion.php?PHPSESSID=120906080800o17216180KESPRIELLA&dep_sel=4230 HTTP/1.0" 200 5396 "http://orfeo.minsalud.gov.co/orfeo/Administracion/usuario/cuerpoEdicion.php?PHPSESSID=120906080800o17216180KESPRIELLA&usModo=2" "Mozilla/5.0 (Windows NT 6.1; WOW64; rv:14.0) Gecko/20100101 Firefox/14.0.1"
172.16.1.80 - - [06/Sep/2012:08:09:17 -0500] "GET /js/spiffyCal/spiffyCal_v2_1.css HTTP/1.0" 404 521 "http://orfeo.minsalud.gov.co/orfeo/Administracion/usuario/cuerpoEdicion.php?PHPSESSID=120906080800o17216180KESPRIELLA&dep_sel=4230" "Mozilla/5.0 (Windows NT 6.1; WOW64; rv:14.0) Gecko/20100101 Firefox/14.0.1"
172.16.1.80 - - [06/Sep/2012:08:09:19 -0500] "POST /orfeo/Administracion/usuario/cuerpoEdicion.php?PHPSESSID=120906080800o17216180KESPRIELLA&krd=KESPRIELLA&estado_sal=&tpAnulacion=&estado_sal_max=&pagina_sig=&dep_sel=4230&nomcarpeta=Modificacion%20Usuarios HTTP/1.0" 200 3935 "http://orfeo.minsalud.gov.co/orfeo/Administracion/usuario/cuerpoEdicion.php?PHPSESSID=120906080800o17216180KESPRIELLA&dep_sel=4230" "Mozilla/5.0 (Windows NT 6.1; WOW64; rv:14.0) Gecko/20100101 Firefox/14.0.1"
172.16.1.80 - - [06/Sep/2012:08:09:19 -0500] "GET /js/spiffyCal/spiffyCal_v2_1.css HTTP/1.0" 404 521 "http://orfeo.minsalud.gov.co/orfeo/Administracion/usuario/cuerpoEdicion.php?PHPSESSID=120906080800o17216180KESPRIELLA&krd=KESPRIELLA&estado_sal=&tpAnulacion=&estado_sal_max=&pagina_sig=&dep_sel=4230&nomcarpeta=Modificacion%20Usuarios" "Mozilla/5.0 (Windows NT 6.1; WOW64; rv:14.0) Gecko/20100101 Firefox/14.0.1"
172.17.21.21 - - [06/Sep/2012:08:09:20 -0500] "POST /orfeo/login.php?fechah=060912_1346936911 HTTP/1.1" 200 3214 "http://orfeo.minsalud.gov.co/orfeo/login.php" "Mozilla/5.0 (Windows NT 6.1; WOW64; rv:14.0) Gecko/20100101 Firefox/14.0.1"
172.17.21.21 - - [06/Sep/2012:08:09:21 -0500] "GET /orfeo/.orfeo38orfeo.css HTTP/1.1" 404 512 "http://orfeo.minsalud.gov.co/orfeo/login.php?fechah=060912_1346936911" "Mozilla/5.0 (Windows NT 6.1; WOW64; rv:14.0) Gecko/20100101 Firefox/14.0.1"
172.16.1.80 - - [06/Sep/2012:08:09:24 -0500] "GET /orfeo/Administracion/usuario/crear.php?usModo=2&PHPSESSID=120906080800o17216180KESPRIELLA&valRadio=52876968-PGUTIERREZ HTTP/1.0" 200 3972 "http://orfeo.minsalud.gov.co/orfeo/Administracion/usuario/cuerpoEdicion.php?PHPSESSID=120906080800o17216180KESPRIELLA&krd=KESPRIELLA&estado_sal=&tpAnulacion=&estado_sal_max=&pagina_sig=&dep_sel=4230&nomcarpeta=Modificacion%20Usuarios" "Mozilla/5.0 (Windows NT 6.1; WOW64; rv:14.0) Gecko/20100101 Firefox/14.0.1"
172.16.1.80 - - [06/Sep/2012:08:09:34 -0500] "POST /orfeo/Administracion/usuario/validar.php HTTP/1.0" 200 2343 "http://orfeo.minsalud.gov.co/orfeo/Administracion/usuario/crear.php?usModo=2&PHPSESSID=120906080800o17216180KESPRIELLA&valRadio=52876968-PGUTIERREZ" "Mozilla/5.0 (Windows NT 6.1; WOW64; rv:14.0) Gecko/20100101 Firefox/14.0.1"
172.17.21.21 - - [06/Sep/2012:08:09:34 -0500] "POST /orfeo/login.php?fechah=20120906_1346936960 HTTP/1.1" 200 3213 "http://orfeo.minsalud.gov.co/orfeo/login.php?fechah=060912_1346936911" "Mozilla/5.0 (Windows NT 6.1; WOW64; rv:14.0) Gecko/20100101 Firefox/14.0.1"
172.17.21.21 - - [06/Sep/2012:08:09:34 -0500] "GET /orfeo/.orfeo38orfeo.css HTTP/1.1" 404 512 "http://orfeo.minsalud.gov.co/orfeo/login.php?fechah=20120906_1346936960" "Mozilla/5.0 (Windows NT 6.1; WOW64; rv:14.0) Gecko/20100101 Firefox/14.0.1"
172.16.1.80 - - [06/Sep/2012:08:09:36 -0500] "POST /orfeo/Administracion/usuario/grabar.php?PHPSESSID=120906080800o17216180KESPRIELLA&krd=KESPRIELLA&usModo=2&perfil=&perfilOrig=Normal&dep_sel=4230&cedula=52876968&usuLogin=PGUTIERREZ&nombre=PAULA%20ANDREA%20GUTIERREZ%20BARRERO&dia=&mes=&ano=&ubicacion=MEZANINI&piso=1&extension=1064&email=&usuDocSel=52876968&usuLoginSel=PGUTIERREZ HTTP/1.0" 200 913 "http://orfeo.minsalud.gov.co/orfeo/Administracion/usuario/validar.php" "Mozilla/5.0 (Windows NT 6.1; WOW64; rv:14.0) Gecko/20100101 Firefox/14.0.1"
172.16.1.80 - - [06/Sep/2012:08:09:38 -0500] "POST /orfeo/Administracion/formAdministracion.php HTTP/1.0" 200 1354 "http://orfeo.minsalud.gov.co/orfeo/Administracion/usuario/grabar.php?PHPSESSID=120906080800o17216180KESPRIELLA&krd=KESPRIELLA&usModo=2&perfil=&perfilOrig=Normal&dep_sel=4230&cedula=52876968&usuLogin=PGUTIERREZ&nombre=PAULA%20ANDREA%20GUTIERREZ%20BARRERO&dia=&mes=&ano=&ubicacion=MEZANINI&piso=1&extension=1064&email=&usuDocSel=52876968&usuLoginSel=PGUTIERREZ" "Mozilla/5.0 (Windows NT 6.1; WOW64; rv:14.0) Gecko/20100101 Firefox/14.0.1"
172.16.1.80 - - [06/Sep/2012:08:09:39 -0500] "GET /orfeo/cerrar_session.php?PHPSESSID=120906080800o17216180KESPRIELLA HTTP/1.0" 200 931 "http://orfeo.minsalud.gov.co/orfeo/f_top.php?PHPSESSID=120906080800o17216180KESPRIELLA&fechah=" "Mozilla/5.0 (Windows NT 6.1; WOW64; rv:14.0) Gecko/20100101 Firefox/14.0.1"
172.16.1.80 - - [06/Sep/2012:08:09:39 -0500] "GET /orfeo/cerrar_session.php?PHPSESSID=120906080800o17216180KESPRIELLA HTTP/1.0" 200 931 "http://orfeo.minsalud.gov.co/orfeo/cerrar_session.php?PHPSESSID=120906080800o17216180KESPRIELLA" "Mozilla/5.0 (Windows NT 6.1; WOW64; rv:14.0) Gecko/20100101 Firefox/14.0.1"
172.16.1.80 - - [06/Sep/2012:08:09:40 -0500] "GET /orfeo/login.php HTTP/1.0" 200 3087 "http://orfeo.minsalud.gov.co/orfeo/cerrar_session.php?PHPSESSID=120906080800o17216180KESPRIELLA" "Mozilla/5.0 (Windows NT 6.1; WOW64; rv:14.0) Gecko/20100101 Firefox/14.0.1"
172.16.1.80 - - [06/Sep/2012:08:09:40 -0500] "GET /orfeo/.orfeo38orfeo.css HTTP/1.0" 404 512 "http://orfeo.minsalud.gov.co/orfeo/login.php" "Mozilla/5.0 (Windows NT 6.1; WOW64; rv:14.0) Gecko/20100101 Firefox/14.0.1"
172.17.24.50 - - [06/Sep/2012:08:09:40 -0500] "GET / HTTP/1.1" 302 339 "-" "Mozilla/4.0 (compatible; MSIE 7.0; Windows NT 6.1; WOW64; Trident/5.0; SLCC2; .NET CLR 2.0.50727; .NET CLR 3.5.30729; .NET CLR 3.0.30729; Media Center PC 6.0; .NET4.0C; .NET4.0E; BRI/2; InfoPath.2)"
172.17.24.50 - - [06/Sep/2012:08:09:40 -0500] "GET /orfeo/index.php HTTP/1.1" 302 331 "-" "Mozilla/4.0 (compatible; MSIE 7.0; Windows NT 6.1; WOW64; Trident/5.0; SLCC2; .NET CLR 2.0.50727; .NET CLR 3.5.30729; .NET CLR 3.0.30729; Media Center PC 6.0; .NET4.0C; .NET4.0E; BRI/2; InfoPath.2)"
172.17.24.50 - - [06/Sep/2012:08:09:40 -0500] "GET /orfeo/login.php HTTP/1.1" 200 3089 "-" "Mozilla/4.0 (compatible; MSIE 7.0; Windows NT 6.1; WOW64; Trident/5.0; SLCC2; .NET CLR 2.0.50727; .NET CLR 3.5.30729; .NET CLR 3.0.30729; Media Center PC 6.0; .NET4.0C; .NET4.0E; BRI/2; InfoPath.2)"
172.17.24.50 - - [06/Sep/2012:08:09:40 -0500] "GET /orfeo/logoEntidad.png HTTP/1.1" 200 5299 "http://orfeo.minsalud.gov.co/orfeo/login.php" "Mozilla/4.0 (compatible; MSIE 7.0; Windows NT 6.1; WOW64; Trident/5.0; SLCC2; .NET CLR 2.0.50727; .NET CLR 3.5.30729; .NET CLR 3.0.30729; Media Center PC 6.0; .NET4.0C; .NET4.0E; BRI/2; InfoPath.2)"
172.17.24.50 - - [06/Sep/2012:08:09:40 -0500] "GET /orfeo/.orfeo38orfeo.css HTTP/1.1" 404 512 "http://orfeo.minsalud.gov.co/orfeo/login.php" "Mozilla/4.0 (compatible; MSIE 7.0; Windows NT 6.1; WOW64; Trident/5.0; SLCC2; .NET CLR 2.0.50727; .NET CLR 3.5.30729; .NET CLR 3.0.30729; Media Center PC 6.0; .NET4.0C; .NET4.0E; BRI/2; InfoPath.2)"
172.17.24.50 - - [06/Sep/2012:08:09:40 -0500] "GET /orfeo/imagenes/index_web_login.jpg HTTP/1.1" 200 41749 "http://orfeo.minsalud.gov.co/orfeo/login.php" "Mozilla/4.0 (compatible; MSIE 7.0; Windows NT 6.1; WOW64; Trident/5.0; SLCC2; .NET CLR 2.0.50727; .NET CLR 3.5.30729; .NET CLR 3.0.30729; Media Center PC 6.0; .NET4.0C; .NET4.0E; BRI/2; InfoPath.2)"
172.17.24.50 - - [06/Sep/2012:08:09:41 -0500] "GET /orfeo/imagenes/gnu.gif HTTP/1.1" 200 3202 "-" "Mozilla/4.0 (compatible; MSIE 7.0; Windows NT 6.1; WOW64; Trident/5.0; SLCC2; .NET CLR 2.0.50727; .NET CLR 3.5.30729; .NET CLR 3.0.30729; Media Center PC 6.0; .NET4.0C; .NET4.0E; BRI/2; InfoPath.2)"
172.17.21.21 - - [06/Sep/2012:08:09:44 -0500] "POST /orfeo/login.php?fechah=20120906_1346936974 HTTP/1.1" 200 3201 "http://orfeo.minsalud.gov.co/orfeo/login.php?fechah=20120906_1346936960" "Mozilla/5.0 (Windows NT 6.1; WOW64; rv:14.0) Gecko/20100101 Firefox/14.0.1"
172.17.21.21 - - [06/Sep/2012:08:09:45 -0500] "GET /orfeo/.orfeo38orfeo.css HTTP/1.1" 404 512 "http://orfeo.minsalud.gov.co/orfeo/login.php?fechah=20120906_1346936974" "Mozilla/5.0 (Windows NT 6.1; WOW64; rv:14.0) Gecko/20100101 Firefox/14.0.1"
172.16.1.80 - - [06/Sep/2012:08:09:47 -0500] "POST /orfeo/login.php?fechah=060912_1346936980 HTTP/1.0" 200 1718 "http://orfeo.minsalud.gov.co/orfeo/login.php" "Mozilla/5.0 (Windows NT 6.1; WOW64; rv:14.0) Gecko/20100101 Firefox/14.0.1"
172.16.1.80 - - [06/Sep/2012:08:09:56 -0500] "GET /orfeo/login.php HTTP/1.0" 200 3088 "-" "Mozilla/5.0 (Windows NT 6.1; WOW64; rv:14.0) Gecko/20100101 Firefox/14.0.1"
172.16.1.80 - - [06/Sep/2012:08:09:56 -0500] "GET /orfeo/.orfeo38orfeo.css HTTP/1.0" 404 512 "http://orfeo.minsalud.gov.co/orfeo/login.php" "Mozilla/5.0 (Windows NT 6.1; WOW64; rv:14.0) Gecko/20100101 Firefox/14.0.1"
172.16.1.80 - - [06/Sep/2012:08:10:05 -0500] "POST /orfeo/usuarionuevo.php HTTP/1.0" 200 829 "http://orfeo.minsalud.gov.co/orfeo/login.php?fechah=060912_1346936980" "Mozilla/5.0 (Windows NT 6.1; WOW64; rv:14.0) Gecko/20100101 Firefox/14.0.1"
172.16.1.80 - - [06/Sep/2012:08:10:11 -0500] "POST /orfeo/usuarionuevo.php HTTP/1.0" 302 614 "http://orfeo.minsalud.gov.co/orfeo/usuarionuevo.php" "Mozilla/5.0 (Windows NT 6.1; WOW64; rv:14.0) Gecko/20100101 Firefox/14.0.1"
172.16.1.80 - - [06/Sep/2012:08:10:11 -0500] "GET /orfeo/cerrar_session.php HTTP/1.0" 200 931 "http://orfeo.minsalud.gov.co/orfeo/usuarionuevo.php" "Mozilla/5.0 (Windows NT 6.1; WOW64; rv:14.0) Gecko/20100101 Firefox/14.0.1"
172.16.1.80 - - [06/Sep/2012:08:10:12 -0500] "GET /orfeo/login.php HTTP/1.0" 200 3088 "http://orfeo.minsalud.gov.co/orfeo/cerrar_session.php" "Mozilla/5.0 (Windows NT 6.1; WOW64; rv:14.0) Gecko/20100101 Firefox/14.0.1"
172.16.1.80 - - [06/Sep/2012:08:10:12 -0500] "GET /orfeo/.orfeo38orfeo.css HTTP/1.0" 404 512 "http://orfeo.minsalud.gov.co/orfeo/login.php" "Mozilla/5.0 (Windows NT 6.1; WOW64; rv:14.0) Gecko/20100101 Firefox/14.0.1"
172.16.1.80 - - [06/Sep/2012:08:10:18 -0500] "POST /orfeo/login.php?fechah=060912_1346937012 HTTP/1.0" 302 642 "http://orfeo.minsalud.gov.co/orfeo/login.php" "Mozilla/5.0 (Windows NT 6.1; WOW64; rv:14.0) Gecko/20100101 Firefox/14.0.1"
172.16.1.80 - - [06/Sep/2012:08:10:18 -0500] "GET /orfeo/index_frames.php?PHPSESSID=120906081018o17216180PGUTIERREZ&fechah=20120906_1346937018&krd=PGUTIERREZ&swLog=1&orno=1 HTTP/1.0" 200 834 "http://orfeo.minsalud.gov.co/orfeo/login.php" "Mozilla/5.0 (Windows NT 6.1; WOW64; rv:14.0) Gecko/20100101 Firefox/14.0.1"
172.16.1.80 - - [06/Sep/2012:08:10:19 -0500] "GET /orfeo/f_top.php?PHPSESSID=120906081018o17216180PGUTIERREZ&fechah= HTTP/1.0" 200 2569 "http://orfeo.minsalud.gov.co/orfeo/index_frames.php?PHPSESSID=120906081018o17216180PGUTIERREZ&fechah=20120906_1346937018&krd=PGUTIERREZ&swLog=1&orno=1" "Mozilla/5.0 (Windows NT 6.1; WOW64; rv:14.0) Gecko/20100101 Firefox/14.0.1"
172.16.1.80 - - [06/Sep/2012:08:10:19 -0500] "GET /orfeo/alertas/index.php?PHPSESSID=120906081018o17216180PGUTIERREZ&swLog=&fechah=&tipo_alerta=1 HTTP/1.0" 200 2083 "http://orfeo.minsalud.gov.co/orfeo/index_frames.php?PHPSESSID=120906081018o17216180PGUTIERREZ&fechah=20120906_1346937018&krd=PGUTIERREZ&swLog=1&orno=1" "Mozilla/5.0 (Windows NT 6.1; WOW64; rv:14.0) Gecko/20100101 Firefox/14.0.1"
172.16.1.80 - - [06/Sep/2012:08:10:19 -0500] "GET /orfeo/correspondencia.php?PHPSESSID=120906081018o17216180PGUTIERREZ&fechah= HTTP/1.0" 200 4073 "http://orfeo.minsalud.gov.co/orfeo/index_frames.php?PHPSESSID=120906081018o17216180PGUTIERREZ&fechah=20120906_1346937018&krd=PGUTIERREZ&swLog=1&orno=1" "Mozilla/5.0 (Windows NT 6.1; WOW64; rv:14.0) Gecko/20100101 Firefox/14.0.1"
172.16.1.80 - - [06/Sep/2012:08:10:19 -0500] "POST /orfeo/include/ajax/graficAlert.php HTTP/1.0" 200 367 "http://orfeo.minsalud.gov.co/orfeo/alertas/index.php?PHPSESSID=120906081018o17216180PGUTIERREZ&swLog=&fechah=&tipo_alerta=1" "Mozilla/5.0 (Windows NT 6.1; WOW64; rv:14.0) Gecko/20100101 Firefox/14.0.1"
172.16.1.241 - - [06/Sep/2012:08:10:35 -0500] "OPTIONS * HTTP/1.0" 200 152 "-" "Apache/2.2.16 (Debian) (internal dummy connection)"
172.16.1.80 - - [06/Sep/2012:08:10:36 -0500] "GET /orfeo/cerrar_session.php?PHPSESSID=120906081018o17216180PGUTIERREZ HTTP/1.0" 200 932 "http://orfeo.minsalud.gov.co/orfeo/f_top.php?PHPSESSID=120906081018o17216180PGUTIERREZ&fechah=" "Mozilla/5.0 (Windows NT 6.1; WOW64; rv:14.0) Gecko/20100101 Firefox/14.0.1"
172.16.1.80 - - [06/Sep/2012:08:10:36 -0500] "GET /orfeo/cerrar_session.php?PHPSESSID=120906081018o17216180PGUTIERREZ HTTP/1.0" 200 931 "http://orfeo.minsalud.gov.co/orfeo/cerrar_session.php?PHPSESSID=120906081018o17216180PGUTIERREZ" "Mozilla/5.0 (Windows NT 6.1; WOW64; rv:14.0) Gecko/20100101 Firefox/14.0.1"
172.16.1.80 - - [06/Sep/2012:08:10:37 -0500] "GET /orfeo/login.php HTTP/1.0" 200 3088 "http://orfeo.minsalud.gov.co/orfeo/cerrar_session.php?PHPSESSID=120906081018o17216180PGUTIERREZ" "Mozilla/5.0 (Windows NT 6.1; WOW64; rv:14.0) Gecko/20100101 Firefox/14.0.1"
172.16.1.80 - - [06/Sep/2012:08:10:37 -0500] "GET /orfeo/.orfeo38orfeo.css HTTP/1.0" 404 512 "http://orfeo.minsalud.gov.co/orfeo/login.php" "Mozilla/5.0 (Windows NT 6.1; WOW64; rv:14.0) Gecko/20100101 Firefox/14.0.1"
172.16.1.80 - - [06/Sep/2012:08:10:48 -0500] "GET /orfeo/cuerpo.php?PHPSESSID=120906074548o17216180OFLOREZ&adodb_next_page=1&fechah=060912_1346935548&nomcarpeta=Vo.Bo.&carpeta=11&tipo_carpt=0&adodb_next_page=1 HTTP/1.0" 200 2065 "http://orfeo.minsalud.gov.co/orfeo/correspondencia.php?PHPSESSID=120906074548o17216180OFLOREZ&fechah=" "Mozilla/5.0 (Windows NT 6.1; WOW64; rv:14.0) Gecko/20100101 Firefox/14.0.1"
172.16.1.80 - - [06/Sep/2012:08:10:51 -0500] "GET /orfeo/cuerpo.php?PHPSESSID=120906074548o17216180OFLOREZ&adodb_next_page=1&fechah=060912_1346935548&nomcarpeta=Devueltos&carpeta=12&tipo_carpt=0&adodb_next_page=1 HTTP/1.0" 200 6945 "http://orfeo.minsalud.gov.co/orfeo/correspondencia.php?PHPSESSID=120906074548o17216180OFLOREZ&fechah=" "Mozilla/5.0 (Windows NT 6.1; WOW64; rv:14.0) Gecko/20100101 Firefox/14.0.1"
172.16.1.80 - - [06/Sep/2012:08:10:53 -0500] "GET /orfeo/cuerpoAgenda.php?PHPSESSID=120906074548o17216180OFLOREZ&agendado=2&fechah=060912_1346935548&nomcarpeta=Agendados%20vencidos&&tipo_carpt=0&adodb_next_page=1 HTTP/1.0" 200 6607 "http://orfeo.minsalud.gov.co/orfeo/correspondencia.php?PHPSESSID=120906074548o17216180OFLOREZ&fechah=" "Mozilla/5.0 (Windows NT 6.1; WOW64; rv:14.0) Gecko/20100101 Firefox/14.0.1"
172.16.1.80 - - [06/Sep/2012:08:10:54 -0500] "GET /orfeo/cuerpoTx.php?PHPSESSID=120906074548o17216180OFLOREZ&fechah=060912_1346935548&nomcarpeta=Ultimas%20Transacciones%20del%20Usuario&tipo_carpt=0 HTTP/1.0" 200 1790 "http://orfeo.minsalud.gov.co/orfeo/correspondencia.php?PHPSESSID=120906074548o17216180OFLOREZ&fechah=" "Mozilla/5.0 (Windows NT 6.1; WOW64; rv:14.0) Gecko/20100101 Firefox/14.0.1"
172.16.1.80 - - [06/Sep/2012:08:10:55 -0500] "POST /orfeo/login.php?fechah=060912_1346937037 HTTP/1.0" 200 1709 "http://orfeo.minsalud.gov.co/orfeo/login.php" "Mozilla/5.0 (Windows NT 6.1; WOW64; rv:14.0) Gecko/20100101 Firefox/14.0.1"
172.17.21.26 - - [06/Sep/2012:08:10:58 -0500] "GET / HTTP/1.1" 302 339 "-" "Mozilla/5.0 (Windows NT 6.1; WOW64) AppleWebKit/537.1 (KHTML, like Gecko) Chrome/21.0.1180.89 Safari/537.1"
172.17.21.26 - - [06/Sep/2012:08:10:58 -0500] "GET /orfeo/index.php HTTP/1.1" 302 331 "-" "Mozilla/5.0 (Windows NT 6.1; WOW64) AppleWebKit/537.1 (KHTML, like Gecko) Chrome/21.0.1180.89 Safari/537.1"
172.17.21.26 - - [06/Sep/2012:08:10:58 -0500] "GET /orfeo/login.php HTTP/1.1" 200 3089 "-" "Mozilla/5.0 (Windows NT 6.1; WOW64) AppleWebKit/537.1 (KHTML, like Gecko) Chrome/21.0.1180.89 Safari/537.1"
172.17.21.26 - - [06/Sep/2012:08:10:59 -0500] "GET /orfeo/.orfeo38orfeo.css HTTP/1.1" 404 512 "http://orfeo.minsalud.gov.co/orfeo/login.php" "Mozilla/5.0 (Windows NT 6.1; WOW64) AppleWebKit/537.1 (KHTML, like Gecko) Chrome/21.0.1180.89 Safari/537.1"
172.17.21.26 - - [06/Sep/2012:08:10:59 -0500] "GET /orfeo/imagenes/index_web_login.jpg HTTP/1.1" 200 41749 "http://orfeo.minsalud.gov.co/orfeo/login.php" "Mozilla/5.0 (Windows NT 6.1; WOW64) AppleWebKit/537.1 (KHTML, like Gecko) Chrome/21.0.1180.89 Safari/537.1"
172.17.21.26 - - [06/Sep/2012:08:10:59 -0500] "GET /orfeo/logoEntidad.png HTTP/1.1" 200 5299 "http://orfeo.minsalud.gov.co/orfeo/login.php" "Mozilla/5.0 (Windows NT 6.1; WOW64) AppleWebKit/537.1 (KHTML, like Gecko) Chrome/21.0.1180.89 Safari/537.1"
172.17.21.26 - - [06/Sep/2012:08:10:59 -0500] "GET /orfeo/imagenes/gnu.gif HTTP/1.1" 200 3202 "-" "Mozilla/5.0 (Windows NT 6.1; WOW64) AppleWebKit/537.1 (KHTML, like Gecko) Chrome/21.0.1180.89 Safari/537.1"
172.16.1.80 - - [06/Sep/2012:08:11:01 -0500] "GET /orfeo/login.php HTTP/1.0" 200 3089 "-" "Mozilla/5.0 (Windows NT 6.1; WOW64; rv:14.0) Gecko/20100101 Firefox/14.0.1"
172.16.1.80 - - [06/Sep/2012:08:11:01 -0500] "GET /orfeo/.orfeo38orfeo.css HTTP/1.0" 404 512 "http://orfeo.minsalud.gov.co/orfeo/login.php" "Mozilla/5.0 (Windows NT 6.1; WOW64; rv:14.0) Gecko/20100101 Firefox/14.0.1"
172.16.1.80 - - [06/Sep/2012:08:11:01 -0500] "GET /orfeo/busqueda/busquedaPiloto.php?PHPSESSID=120906074548o17216180OFLOREZ&etapa=1&s_Listado=VerListado&fechah=060912_1346935548 HTTP/1.0" 200 6385 "http://orfeo.minsalud.gov.co/orfeo/correspondencia.php?PHPSESSID=120906074548o17216180OFLOREZ&fechah=" "Mozilla/5.0 (Windows NT 6.1; WOW64; rv:14.0) Gecko/20100101 Firefox/14.0.1"
172.16.1.80 - - [06/Sep/2012:08:11:06 -0500] "GET /orfeo/ReportesCorrespondencia/indexReportes.php HTTP/1.0" 200 3635 "http://orfeo.minsalud.gov.co/orfeo/correspondencia.php?PHPSESSID=120906074548o17216180OFLOREZ&fechah=" "Mozilla/5.0 (Windows NT 6.1; WOW64; rv:14.0) Gecko/20100101 Firefox/14.0.1"
172.17.21.26 - - [06/Sep/2012:08:11:12 -0500] "POST /orfeo/login.php?fechah=060912_1346937058 HTTP/1.1" 200 1714 "http://orfeo.minsalud.gov.co/orfeo/login.php" "Mozilla/5.0 (Windows NT 6.1; WOW64) AppleWebKit/537.1 (KHTML, like Gecko) Chrome/21.0.1180.89 Safari/537.1"
172.17.21.26 - - [06/Sep/2012:08:11:12 -0500] "GET /orfeo/estilos/orfeo38/orfeo.css HTTP/1.1" 200 2700 "http://orfeo.minsalud.gov.co/orfeo/login.php?fechah=060912_1346937058" "Mozilla/5.0 (Windows NT 6.1; WOW64) AppleWebKit/537.1 (KHTML, like Gecko) Chrome/21.0.1180.89 Safari/537.1"
172.17.21.26 - - [06/Sep/2012:08:11:12 -0500] "GET /favicon.ico HTTP/1.1" 404 509 "-" "Mozilla/5.0 (Windows NT 6.1; WOW64) AppleWebKit/537.1 (KHTML, like Gecko) Chrome/21.0.1180.89 Safari/537.1"
172.16.1.80 - - [06/Sep/2012:08:11:13 -0500] "POST /orfeo/login.php?fechah=060912_1346937061 HTTP/1.0" 302 636 "http://orfeo.minsalud.gov.co/orfeo/login.php" "Mozilla/5.0 (Windows NT 6.1; WOW64; rv:14.0) Gecko/20100101 Firefox/14.0.1"
172.16.1.80 - - [06/Sep/2012:08:11:13 -0500] "GET /orfeo/index_frames.php?PHPSESSID=120906081113o17216180LFOREROG&fechah=20120906_1346937073&krd=LFOREROG&swLog=1&orno=1 HTTP/1.0" 200 834 "http://orfeo.minsalud.gov.co/orfeo/login.php" "Mozilla/5.0 (Windows NT 6.1; WOW64; rv:14.0) Gecko/20100101 Firefox/14.0.1"
172.16.1.80 - - [06/Sep/2012:08:11:13 -0500] "GET /orfeo/f_top.php?PHPSESSID=120906081113o17216180LFOREROG&fechah= HTTP/1.0" 200 2565 "http://orfeo.minsalud.gov.co/orfeo/index_frames.php?PHPSESSID=120906081113o17216180LFOREROG&fechah=20120906_1346937073&krd=LFOREROG&swLog=1&orno=1" "Mozilla/5.0 (Windows NT 6.1; WOW64; rv:14.0) Gecko/20100101 Firefox/14.0.1"
172.16.1.80 - - [06/Sep/2012:08:11:13 -0500] "GET /orfeo/ReportesR/indexReportes.php HTTP/1.0" 200 3524 "http://orfeo.minsalud.gov.co/orfeo/correspondencia.php?PHPSESSID=120906074548o17216180OFLOREZ&fechah=" "Mozilla/5.0 (Windows NT 6.1; WOW64; rv:14.0) Gecko/20100101 Firefox/14.0.1"
172.16.1.80 - - [06/Sep/2012:08:11:13 -0500] "GET /orfeo/correspondencia.php?PHPSESSID=120906081113o17216180LFOREROG&fechah= HTTP/1.0" 200 4071 "http://orfeo.minsalud.gov.co/orfeo/index_frames.php?PHPSESSID=120906081113o17216180LFOREROG&fechah=20120906_1346937073&krd=LFOREROG&swLog=1&orno=1" "Mozilla/5.0 (Windows NT 6.1; WOW64; rv:14.0) Gecko/20100101 Firefox/14.0.1"
172.16.1.80 - - [06/Sep/2012:08:11:13 -0500] "GET /orfeo/alertas/index.php?PHPSESSID=120906081113o17216180LFOREROG&swLog=&fechah=&tipo_alerta=1 HTTP/1.0" 200 2085 "http://orfeo.minsalud.gov.co/orfeo/index_frames.php?PHPSESSID=120906081113o17216180LFOREROG&fechah=20120906_1346937073&krd=LFOREROG&swLog=1&orno=1" "Mozilla/5.0 (Windows NT 6.1; WOW64; rv:14.0) Gecko/20100101 Firefox/14.0.1"
172.16.1.80 - - [06/Sep/2012:08:11:13 -0500] "POST /orfeo/include/ajax/graficAlert.php HTTP/1.0" 200 367 "http://orfeo.minsalud.gov.co/orfeo/alertas/index.php?PHPSESSID=120906081113o17216180LFOREROG&swLog=&fechah=&tipo_alerta=1" "Mozilla/5.0 (Windows NT 6.1; WOW64; rv:14.0) Gecko/20100101 Firefox/14.0.1"
172.16.1.80 - - [06/Sep/2012:08:11:15 -0500] "GET /orfeo/radicacion/edtradicado.php?PHPSESSID=120906074548o17216180OFLOREZ&fechah=060912_1346935548&primera=1&ent=2 HTTP/1.0" 200 1264 "http://orfeo.minsalud.gov.co/orfeo/correspondencia.php?PHPSESSID=120906074548o17216180OFLOREZ&fechah=" "Mozilla/5.0 (Windows NT 6.1; WOW64; rv:14.0) Gecko/20100101 Firefox/14.0.1"
172.16.1.80 - - [06/Sep/2012:08:11:16 -0500] "POST /orfeo/usuarionuevo.php HTTP/1.0" 200 830 "http://orfeo.minsalud.gov.co/orfeo/login.php?fechah=060912_1346937037" "Mozilla/5.0 (Windows NT 6.1; WOW64; rv:14.0) Gecko/20100101 Firefox/14.0.1"
172.16.1.80 - - [06/Sep/2012:08:11:17 -0500] "POST /orfeo/usuarionuevo.php HTTP/1.0" 302 614 "http://orfeo.minsalud.gov.co/orfeo/usuarionuevo.php" "Mozilla/5.0 (Windows NT 6.1; WOW64; rv:14.0) Gecko/20100101 Firefox/14.0.1"
172.16.1.80 - - [06/Sep/2012:08:11:17 -0500] "GET /orfeo/cerrar_session.php HTTP/1.0" 200 931 "http://orfeo.minsalud.gov.co/orfeo/usuarionuevo.php" "Mozilla/5.0 (Windows NT 6.1; WOW64; rv:14.0) Gecko/20100101 Firefox/14.0.1"
172.16.1.80 - - [06/Sep/2012:08:11:18 -0500] "GET /orfeo/login.php HTTP/1.0" 200 3088 "http://orfeo.minsalud.gov.co/orfeo/cerrar_session.php" "Mozilla/5.0 (Windows NT 6.1; WOW64; rv:14.0) Gecko/20100101 Firefox/14.0.1"
172.16.1.80 - - [06/Sep/2012:08:11:18 -0500] "GET /orfeo/.orfeo38orfeo.css HTTP/1.0" 404 512 "http://orfeo.minsalud.gov.co/orfeo/login.php" "Mozilla/5.0 (Windows NT 6.1; WOW64; rv:14.0) Gecko/20100101 Firefox/14.0.1"
172.17.21.26 - - [06/Sep/2012:08:11:20 -0500] "POST /orfeo/usuarionuevo.php HTTP/1.1" 200 827 "http://orfeo.minsalud.gov.co/orfeo/login.php?fechah=060912_1346937058" "Mozilla/5.0 (Windows NT 6.1; WOW64) AppleWebKit/537.1 (KHTML, like Gecko) Chrome/21.0.1180.89 Safari/537.1"
172.17.21.26 - - [06/Sep/2012:08:11:21 -0500] "GET /orfeo/estilos/orfeo.css HTTP/1.1" 200 1369 "http://orfeo.minsalud.gov.co/orfeo/usuarionuevo.php" "Mozilla/5.0 (Windows NT 6.1; WOW64) AppleWebKit/537.1 (KHTML, like Gecko) Chrome/21.0.1180.89 Safari/537.1"
172.17.21.26 - - [06/Sep/2012:08:11:21 -0500] "GET /favicon.ico HTTP/1.1" 404 509 "-" "Mozilla/5.0 (Windows NT 6.1; WOW64) AppleWebKit/537.1 (KHTML, like Gecko) Chrome/21.0.1180.89 Safari/537.1"
172.16.1.80 - - [06/Sep/2012:08:11:21 -0500] "GET /orfeo/radicacion/chequear.php?PHPSESSID=120906074548o17216180OFLOREZ&krd=OFLOREZ&fechah=060912_1346935548&primera=1&ent=1&depende=4230 HTTP/1.0" 200 2661 "http://orfeo.minsalud.gov.co/orfeo/correspondencia.php?PHPSESSID=120906074548o17216180OFLOREZ&fechah=" "Mozilla/5.0 (Windows NT 6.1; WOW64; rv:14.0) Gecko/20100101 Firefox/14.0.1"
172.17.21.26 - - [06/Sep/2012:08:11:23 -0500] "POST /orfeo/usuarionuevo.php HTTP/1.1" 302 613 "http://orfeo.minsalud.gov.co/orfeo/usuarionuevo.php" "Mozilla/5.0 (Windows NT 6.1; WOW64) AppleWebKit/537.1 (KHTML, like Gecko) Chrome/21.0.1180.89 Safari/537.1"
172.17.21.26 - - [06/Sep/2012:08:11:23 -0500] "GET /orfeo/cerrar_session.php HTTP/1.1" 200 931 "http://orfeo.minsalud.gov.co/orfeo/usuarionuevo.php" "Mozilla/5.0 (Windows NT 6.1; WOW64) AppleWebKit/537.1 (KHTML, like Gecko) Chrome/21.0.1180.89 Safari/537.1"
172.17.21.26 - - [06/Sep/2012:08:11:23 -0500] "GET /orfeo/imagenes/cerrarOrfeo.png HTTP/1.1" 200 43361 "http://orfeo.minsalud.gov.co/orfeo/cerrar_session.php" "Mozilla/5.0 (Windows NT 6.1; WOW64) AppleWebKit/537.1 (KHTML, like Gecko) Chrome/21.0.1180.89 Safari/537.1"
172.17.21.26 - - [06/Sep/2012:08:11:23 -0500] "GET /favicon.ico HTTP/1.1" 404 509 "-" "Mozilla/5.0 (Windows NT 6.1; WOW64) AppleWebKit/537.1 (KHTML, like Gecko) Chrome/21.0.1180.89 Safari/537.1"
172.16.1.80 - - [06/Sep/2012:08:11:26 -0500] "GET /orfeo/radicacion/chequear.php?PHPSESSID=120906074548o17216180OFLOREZ&krd=OFLOREZ&fechah=060912_1346935548&primera=1&ent=2&depende=4230 HTTP/1.0" 200 2662 "http://orfeo.minsalud.gov.co/orfeo/correspondencia.php?PHPSESSID=120906074548o17216180OFLOREZ&fechah=" "Mozilla/5.0 (Windows NT 6.1; WOW64; rv:14.0) Gecko/20100101 Firefox/14.0.1"
172.17.21.26 - - [06/Sep/2012:08:11:29 -0500] "GET /orfeo/login.php HTTP/1.1" 200 3089 "http://orfeo.minsalud.gov.co/orfeo/cerrar_session.php" "Mozilla/5.0 (Windows NT 6.1; WOW64) AppleWebKit/537.1 (KHTML, like Gecko) Chrome/21.0.1180.89 Safari/537.1"
172.17.21.26 - - [06/Sep/2012:08:11:29 -0500] "GET /orfeo/.orfeo38orfeo.css HTTP/1.1" 404 512 "http://orfeo.minsalud.gov.co/orfeo/login.php" "Mozilla/5.0 (Windows NT 6.1; WOW64) AppleWebKit/537.1 (KHTML, like Gecko) Chrome/21.0.1180.89 Safari/537.1"
172.16.1.80 - - [06/Sep/2012:08:11:30 -0500] "POST /orfeo/login.php?fechah=060912_1346937078 HTTP/1.0" 302 630 "http://orfeo.minsalud.gov.co/orfeo/login.php" "Mozilla/5.0 (Windows NT 6.1; WOW64; rv:14.0) Gecko/20100101 Firefox/14.0.1"
172.16.1.80 - - [06/Sep/2012:08:11:30 -0500] "GET /orfeo/index_frames.php?PHPSESSID=120906081130o17216180APARDO&fechah=20120906_1346937090&krd=APARDO&swLog=1&orno=1 HTTP/1.0" 200 829 "http://orfeo.minsalud.gov.co/orfeo/login.php" "Mozilla/5.0 (Windows NT 6.1; WOW64; rv:14.0) Gecko/20100101 Firefox/14.0.1"
172.16.1.80 - - [06/Sep/2012:08:11:30 -0500] "GET /orfeo/f_top.php?PHPSESSID=120906081130o17216180APARDO&fechah= HTTP/1.0" 200 2562 "http://orfeo.minsalud.gov.co/orfeo/index_frames.php?PHPSESSID=120906081130o17216180APARDO&fechah=20120906_1346937090&krd=APARDO&swLog=1&orno=1" "Mozilla/5.0 (Windows NT 6.1; WOW64; rv:14.0) Gecko/20100101 Firefox/14.0.1"
172.16.1.80 - - [06/Sep/2012:08:11:30 -0500] "GET /orfeo/alertas/index.php?PHPSESSID=120906081130o17216180APARDO&swLog=&fechah=&tipo_alerta=1 HTTP/1.0" 200 2084 "http://orfeo.minsalud.gov.co/orfeo/index_frames.php?PHPSESSID=120906081130o17216180APARDO&fechah=20120906_1346937090&krd=APARDO&swLog=1&orno=1" "Mozilla/5.0 (Windows NT 6.1; WOW64; rv:14.0) Gecko/20100101 Firefox/14.0.1"
172.16.1.80 - - [06/Sep/2012:08:11:30 -0500] "GET /orfeo/correspondencia.php?PHPSESSID=120906081130o17216180APARDO&fechah= HTTP/1.0" 200 4064 "http://orfeo.minsalud.gov.co/orfeo/index_frames.php?PHPSESSID=120906081130o17216180APARDO&fechah=20120906_1346937090&krd=APARDO&swLog=1&orno=1" "Mozilla/5.0 (Windows NT 6.1; WOW64; rv:14.0) Gecko/20100101 Firefox/14.0.1"
172.16.1.80 - - [06/Sep/2012:08:11:30 -0500] "POST /orfeo/include/ajax/graficAlert.php HTTP/1.0" 200 367 "http://orfeo.minsalud.gov.co/orfeo/alertas/index.php?PHPSESSID=120906081130o17216180APARDO&swLog=&fechah=&tipo_alerta=1" "Mozilla/5.0 (Windows NT 6.1; WOW64; rv:14.0) Gecko/20100101 Firefox/14.0.1"
172.17.21.26 - - [06/Sep/2012:08:11:35 -0500] "POST /orfeo/login.php?fechah=060912_1346937089 HTTP/1.1" 302 643 "http://orfeo.minsalud.gov.co/orfeo/login.php" "Mozilla/5.0 (Windows NT 6.1; WOW64) AppleWebKit/537.1 (KHTML, like Gecko) Chrome/21.0.1180.89 Safari/537.1"
172.17.21.26 - - [06/Sep/2012:08:11:35 -0500] "GET /orfeo/index_frames.php?PHPSESSID=120906081135o172172126LARREGOCES&fechah=20120906_1346937095&krd=LARREGOCES&swLog=1&orno=1 HTTP/1.1" 200 836 "http://orfeo.minsalud.gov.co/orfeo/login.php" "Mozilla/5.0 (Windows NT 6.1; WOW64) AppleWebKit/537.1 (KHTML, like Gecko) Chrome/21.0.1180.89 Safari/537.1"
172.17.21.26 - - [06/Sep/2012:08:11:35 -0500] "GET /orfeo/f_top.php?PHPSESSID=120906081135o172172126LARREGOCES&fechah= HTTP/1.1" 200 2568 "http://orfeo.minsalud.gov.co/orfeo/index_frames.php?PHPSESSID=120906081135o172172126LARREGOCES&fechah=20120906_1346937095&krd=LARREGOCES&swLog=1&orno=1" "Mozilla/5.0 (Windows NT 6.1; WOW64) AppleWebKit/537.1 (KHTML, like Gecko) Chrome/21.0.1180.89 Safari/537.1"
172.17.21.26 - - [06/Sep/2012:08:11:35 -0500] "GET /orfeo/alertas/index.php?PHPSESSID=120906081135o172172126LARREGOCES&swLog=&fechah=&tipo_alerta=1 HTTP/1.1" 200 2085 "http://orfeo.minsalud.gov.co/orfeo/index_frames.php?PHPSESSID=120906081135o172172126LARREGOCES&fechah=20120906_1346937095&krd=LARREGOCES&swLog=1&orno=1" "Mozilla/5.0 (Windows NT 6.1; WOW64) AppleWebKit/537.1 (KHTML, like Gecko) Chrome/21.0.1180.89 Safari/537.1"
172.17.21.26 - - [06/Sep/2012:08:11:35 -0500] "GET /orfeo/estilos//orfeo.css HTTP/1.1" 200 1369 "http://orfeo.minsalud.gov.co/orfeo/alertas/index.php?PHPSESSID=120906081135o172172126LARREGOCES&swLog=&fechah=&tipo_alerta=1" "Mozilla/5.0 (Windows NT 6.1; WOW64) AppleWebKit/537.1 (KHTML, like Gecko) Chrome/21.0.1180.89 Safari/537.1"
172.17.21.26 - - [06/Sep/2012:08:11:35 -0500] "GET /orfeo/js/jquery-1.4.2.min.js HTTP/1.1" 200 25048 "http://orfeo.minsalud.gov.co/orfeo/f_top.php?PHPSESSID=120906081135o172172126LARREGOCES&fechah=" "Mozilla/5.0 (Windows NT 6.1; WOW64) AppleWebKit/537.1 (KHTML, like Gecko) Chrome/21.0.1180.89 Safari/537.1"
172.17.21.26 - - [06/Sep/2012:08:11:35 -0500] "GET /orfeo/js/ajaxSessionRads.js HTTP/1.1" 200 779 "http://orfeo.minsalud.gov.co/orfeo/f_top.php?PHPSESSID=120906081135o172172126LARREGOCES&fechah=" "Mozilla/5.0 (Windows NT 6.1; WOW64) AppleWebKit/537.1 (KHTML, like Gecko) Chrome/21.0.1180.89 Safari/537.1"
172.17.21.26 - - [06/Sep/2012:08:11:35 -0500] "GET /orfeo/js/jqplot.barRenderer.js HTTP/1.1" 200 5379 "http://orfeo.minsalud.gov.co/orfeo/alertas/index.php?PHPSESSID=120906081135o172172126LARREGOCES&swLog=&fechah=&tipo_alerta=1" "Mozilla/5.0 (Windows NT 6.1; WOW64) AppleWebKit/537.1 (KHTML, like Gecko) Chrome/21.0.1180.89 Safari/537.1"
172.17.21.26 - - [06/Sep/2012:08:11:35 -0500] "GET /orfeo/js/jqplot.pieRenderer.js HTTP/1.1" 200 7403 "http://orfeo.minsalud.gov.co/orfeo/alertas/index.php?PHPSESSID=120906081135o172172126LARREGOCES&swLog=&fechah=&tipo_alerta=1" "Mozilla/5.0 (Windows NT 6.1; WOW64) AppleWebKit/537.1 (KHTML, like Gecko) Chrome/21.0.1180.89 Safari/537.1"
172.17.21.26 - - [06/Sep/2012:08:11:35 -0500] "GET /orfeo/js/jqplot.canvasAxisLabelRenderer.js HTTP/1.1" 200 2802 "http://orfeo.minsalud.gov.co/orfeo/alertas/index.php?PHPSESSID=120906081135o172172126LARREGOCES&swLog=&fechah=&tipo_alerta=1" "Mozilla/5.0 (Windows NT 6.1; WOW64) AppleWebKit/537.1 (KHTML, like Gecko) Chrome/21.0.1180.89 Safari/537.1"
172.17.21.26 - - [06/Sep/2012:08:11:35 -0500] "GET /orfeo/js/jqplot.categoryAxisRenderer.js HTTP/1.1" 200 5337 "http://orfeo.minsalud.gov.co/orfeo/alertas/index.php?PHPSESSID=120906081135o172172126LARREGOCES&swLog=&fechah=&tipo_alerta=1" "Mozilla/5.0 (Windows NT 6.1; WOW64) AppleWebKit/537.1 (KHTML, like Gecko) Chrome/21.0.1180.89 Safari/537.1"
172.17.21.26 - - [06/Sep/2012:08:11:35 -0500] "GET /orfeo/js/jquery.jqplot.js HTTP/1.1" 200 55195 "http://orfeo.minsalud.gov.co/orfeo/alertas/index.php?PHPSESSID=120906081135o172172126LARREGOCES&swLog=&fechah=&tipo_alerta=1" "Mozilla/5.0 (Windows NT 6.1; WOW64) AppleWebKit/537.1 (KHTML, like Gecko) Chrome/21.0.1180.89 Safari/537.1"
172.17.21.26 - - [06/Sep/2012:08:11:35 -0500] "GET /orfeo/imagenes/logo.gif HTTP/1.1" 200 14163 "http://orfeo.minsalud.gov.co/orfeo/f_top.php?PHPSESSID=120906081135o172172126LARREGOCES&fechah=" "Mozilla/5.0 (Windows NT 6.1; WOW64) AppleWebKit/537.1 (KHTML, like Gecko) Chrome/21.0.1180.89 Safari/537.1"
172.17.21.26 - - [06/Sep/2012:08:11:35 -0500] "GET /orfeo/imagenes/cabezote_r1_c2.gif HTTP/1.1" 200 1130 "http://orfeo.minsalud.gov.co/orfeo/f_top.php?PHPSESSID=120906081135o172172126LARREGOCES&fechah=" "Mozilla/5.0 (Windows NT 6.1; WOW64) AppleWebKit/537.1 (KHTML, like Gecko) Chrome/21.0.1180.89 Safari/537.1"
172.17.21.26 - - [06/Sep/2012:08:11:35 -0500] "GET /orfeo/imagenes/carritoD2.gif HTTP/1.1" 200 651 "http://orfeo.minsalud.gov.co/orfeo/f_top.php?PHPSESSID=120906081135o172172126LARREGOCES&fechah=" "Mozilla/5.0 (Windows NT 6.1; WOW64) AppleWebKit/537.1 (KHTML, like Gecko) Chrome/21.0.1180.89 Safari/537.1"
172.17.21.26 - - [06/Sep/2012:08:11:35 -0500] "GET /orfeo/imagenes/carritoOn.gif HTTP/1.1" 200 1188 "http://orfeo.minsalud.gov.co/orfeo/f_top.php?PHPSESSID=120906081135o172172126LARREGOCES&fechah=" "Mozilla/5.0 (Windows NT 6.1; WOW64) AppleWebKit/537.1 (KHTML, like Gecko) Chrome/21.0.1180.89 Safari/537.1"
172.17.21.26 - - [06/Sep/2012:08:11:35 -0500] "GET /orfeo/imagenes/carritoOff.gif HTTP/1.1" 200 401 "http://orfeo.minsalud.gov.co/orfeo/f_top.php?PHPSESSID=120906081135o172172126LARREGOCES&fechah=" "Mozilla/5.0 (Windows NT 6.1; WOW64) AppleWebKit/537.1 (KHTML, like Gecko) Chrome/21.0.1180.89 Safari/537.1"
172.17.21.26 - - [06/Sep/2012:08:11:35 -0500] "GET /orfeo/imagenes/plant.gif HTTP/1.1" 200 653 "http://orfeo.minsalud.gov.co/orfeo/f_top.php?PHPSESSID=120906081135o172172126LARREGOCES&fechah=" "Mozilla/5.0 (Windows NT 6.1; WOW64) AppleWebKit/537.1 (KHTML, like Gecko) Chrome/21.0.1180.89 Safari/537.1"
172.17.21.26 - - [06/Sep/2012:08:11:35 -0500] "GET /orfeo/imagenes/ayuda.gif HTTP/1.1" 200 643 "http://orfeo.minsalud.gov.co/orfeo/f_top.php?PHPSESSID=120906081135o172172126LARREGOCES&fechah=" "Mozilla/5.0 (Windows NT 6.1; WOW64) AppleWebKit/537.1 (KHTML, like Gecko) Chrome/21.0.1180.89 Safari/537.1"
172.17.21.26 - - [06/Sep/2012:08:11:35 -0500] "GET /orfeo/imagenes/info.gif HTTP/1.1" 200 640 "http://orfeo.minsalud.gov.co/orfeo/f_top.php?PHPSESSID=120906081135o172172126LARREGOCES&fechah=" "Mozilla/5.0 (Windows NT 6.1; WOW64) AppleWebKit/537.1 (KHTML, like Gecko) Chrome/21.0.1180.89 Safari/537.1"
172.17.21.26 - - [06/Sep/2012:08:11:35 -0500] "GET /orfeo/imagenes/creditos.gif HTTP/1.1" 200 902 "http://orfeo.minsalud.gov.co/orfeo/f_top.php?PHPSESSID=120906081135o172172126LARREGOCES&fechah=" "Mozilla/5.0 (Windows NT 6.1; WOW64) AppleWebKit/537.1 (KHTML, like Gecko) Chrome/21.0.1180.89 Safari/537.1"
172.17.21.26 - - [06/Sep/2012:08:11:35 -0500] "GET /orfeo/imagenes/contrasena.gif HTTP/1.1" 200 855 "http://orfeo.minsalud.gov.co/orfeo/f_top.php?PHPSESSID=120906081135o172172126LARREGOCES&fechah=" "Mozilla/5.0 (Windows NT 6.1; WOW64) AppleWebKit/537.1 (KHTML, like Gecko) Chrome/21.0.1180.89 Safari/537.1"
172.17.21.26 - - [06/Sep/2012:08:11:35 -0500] "GET /orfeo/imagenes/estadistic.gif HTTP/1.1" 200 857 "http://orfeo.minsalud.gov.co/orfeo/f_top.php?PHPSESSID=120906081135o172172126LARREGOCES&fechah=" "Mozilla/5.0 (Windows NT 6.1; WOW64) AppleWebKit/537.1 (KHTML, like Gecko) Chrome/21.0.1180.89 Safari/537.1"
172.17.21.26 - - [06/Sep/2012:08:11:35 -0500] "GET /orfeo/imagenes/salir.gif HTTP/1.1" 200 685 "http://orfeo.minsalud.gov.co/orfeo/f_top.php?PHPSESSID=120906081135o172172126LARREGOCES&fechah=" "Mozilla/5.0 (Windows NT 6.1; WOW64) AppleWebKit/537.1 (KHTML, like Gecko) Chrome/21.0.1180.89 Safari/537.1"
172.17.21.26 - - [06/Sep/2012:08:11:35 -0500] "GET /orfeo/imagenes/soporte.gif HTTP/1.1" 200 653 "http://orfeo.minsalud.gov.co/orfeo/f_top.php?PHPSESSID=120906081135o172172126LARREGOCES&fechah=" "Mozilla/5.0 (Windows NT 6.1; WOW64) AppleWebKit/537.1 (KHTML, like Gecko) Chrome/21.0.1180.89 Safari/537.1"
172.17.21.26 - - [06/Sep/2012:08:11:35 -0500] "GET /orfeo/correspondencia.php?PHPSESSID=120906081135o172172126LARREGOCES&fechah= HTTP/1.1" 200 3901 "http://orfeo.minsalud.gov.co/orfeo/index_frames.php?PHPSESSID=120906081135o172172126LARREGOCES&fechah=20120906_1346937095&krd=LARREGOCES&swLog=1&orno=1" "Mozilla/5.0 (Windows NT 6.1; WOW64) AppleWebKit/537.1 (KHTML, like Gecko) Chrome/21.0.1180.89 Safari/537.1"
172.17.21.26 - - [06/Sep/2012:08:11:35 -0500] "GET /orfeo/js/jqplot.pointLabels.min.js HTTP/1.1" 200 2422 "http://orfeo.minsalud.gov.co/orfeo/alertas/index.php?PHPSESSID=120906081135o172172126LARREGOCES&swLog=&fechah=&tipo_alerta=1" "Mozilla/5.0 (Windows NT 6.1; WOW64) AppleWebKit/537.1 (KHTML, like Gecko) Chrome/21.0.1180.89 Safari/537.1"
172.17.21.26 - - [06/Sep/2012:08:11:35 -0500] "GET /orfeo/js/graficosRadi.js HTTP/1.1" 200 1680 "http://orfeo.minsalud.gov.co/orfeo/alertas/index.php?PHPSESSID=120906081135o172172126LARREGOCES&swLog=&fechah=&tipo_alerta=1" "Mozilla/5.0 (Windows NT 6.1; WOW64) AppleWebKit/537.1 (KHTML, like Gecko) Chrome/21.0.1180.89 Safari/537.1"
172.17.21.26 - - [06/Sep/2012:08:11:35 -0500] "GET /orfeo/js/jqplot.canvasAxisTickRenderer.js HTTP/1.1" 200 3168 "http://orfeo.minsalud.gov.co/orfeo/alertas/index.php?PHPSESSID=120906081135o172172126LARREGOCES&swLog=&fechah=&tipo_alerta=1" "Mozilla/5.0 (Windows NT 6.1; WOW64) AppleWebKit/537.1 (KHTML, like Gecko) Chrome/21.0.1180.89 Safari/537.1"
172.17.21.26 - - [06/Sep/2012:08:11:35 -0500] "GET /orfeo/js/jqplot.canvasTextRenderer.js HTTP/1.1" 200 5159 "http://orfeo.minsalud.gov.co/orfeo/alertas/index.php?PHPSESSID=120906081135o172172126LARREGOCES&swLog=&fechah=&tipo_alerta=1" "Mozilla/5.0 (Windows NT 6.1; WOW64) AppleWebKit/537.1 (KHTML, like Gecko) Chrome/21.0.1180.89 Safari/537.1"
172.17.21.26 - - [06/Sep/2012:08:11:35 -0500] "GET /orfeo/logoEntidad.gif HTTP/1.1" 200 5595 "http://orfeo.minsalud.gov.co/orfeo/alertas/index.php?PHPSESSID=120906081135o172172126LARREGOCES&swLog=&fechah=&tipo_alerta=1" "Mozilla/5.0 (Windows NT 6.1; WOW64) AppleWebKit/537.1 (KHTML, like Gecko) Chrome/21.0.1180.89 Safari/537.1"
172.17.21.26 - - [06/Sep/2012:08:11:35 -0500] "GET /orfeo/include/xajax/xajax_js/xajax.js HTTP/1.1" 200 5203 "http://orfeo.minsalud.gov.co/orfeo/correspondencia.php?PHPSESSID=120906081135o172172126LARREGOCES&fechah=" "Mozilla/5.0 (Windows NT 6.1; WOW64) AppleWebKit/537.1 (KHTML, like Gecko) Chrome/21.0.1180.89 Safari/537.1"
172.17.21.26 - - [06/Sep/2012:08:11:35 -0500] "GET /orfeo/imagenes/menu_r5_c1.gif HTTP/1.1" 200 910 "http://orfeo.minsalud.gov.co/orfeo/correspondencia.php?PHPSESSID=120906081135o172172126LARREGOCES&fechah=" "Mozilla/5.0 (Windows NT 6.1; WOW64) AppleWebKit/537.1 (KHTML, like Gecko) Chrome/21.0.1180.89 Safari/537.1"
172.17.21.26 - - [06/Sep/2012:08:11:35 -0500] "GET /orfeo/imagenes/menu_r1_c1.gif HTTP/1.1" 200 823 "http://orfeo.minsalud.gov.co/orfeo/correspondencia.php?PHPSESSID=120906081135o172172126LARREGOCES&fechah=" "Mozilla/5.0 (Windows NT 6.1; WOW64) AppleWebKit/537.1 (KHTML, like Gecko) Chrome/21.0.1180.89 Safari/537.1"
172.17.21.26 - - [06/Sep/2012:08:11:35 -0500] "GET /orfeo/imagenes/menu_r3_c1.gif HTTP/1.1" 200 946 "http://orfeo.minsalud.gov.co/orfeo/correspondencia.php?PHPSESSID=120906081135o172172126LARREGOCES&fechah=" "Mozilla/5.0 (Windows NT 6.1; WOW64) AppleWebKit/537.1 (KHTML, like Gecko) Chrome/21.0.1180.89 Safari/537.1"
172.17.21.26 - - [06/Sep/2012:08:11:35 -0500] "POST /orfeo/include/ajax/graficAlert.php HTTP/1.1" 200 366 "http://orfeo.minsalud.gov.co/orfeo/alertas/index.php?PHPSESSID=120906081135o172172126LARREGOCES&swLog=&fechah=&tipo_alerta=1" "Mozilla/5.0 (Windows NT 6.1; WOW64) AppleWebKit/537.1 (KHTML, like Gecko) Chrome/21.0.1180.89 Safari/537.1"
172.16.1.80 - - [06/Sep/2012:08:11:36 -0500] "GET /orfeo/cerrar_session.php?PHPSESSID=120906081130o17216180APARDO HTTP/1.0" 200 931 "http://orfeo.minsalud.gov.co/orfeo/f_top.php?PHPSESSID=120906081130o17216180APARDO&fechah=" "Mozilla/5.0 (Windows NT 6.1; WOW64; rv:14.0) Gecko/20100101 Firefox/14.0.1"
172.16.1.80 - - [06/Sep/2012:08:11:36 -0500] "GET /orfeo/cerrar_session.php?PHPSESSID=120906081130o17216180APARDO HTTP/1.0" 200 931 "http://orfeo.minsalud.gov.co/orfeo/cerrar_session.php?PHPSESSID=120906081130o17216180APARDO" "Mozilla/5.0 (Windows NT 6.1; WOW64; rv:14.0) Gecko/20100101 Firefox/14.0.1"
172.16.1.80 - - [06/Sep/2012:08:11:40 -0500] "GET /orfeo/login.php HTTP/1.0" 200 3087 "http://orfeo.minsalud.gov.co/orfeo/cerrar_session.php?PHPSESSID=120906081130o17216180APARDO" "Mozilla/5.0 (Windows NT 6.1; WOW64; rv:14.0) Gecko/20100101 Firefox/14.0.1"
172.16.1.80 - - [06/Sep/2012:08:11:40 -0500] "GET /orfeo/.orfeo38orfeo.css HTTP/1.0" 404 512 "http://orfeo.minsalud.gov.co/orfeo/login.php" "Mozilla/5.0 (Windows NT 6.1; WOW64; rv:14.0) Gecko/20100101 Firefox/14.0.1"
172.17.14.48 - - [06/Sep/2012:08:11:47 -0500] "GET / HTTP/1.1" 302 339 "-" "Mozilla/5.0 (Windows NT 6.1; WOW64; rv:12.0) Gecko/20100101 Firefox/12.0"
172.17.14.48 - - [06/Sep/2012:08:11:47 -0500] "GET /orfeo/index.php HTTP/1.1" 302 331 "-" "Mozilla/5.0 (Windows NT 6.1; WOW64; rv:12.0) Gecko/20100101 Firefox/12.0"
172.17.14.48 - - [06/Sep/2012:08:11:47 -0500] "GET /orfeo/login.php HTTP/1.1" 200 3089 "-" "Mozilla/5.0 (Windows NT 6.1; WOW64; rv:12.0) Gecko/20100101 Firefox/12.0"
172.17.14.48 - - [06/Sep/2012:08:11:47 -0500] "GET /orfeo/logoEntidad.png HTTP/1.1" 200 5299 "http://orfeo.minsalud.gov.co/orfeo/login.php" "Mozilla/5.0 (Windows NT 6.1; WOW64; rv:12.0) Gecko/20100101 Firefox/12.0"
172.17.14.48 - - [06/Sep/2012:08:11:47 -0500] "GET /orfeo/imagenes/gnu.gif HTTP/1.1" 200 3203 "-" "Mozilla/5.0 (Windows NT 6.1; WOW64; rv:12.0) Gecko/20100101 Firefox/12.0"
172.17.14.48 - - [06/Sep/2012:08:11:47 -0500] "GET /orfeo/.orfeo38orfeo.css HTTP/1.1" 404 512 "http://orfeo.minsalud.gov.co/orfeo/login.php" "Mozilla/5.0 (Windows NT 6.1; WOW64; rv:12.0) Gecko/20100101 Firefox/12.0"
172.17.14.48 - - [06/Sep/2012:08:11:47 -0500] "GET /orfeo/imagenes/index_web_login.jpg HTTP/1.1" 200 41749 "http://orfeo.minsalud.gov.co/orfeo/login.php" "Mozilla/5.0 (Windows NT 6.1; WOW64; rv:12.0) Gecko/20100101 Firefox/12.0"
172.16.1.241 - - [06/Sep/2012:08:11:51 -0500] "OPTIONS * HTTP/1.0" 200 152 "-" "Apache/2.2.16 (Debian) (internal dummy connection)"
172.16.1.241 - - [06/Sep/2012:08:11:52 -0500] "OPTIONS * HTTP/1.0" 200 152 "-" "Apache/2.2.16 (Debian) (internal dummy connection)"
172.16.1.241 - - [06/Sep/2012:08:11:56 -0500] "OPTIONS * HTTP/1.0" 200 152 "-" "Apache/2.2.16 (Debian) (internal dummy connection)"
172.16.1.80 - - [06/Sep/2012:08:11:59 -0500] "POST /orfeo/login.php?fechah=060912_1346937100 HTTP/1.0" 302 661 "http://orfeo.minsalud.gov.co/orfeo/login.php" "Mozilla/5.0 (Windows NT 6.1; WOW64; rv:14.0) Gecko/20100101 Firefox/14.0.1"
172.16.1.80 - - [06/Sep/2012:08:11:59 -0500] "GET /orfeo/index_frames.php?PHPSESSID=120906081159o17216180KESPRIELLA&fechah=20120906_1346937119&krd=KESPRIELLA&swLog=1&orno=1 HTTP/1.0" 200 835 "http://orfeo.minsalud.gov.co/orfeo/login.php" "Mozilla/5.0 (Windows NT 6.1; WOW64; rv:14.0) Gecko/20100101 Firefox/14.0.1"
172.16.1.80 - - [06/Sep/2012:08:11:59 -0500] "GET /orfeo/f_top.php?PHPSESSID=120906081159o17216180KESPRIELLA&fechah= HTTP/1.0" 200 2568 "http://orfeo.minsalud.gov.co/orfeo/index_frames.php?PHPSESSID=120906081159o17216180KESPRIELLA&fechah=20120906_1346937119&krd=KESPRIELLA&swLog=1&orno=1" "Mozilla/5.0 (Windows NT 6.1; WOW64; rv:14.0) Gecko/20100101 Firefox/14.0.1"
172.16.1.80 - - [06/Sep/2012:08:11:59 -0500] "GET /orfeo/correspondencia.php?PHPSESSID=120906081159o17216180KESPRIELLA&fechah= HTTP/1.0" 200 4049 "http://orfeo.minsalud.gov.co/orfeo/index_frames.php?PHPSESSID=120906081159o17216180KESPRIELLA&fechah=20120906_1346937119&krd=KESPRIELLA&swLog=1&orno=1" "Mozilla/5.0 (Windows NT 6.1; WOW64; rv:14.0) Gecko/20100101 Firefox/14.0.1"
172.16.1.80 - - [06/Sep/2012:08:11:59 -0500] "GET /orfeo/alertas/index.php?PHPSESSID=120906081159o17216180KESPRIELLA&swLog=&fechah=&tipo_alerta=1 HTTP/1.0" 200 2085 "http://orfeo.minsalud.gov.co/orfeo/index_frames.php?PHPSESSID=120906081159o17216180KESPRIELLA&fechah=20120906_1346937119&krd=KESPRIELLA&swLog=1&orno=1" "Mozilla/5.0 (Windows NT 6.1; WOW64; rv:14.0) Gecko/20100101 Firefox/14.0.1"
172.16.1.80 - - [06/Sep/2012:08:12:00 -0500] "POST /orfeo/include/ajax/graficAlert.php HTTP/1.0" 200 367 "http://orfeo.minsalud.gov.co/orfeo/alertas/index.php?PHPSESSID=120906081159o17216180KESPRIELLA&swLog=&fechah=&tipo_alerta=1" "Mozilla/5.0 (Windows NT 6.1; WOW64; rv:14.0) Gecko/20100101 Firefox/14.0.1"
172.16.1.241 - - [06/Sep/2012:08:12:03 -0500] "OPTIONS * HTTP/1.0" 200 152 "-" "Apache/2.2.16 (Debian) (internal dummy connection)"
172.16.1.80 - - [06/Sep/2012:08:12:05 -0500] "GET /orfeo/Administracion/formAdministracion.php?PHPSESSID=120906081159o17216180KESPRIELLA&fechah=060912_1346937119&usr=d41d8cd98f00b204e9800998ecf8427e&primera=1&ent=1 HTTP/1.0" 200 1353 "http://orfeo.minsalud.gov.co/orfeo/correspondencia.php?PHPSESSID=120906081159o17216180KESPRIELLA&fechah=" "Mozilla/5.0 (Windows NT 6.1; WOW64; rv:14.0) Gecko/20100101 Firefox/14.0.1"
172.16.1.80 - - [06/Sep/2012:08:12:06 -0500] "GET /orfeo/Administracion/usuario/mnuUsuarios.php?PHPSESSID=120906081159o17216180KESPRIELLA&krd=KESPRIELLA HTTP/1.0" 200 982 "http://orfeo.minsalud.gov.co/orfeo/Administracion/formAdministracion.php?PHPSESSID=120906081159o17216180KESPRIELLA&fechah=060912_1346937119&usr=d41d8cd98f00b204e9800998ecf8427e&primera=1&ent=1" "Mozilla/5.0 (Windows NT 6.1; WOW64; rv:14.0) Gecko/20100101 Firefox/14.0.1"
172.16.1.80 - - [06/Sep/2012:08:12:07 -0500] "GET /orfeo/Administracion/usuario/cuerpoEdicion.php?PHPSESSID=120906081159o17216180KESPRIELLA&usModo=2 HTTP/1.0" 200 5770 "http://orfeo.minsalud.gov.co/orfeo/Administracion/usuario/mnuUsuarios.php?PHPSESSID=120906081159o17216180KESPRIELLA&krd=KESPRIELLA" "Mozilla/5.0 (Windows NT 6.1; WOW64; rv:14.0) Gecko/20100101 Firefox/14.0.1"
172.16.1.80 - - [06/Sep/2012:08:12:07 -0500] "GET /js/spiffyCal/spiffyCal_v2_1.css HTTP/1.0" 404 521 "http://orfeo.minsalud.gov.co/orfeo/Administracion/usuario/cuerpoEdicion.php?PHPSESSID=120906081159o17216180KESPRIELLA&usModo=2" "Mozilla/5.0 (Windows NT 6.1; WOW64; rv:14.0) Gecko/20100101 Firefox/14.0.1"
172.16.1.80 - - [06/Sep/2012:08:12:12 -0500] "GET /orfeo/Administracion/usuario/cuerpoEdicion.php?PHPSESSID=120906081159o17216180KESPRIELLA&dep_sel=4230 HTTP/1.0" 200 5398 "http://orfeo.minsalud.gov.co/orfeo/Administracion/usuario/cuerpoEdicion.php?PHPSESSID=120906081159o17216180KESPRIELLA&usModo=2" "Mozilla/5.0 (Windows NT 6.1; WOW64; rv:14.0) Gecko/20100101 Firefox/14.0.1"
172.16.1.80 - - [06/Sep/2012:08:12:12 -0500] "GET /js/spiffyCal/spiffyCal_v2_1.css HTTP/1.0" 404 521 "http://orfeo.minsalud.gov.co/orfeo/Administracion/usuario/cuerpoEdicion.php?PHPSESSID=120906081159o17216180KESPRIELLA&dep_sel=4230" "Mozilla/5.0 (Windows NT 6.1; WOW64; rv:14.0) Gecko/20100101 Firefox/14.0.1"
172.17.14.48 - - [06/Sep/2012:08:12:13 -0500] "POST /orfeo/login.php?fechah=060912_1346937107 HTTP/1.1" 200 1717 "http://orfeo.minsalud.gov.co/orfeo/login.php" "Mozilla/5.0 (Windows NT 6.1; WOW64; rv:12.0) Gecko/20100101 Firefox/12.0"
172.17.14.48 - - [06/Sep/2012:08:12:13 -0500] "GET /orfeo/estilos/orfeo38/orfeo.css HTTP/1.1" 200 2700 "http://orfeo.minsalud.gov.co/orfeo/login.php?fechah=060912_1346937107" "Mozilla/5.0 (Windows NT 6.1; WOW64; rv:12.0) Gecko/20100101 Firefox/12.0"
