172.16.1.80 - - [06/Sep/2012:07:53:18 -0500] "GET /orfeo/login.php HTTP/1.0" 200 3089 "http://orfeo.minsalud.gov.co/orfeo/cerrar_session.php?PHPSESSID=120906075251o17216180LFOREROG" "Mozilla/5.0 (Windows NT 6.1; WOW64; rv:14.0) Gecko/20100101 Firefox/14.0.1"
172.16.1.80 - - [06/Sep/2012:07:53:18 -0500] "GET /orfeo/.orfeo38orfeo.css HTTP/1.0" 404 512 "http://orfeo.minsalud.gov.co/orfeo/login.php" "Mozilla/5.0 (Windows NT 6.1; WOW64; rv:14.0) Gecko/20100101 Firefox/14.0.1"
172.17.14.20 - - [06/Sep/2012:07:53:19 -0500] "POST /orfeo/login.php?fechah=060912_1346935987 HTTP/1.1" 302 631 "http://orfeo.minsalud.gov.co/orfeo/login.php" "Mozilla/5.0 (Windows NT 6.1; WOW64; rv:14.0) Gecko/20100101 Firefox/14.0.1"
172.17.14.20 - - [06/Sep/2012:07:53:19 -0500] "GET /orfeo/index_frames.php?PHPSESSID=120906075319o172171420RLUQUE&fechah=20120906_1346935999&krd=RLUQUE&swLog=1&orno=1 HTTP/1.1" 200 833 "http://orfeo.minsalud.gov.co/orfeo/login.php" "Mozilla/5.0 (Windows NT 6.1; WOW64; rv:14.0) Gecko/20100101 Firefox/14.0.1"
172.17.14.20 - - [06/Sep/2012:07:53:19 -0500] "GET /orfeo/f_top.php?PHPSESSID=120906075319o172171420RLUQUE&fechah= HTTP/1.1" 200 2565 "http://orfeo.minsalud.gov.co/orfeo/index_frames.php?PHPSESSID=120906075319o172171420RLUQUE&fechah=20120906_1346935999&krd=RLUQUE&swLog=1&orno=1" "Mozilla/5.0 (Windows NT 6.1; WOW64; rv:14.0) Gecko/20100101 Firefox/14.0.1"
172.17.14.20 - - [06/Sep/2012:07:53:19 -0500] "GET /orfeo/alertas/index.php?PHPSESSID=120906075319o172171420RLUQUE&swLog=&fechah=&tipo_alerta=1 HTTP/1.1" 200 2084 "http://orfeo.minsalud.gov.co/orfeo/index_frames.php?PHPSESSID=120906075319o172171420RLUQUE&fechah=20120906_1346935999&krd=RLUQUE&swLog=1&orno=1" "Mozilla/5.0 (Windows NT 6.1; WOW64; rv:14.0) Gecko/20100101 Firefox/14.0.1"
172.17.14.20 - - [06/Sep/2012:07:53:19 -0500] "GET /orfeo/imagenes/logo.gif HTTP/1.1" 200 14164 "http://orfeo.minsalud.gov.co/orfeo/f_top.php?PHPSESSID=120906075319o172171420RLUQUE&fechah=" "Mozilla/5.0 (Windows NT 6.1; WOW64; rv:14.0) Gecko/20100101 Firefox/14.0.1"
172.17.14.20 - - [06/Sep/2012:07:53:19 -0500] "GET /orfeo/estilos//orfeo.css HTTP/1.1" 200 1369 "http://orfeo.minsalud.gov.co/orfeo/alertas/index.php?PHPSESSID=120906075319o172171420RLUQUE&swLog=&fechah=&tipo_alerta=1" "Mozilla/5.0 (Windows NT 6.1; WOW64; rv:14.0) Gecko/20100101 Firefox/14.0.1"
172.17.14.20 - - [06/Sep/2012:07:53:19 -0500] "GET /orfeo/js/ajaxSessionRads.js HTTP/1.1" 200 778 "http://orfeo.minsalud.gov.co/orfeo/f_top.php?PHPSESSID=120906075319o172171420RLUQUE&fechah=" "Mozilla/5.0 (Windows NT 6.1; WOW64; rv:14.0) Gecko/20100101 Firefox/14.0.1"
172.17.14.20 - - [06/Sep/2012:07:53:19 -0500] "GET /orfeo/js/jquery-1.4.2.min.js HTTP/1.1" 200 25048 "http://orfeo.minsalud.gov.co/orfeo/f_top.php?PHPSESSID=120906075319o172171420RLUQUE&fechah=" "Mozilla/5.0 (Windows NT 6.1; WOW64; rv:14.0) Gecko/20100101 Firefox/14.0.1"
172.17.14.20 - - [06/Sep/2012:07:53:19 -0500] "GET /orfeo/js/jquery.jqplot.js HTTP/1.1" 200 55194 "http://orfeo.minsalud.gov.co/orfeo/alertas/index.php?PHPSESSID=120906075319o172171420RLUQUE&swLog=&fechah=&tipo_alerta=1" "Mozilla/5.0 (Windows NT 6.1; WOW64; rv:14.0) Gecko/20100101 Firefox/14.0.1"
172.17.14.20 - - [06/Sep/2012:07:53:19 -0500] "GET /orfeo/js/jqplot.barRenderer.js HTTP/1.1" 200 5379 "http://orfeo.minsalud.gov.co/orfeo/alertas/index.php?PHPSESSID=120906075319o172171420RLUQUE&swLog=&fechah=&tipo_alerta=1" "Mozilla/5.0 (Windows NT 6.1; WOW64; rv:14.0) Gecko/20100101 Firefox/14.0.1"
172.17.14.20 - - [06/Sep/2012:07:53:19 -0500] "GET /orfeo/js/jqplot.pieRenderer.js HTTP/1.1" 200 7402 "http://orfeo.minsalud.gov.co/orfeo/alertas/index.php?PHPSESSID=120906075319o172171420RLUQUE&swLog=&fechah=&tipo_alerta=1" "Mozilla/5.0 (Windows NT 6.1; WOW64; rv:14.0) Gecko/20100101 Firefox/14.0.1"
172.17.14.20 - - [06/Sep/2012:07:53:19 -0500] "GET /orfeo/correspondencia.php?PHPSESSID=120906075319o172171420RLUQUE&fechah= HTTP/1.1" 200 3896 "http://orfeo.minsalud.gov.co/orfeo/index_frames.php?PHPSESSID=120906075319o172171420RLUQUE&fechah=20120906_1346935999&krd=RLUQUE&swLog=1&orno=1" "Mozilla/5.0 (Windows NT 6.1; WOW64; rv:14.0) Gecko/20100101 Firefox/14.0.1"
172.17.14.20 - - [06/Sep/2012:07:53:19 -0500] "GET /orfeo/imagenes/carritoOn.gif HTTP/1.1" 200 1189 "http://orfeo.minsalud.gov.co/orfeo/f_top.php?PHPSESSID=120906075319o172171420RLUQUE&fechah=" "Mozilla/5.0 (Windows NT 6.1; WOW64; rv:14.0) Gecko/20100101 Firefox/14.0.1"
172.17.14.20 - - [06/Sep/2012:07:53:19 -0500] "GET /orfeo/imagenes/carritoOff.gif HTTP/1.1" 200 402 "http://orfeo.minsalud.gov.co/orfeo/f_top.php?PHPSESSID=120906075319o172171420RLUQUE&fechah=" "Mozilla/5.0 (Windows NT 6.1; WOW64; rv:14.0) Gecko/20100101 Firefox/14.0.1"
172.17.14.20 - - [06/Sep/2012:07:53:19 -0500] "GET /orfeo/js/jqplot.categoryAxisRenderer.js HTTP/1.1" 200 5337 "http://orfeo.minsalud.gov.co/orfeo/alertas/index.php?PHPSESSID=120906075319o172171420RLUQUE&swLog=&fechah=&tipo_alerta=1" "Mozilla/5.0 (Windows NT 6.1; WOW64; rv:14.0) Gecko/20100101 Firefox/14.0.1"
172.17.14.20 - - [06/Sep/2012:07:53:19 -0500] "GET /orfeo/logoEntidad.gif HTTP/1.1" 200 5595 "http://orfeo.minsalud.gov.co/orfeo/alertas/index.php?PHPSESSID=120906075319o172171420RLUQUE&swLog=&fechah=&tipo_alerta=1" "Mozilla/5.0 (Windows NT 6.1; WOW64; rv:14.0) Gecko/20100101 Firefox/14.0.1"
172.17.14.20 - - [06/Sep/2012:07:53:19 -0500] "GET /orfeo/imagenes/cabezote_r1_c2.gif HTTP/1.1" 200 1130 "http://orfeo.minsalud.gov.co/orfeo/f_top.php?PHPSESSID=120906075319o172171420RLUQUE&fechah=" "Mozilla/5.0 (Windows NT 6.1; WOW64; rv:14.0) Gecko/20100101 Firefox/14.0.1"
172.17.14.20 - - [06/Sep/2012:07:53:19 -0500] "GET /orfeo/imagenes/carritoD2.gif HTTP/1.1" 200 651 "http://orfeo.minsalud.gov.co/orfeo/f_top.php?PHPSESSID=120906075319o172171420RLUQUE&fechah=" "Mozilla/5.0 (Windows NT 6.1; WOW64; rv:14.0) Gecko/20100101 Firefox/14.0.1"
172.17.14.20 - - [06/Sep/2012:07:53:19 -0500] "GET /orfeo/imagenes/plant.gif HTTP/1.1" 200 653 "http://orfeo.minsalud.gov.co/orfeo/f_top.php?PHPSESSID=120906075319o172171420RLUQUE&fechah=" "Mozilla/5.0 (Windows NT 6.1; WOW64; rv:14.0) Gecko/20100101 Firefox/14.0.1"
172.17.14.20 - - [06/Sep/2012:07:53:19 -0500] "GET /orfeo/imagenes/ayuda.gif HTTP/1.1" 200 643 "http://orfeo.minsalud.gov.co/orfeo/f_top.php?PHPSESSID=120906075319o172171420RLUQUE&fechah=" "Mozilla/5.0 (Windows NT 6.1; WOW64; rv:14.0) Gecko/20100101 Firefox/14.0.1"
172.17.14.20 - - [06/Sep/2012:07:53:19 -0500] "GET /orfeo/imagenes/info.gif HTTP/1.1" 200 640 "http://orfeo.minsalud.gov.co/orfeo/f_top.php?PHPSESSID=120906075319o172171420RLUQUE&fechah=" "Mozilla/5.0 (Windows NT 6.1; WOW64; rv:14.0) Gecko/20100101 Firefox/14.0.1"
172.17.14.20 - - [06/Sep/2012:07:53:19 -0500] "GET /orfeo/imagenes/creditos.gif HTTP/1.1" 200 902 "http://orfeo.minsalud.gov.co/orfeo/f_top.php?PHPSESSID=120906075319o172171420RLUQUE&fechah=" "Mozilla/5.0 (Windows NT 6.1; WOW64; rv:14.0) Gecko/20100101 Firefox/14.0.1"
172.17.14.20 - - [06/Sep/2012:07:53:19 -0500] "GET /orfeo/imagenes/contrasena.gif HTTP/1.1" 200 855 "http://orfeo.minsalud.gov.co/orfeo/f_top.php?PHPSESSID=120906075319o172171420RLUQUE&fechah=" "Mozilla/5.0 (Windows NT 6.1; WOW64; rv:14.0) Gecko/20100101 Firefox/14.0.1"
172.17.14.20 - - [06/Sep/2012:07:53:19 -0500] "GET /orfeo/imagenes/estadistic.gif HTTP/1.1" 200 857 "http://orfeo.minsalud.gov.co/orfeo/f_top.php?PHPSESSID=120906075319o172171420RLUQUE&fechah=" "Mozilla/5.0 (Windows NT 6.1; WOW64; rv:14.0) Gecko/20100101 Firefox/14.0.1"
172.17.14.20 - - [06/Sep/2012:07:53:19 -0500] "GET /orfeo/imagenes/salir.gif HTTP/1.1" 200 685 "http://orfeo.minsalud.gov.co/orfeo/f_top.php?PHPSESSID=120906075319o172171420RLUQUE&fechah=" "Mozilla/5.0 (Windows NT 6.1; WOW64; rv:14.0) Gecko/20100101 Firefox/14.0.1"
172.17.14.20 - - [06/Sep/2012:07:53:19 -0500] "GET /orfeo/js/jqplot.canvasAxisLabelRenderer.js HTTP/1.1" 200 2802 "http://orfeo.minsalud.gov.co/orfeo/alertas/index.php?PHPSESSID=120906075319o172171420RLUQUE&swLog=&fechah=&tipo_alerta=1" "Mozilla/5.0 (Windows NT 6.1; WOW64; rv:14.0) Gecko/20100101 Firefox/14.0.1"
172.17.14.20 - - [06/Sep/2012:07:53:19 -0500] "GET /orfeo/js/jqplot.canvasAxisTickRenderer.js HTTP/1.1" 200 3168 "http://orfeo.minsalud.gov.co/orfeo/alertas/index.php?PHPSESSID=120906075319o172171420RLUQUE&swLog=&fechah=&tipo_alerta=1" "Mozilla/5.0 (Windows NT 6.1; WOW64; rv:14.0) Gecko/20100101 Firefox/14.0.1"
172.17.14.20 - - [06/Sep/2012:07:53:19 -0500] "GET /orfeo/imagenes/soporte.gif HTTP/1.1" 200 653 "http://orfeo.minsalud.gov.co/orfeo/f_top.php?PHPSESSID=120906075319o172171420RLUQUE&fechah=" "Mozilla/5.0 (Windows NT 6.1; WOW64; rv:14.0) Gecko/20100101 Firefox/14.0.1"
172.17.14.20 - - [06/Sep/2012:07:53:19 -0500] "GET /orfeo/js/jqplot.canvasTextRenderer.js HTTP/1.1" 200 5159 "http://orfeo.minsalud.gov.co/orfeo/alertas/index.php?PHPSESSID=120906075319o172171420RLUQUE&swLog=&fechah=&tipo_alerta=1" "Mozilla/5.0 (Windows NT 6.1; WOW64; rv:14.0) Gecko/20100101 Firefox/14.0.1"
172.17.14.20 - - [06/Sep/2012:07:53:19 -0500] "GET /orfeo/js/jqplot.pointLabels.min.js HTTP/1.1" 200 2422 "http://orfeo.minsalud.gov.co/orfeo/alertas/index.php?PHPSESSID=120906075319o172171420RLUQUE&swLog=&fechah=&tipo_alerta=1" "Mozilla/5.0 (Windows NT 6.1; WOW64; rv:14.0) Gecko/20100101 Firefox/14.0.1"
172.17.14.20 - - [06/Sep/2012:07:53:19 -0500] "GET /orfeo/js/graficosRadi.js HTTP/1.1" 200 1680 "http://orfeo.minsalud.gov.co/orfeo/alertas/index.php?PHPSESSID=120906075319o172171420RLUQUE&swLog=&fechah=&tipo_alerta=1" "Mozilla/5.0 (Windows NT 6.1; WOW64; rv:14.0) Gecko/20100101 Firefox/14.0.1"
172.17.14.20 - - [06/Sep/2012:07:53:19 -0500] "GET /orfeo/imagenes/menu_r3_c1.gif HTTP/1.1" 200 946 "http://orfeo.minsalud.gov.co/orfeo/correspondencia.php?PHPSESSID=120906075319o172171420RLUQUE&fechah=" "Mozilla/5.0 (Windows NT 6.1; WOW64; rv:14.0) Gecko/20100101 Firefox/14.0.1"
172.17.14.20 - - [06/Sep/2012:07:53:19 -0500] "GET /orfeo/imagenes/menu_r5_c1.gif HTTP/1.1" 200 910 "http://orfeo.minsalud.gov.co/orfeo/correspondencia.php?PHPSESSID=120906075319o172171420RLUQUE&fechah=" "Mozilla/5.0 (Windows NT 6.1; WOW64; rv:14.0) Gecko/20100101 Firefox/14.0.1"
172.17.14.20 - - [06/Sep/2012:07:53:19 -0500] "GET /orfeo/imagenes/menu_r1_c1.gif HTTP/1.1" 200 823 "http://orfeo.minsalud.gov.co/orfeo/correspondencia.php?PHPSESSID=120906075319o172171420RLUQUE&fechah=" "Mozilla/5.0 (Windows NT 6.1; WOW64; rv:14.0) Gecko/20100101 Firefox/14.0.1"
172.17.14.20 - - [06/Sep/2012:07:53:20 -0500] "GET /orfeo/include/xajax/xajax_js/xajax.js HTTP/1.1" 200 5203 "http://orfeo.minsalud.gov.co/orfeo/correspondencia.php?PHPSESSID=120906075319o172171420RLUQUE&fechah=" "Mozilla/5.0 (Windows NT 6.1; WOW64; rv:14.0) Gecko/20100101 Firefox/14.0.1"
172.17.14.20 - - [06/Sep/2012:07:53:20 -0500] "POST /orfeo/include/ajax/graficAlert.php HTTP/1.1" 200 366 "http://orfeo.minsalud.gov.co/orfeo/alertas/index.php?PHPSESSID=120906075319o172171420RLUQUE&swLog=&fechah=&tipo_alerta=1" "Mozilla/5.0 (Windows NT 6.1; WOW64; rv:14.0) Gecko/20100101 Firefox/14.0.1"
172.16.1.241 - - [06/Sep/2012:07:53:22 -0500] "OPTIONS * HTTP/1.0" 200 152 "-" "Apache/2.2.16 (Debian) (internal dummy connection)"
172.17.2.73 - - [06/Sep/2012:07:53:23 -0500] "GET /orfeo/imagenes/internas/masTRDO.gif HTTP/1.1" 200 642 "http://orfeo.minsalud.gov.co/orfeo/cuerpo.php?PHPSESSID=120906075315o17217273MMEZAP&adodb_next_page=1&fechah=060912_1346935995&nomcarpeta=Entrada&carpeta=0&tipo_carpt=0&adodb_next_page=1" "Mozilla/5.0 (Windows NT 6.1; WOW64; rv:14.0) Gecko/20100101 Firefox/14.0.1"
172.17.2.73 - - [06/Sep/2012:07:53:23 -0500] "GET /orfeo/imagenes/internas/overMoverA.gif HTTP/1.1" 304 188 "http://orfeo.minsalud.gov.co/orfeo/cuerpo.php?PHPSESSID=120906075315o17217273MMEZAP&adodb_next_page=1&fechah=060912_1346935995&nomcarpeta=Entrada&carpeta=0&tipo_carpt=0&adodb_next_page=1" "Mozilla/5.0 (Windows NT 6.1; WOW64; rv:14.0) Gecko/20100101 Firefox/14.0.1"
172.17.2.73 - - [06/Sep/2012:07:53:23 -0500] "GET /orfeo/imagenes/internas/overReasignar.gif HTTP/1.1" 304 188 "http://orfeo.minsalud.gov.co/orfeo/cuerpo.php?PHPSESSID=120906075315o17217273MMEZAP&adodb_next_page=1&fechah=060912_1346935995&nomcarpeta=Entrada&carpeta=0&tipo_carpt=0&adodb_next_page=1" "Mozilla/5.0 (Windows NT 6.1; WOW64; rv:14.0) Gecko/20100101 Firefox/14.0.1"
172.17.2.73 - - [06/Sep/2012:07:53:23 -0500] "GET /orfeo/imagenes/internas/overDevolver.gif HTTP/1.1" 200 1947 "http://orfeo.minsalud.gov.co/orfeo/cuerpo.php?PHPSESSID=120906075315o17217273MMEZAP&adodb_next_page=1&fechah=060912_1346935995&nomcarpeta=Entrada&carpeta=0&tipo_carpt=0&adodb_next_page=1" "Mozilla/5.0 (Windows NT 6.1; WOW64; rv:14.0) Gecko/20100101 Firefox/14.0.1"
172.17.2.73 - - [06/Sep/2012:07:53:23 -0500] "GET /orfeo/imagenes/internas/overArchivar.gif HTTP/1.1" 200 1955 "http://orfeo.minsalud.gov.co/orfeo/cuerpo.php?PHPSESSID=120906075315o17217273MMEZAP&adodb_next_page=1&fechah=060912_1346935995&nomcarpeta=Entrada&carpeta=0&tipo_carpt=0&adodb_next_page=1" "Mozilla/5.0 (Windows NT 6.1; WOW64; rv:14.0) Gecko/20100101 Firefox/14.0.1"
172.17.2.73 - - [06/Sep/2012:07:53:23 -0500] "GET /orfeo/imagenes/internas/overVobo.gif HTTP/1.1" 200 1788 "http://orfeo.minsalud.gov.co/orfeo/cuerpo.php?PHPSESSID=120906075315o17217273MMEZAP&adodb_next_page=1&fechah=060912_1346935995&nomcarpeta=Entrada&carpeta=0&tipo_carpt=0&adodb_next_page=1" "Mozilla/5.0 (Windows NT 6.1; WOW64; rv:14.0) Gecko/20100101 Firefox/14.0.1"
172.16.1.241 - - [06/Sep/2012:07:53:23 -0500] "OPTIONS * HTTP/1.0" 200 152 "-" "Apache/2.2.16 (Debian) (internal dummy connection)"
172.17.2.73 - - [06/Sep/2012:07:53:23 -0500] "GET /orfeo/imagenes/internas/overInformar.gif HTTP/1.1" 200 1474 "http://orfeo.minsalud.gov.co/orfeo/cuerpo.php?PHPSESSID=120906075315o17217273MMEZAP&adodb_next_page=1&fechah=060912_1346935995&nomcarpeta=Entrada&carpeta=0&tipo_carpt=0&adodb_next_page=1" "Mozilla/5.0 (Windows NT 6.1; WOW64; rv:14.0) Gecko/20100101 Firefox/14.0.1"
172.16.1.80 - - [06/Sep/2012:07:53:23 -0500] "POST /orfeo/login.php?fechah=060912_1346935998 HTTP/1.0" 302 661 "http://orfeo.minsalud.gov.co/orfeo/login.php" "Mozilla/5.0 (Windows NT 6.1; WOW64; rv:14.0) Gecko/20100101 Firefox/14.0.1"
172.17.2.73 - - [06/Sep/2012:07:53:24 -0500] "GET /orfeo/imagenes/internas/overReasignar.gif HTTP/1.1" 304 188 "http://orfeo.minsalud.gov.co/orfeo/cuerpo.php?PHPSESSID=120906075315o17217273MMEZAP&adodb_next_page=1&fechah=060912_1346935995&nomcarpeta=Entrada&carpeta=0&tipo_carpt=0&adodb_next_page=1" "Mozilla/5.0 (Windows NT 6.1; WOW64; rv:14.0) Gecko/20100101 Firefox/14.0.1"
172.16.1.80 - - [06/Sep/2012:07:53:24 -0500] "GET /orfeo/index_frames.php?PHPSESSID=120906075323o17216180KESPRIELLA&fechah=20120906_1346936003&krd=KESPRIELLA&swLog=1&orno=1 HTTP/1.0" 200 836 "http://orfeo.minsalud.gov.co/orfeo/login.php" "Mozilla/5.0 (Windows NT 6.1; WOW64; rv:14.0) Gecko/20100101 Firefox/14.0.1"
172.16.1.80 - - [06/Sep/2012:07:53:24 -0500] "GET /orfeo/f_top.php?PHPSESSID=120906075323o17216180KESPRIELLA&fechah= HTTP/1.0" 200 2569 "http://orfeo.minsalud.gov.co/orfeo/index_frames.php?PHPSESSID=120906075323o17216180KESPRIELLA&fechah=20120906_1346936003&krd=KESPRIELLA&swLog=1&orno=1" "Mozilla/5.0 (Windows NT 6.1; WOW64; rv:14.0) Gecko/20100101 Firefox/14.0.1"
172.16.1.80 - - [06/Sep/2012:07:53:24 -0500] "GET /orfeo/alertas/index.php?PHPSESSID=120906075323o17216180KESPRIELLA&swLog=&fechah=&tipo_alerta=1 HTTP/1.0" 200 2085 "http://orfeo.minsalud.gov.co/orfeo/index_frames.php?PHPSESSID=120906075323o17216180KESPRIELLA&fechah=20120906_1346936003&krd=KESPRIELLA&swLog=1&orno=1" "Mozilla/5.0 (Windows NT 6.1; WOW64; rv:14.0) Gecko/20100101 Firefox/14.0.1"
172.16.1.80 - - [06/Sep/2012:07:53:24 -0500] "GET /orfeo/correspondencia.php?PHPSESSID=120906075323o17216180KESPRIELLA&fechah= HTTP/1.0" 200 4050 "http://orfeo.minsalud.gov.co/orfeo/index_frames.php?PHPSESSID=120906075323o17216180KESPRIELLA&fechah=20120906_1346936003&krd=KESPRIELLA&swLog=1&orno=1" "Mozilla/5.0 (Windows NT 6.1; WOW64; rv:14.0) Gecko/20100101 Firefox/14.0.1"
172.16.1.80 - - [06/Sep/2012:07:53:24 -0500] "POST /orfeo/include/ajax/graficAlert.php HTTP/1.0" 200 367 "http://orfeo.minsalud.gov.co/orfeo/alertas/index.php?PHPSESSID=120906075323o17216180KESPRIELLA&swLog=&fechah=&tipo_alerta=1" "Mozilla/5.0 (Windows NT 6.1; WOW64; rv:14.0) Gecko/20100101 Firefox/14.0.1"
172.17.14.20 - - [06/Sep/2012:07:53:28 -0500] "GET /orfeo/cuerpo.php?PHPSESSID=120906075319o172171420RLUQUE&adodb_next_page=1&fechah=060912_1346935999&nomcarpeta=Entrada&carpeta=0&tipo_carpt=0&adodb_next_page=1 HTTP/1.1" 200 6932 "http://orfeo.minsalud.gov.co/orfeo/correspondencia.php?PHPSESSID=120906075319o172171420RLUQUE&fechah=" "Mozilla/5.0 (Windows NT 6.1; WOW64; rv:14.0) Gecko/20100101 Firefox/14.0.1"
172.17.14.20 - - [06/Sep/2012:07:53:29 -0500] "GET /orfeo//imagenes/internas/principal_r4_c3.gif HTTP/1.1" 200 588 "http://orfeo.minsalud.gov.co/orfeo/cuerpo.php?PHPSESSID=120906075319o172171420RLUQUE&adodb_next_page=1&fechah=060912_1346935999&nomcarpeta=Entrada&carpeta=0&tipo_carpt=0&adodb_next_page=1" "Mozilla/5.0 (Windows NT 6.1; WOW64; rv:14.0) Gecko/20100101 Firefox/14.0.1"
172.17.14.20 - - [06/Sep/2012:07:53:29 -0500] "GET /orfeo/imagenes/internas/masTRD.gif HTTP/1.1" 200 580 "http://orfeo.minsalud.gov.co/orfeo/cuerpo.php?PHPSESSID=120906075319o172171420RLUQUE&adodb_next_page=1&fechah=060912_1346935999&nomcarpeta=Entrada&carpeta=0&tipo_carpt=0&adodb_next_page=1" "Mozilla/5.0 (Windows NT 6.1; WOW64; rv:14.0) Gecko/20100101 Firefox/14.0.1"
172.17.14.20 - - [06/Sep/2012:07:53:29 -0500] "GET /orfeo/imagenes/internas/masIncl.gif HTTP/1.1" 200 617 "http://orfeo.minsalud.gov.co/orfeo/cuerpo.php?PHPSESSID=120906075319o172171420RLUQUE&adodb_next_page=1&fechah=060912_1346935999&nomcarpeta=Entrada&carpeta=0&tipo_carpt=0&adodb_next_page=1" "Mozilla/5.0 (Windows NT 6.1; WOW64; rv:14.0) Gecko/20100101 Firefox/14.0.1"
172.17.14.20 - - [06/Sep/2012:07:53:29 -0500] "GET /orfeo/imagenes/internas/moverA.gif HTTP/1.1" 200 1223 "http://orfeo.minsalud.gov.co/orfeo/cuerpo.php?PHPSESSID=120906075319o172171420RLUQUE&adodb_next_page=1&fechah=060912_1346935999&nomcarpeta=Entrada&carpeta=0&tipo_carpt=0&adodb_next_page=1" "Mozilla/5.0 (Windows NT 6.1; WOW64; rv:14.0) Gecko/20100101 Firefox/14.0.1"
172.17.14.20 - - [06/Sep/2012:07:53:29 -0500] "GET /orfeo/imagenes/internas/reasignar.gif HTTP/1.1" 200 1400 "http://orfeo.minsalud.gov.co/orfeo/cuerpo.php?PHPSESSID=120906075319o172171420RLUQUE&adodb_next_page=1&fechah=060912_1346935999&nomcarpeta=Entrada&carpeta=0&tipo_carpt=0&adodb_next_page=1" "Mozilla/5.0 (Windows NT 6.1; WOW64; rv:14.0) Gecko/20100101 Firefox/14.0.1"
172.17.14.20 - - [06/Sep/2012:07:53:29 -0500] "GET /orfeo/imagenes/internas/informar.gif HTTP/1.1" 200 1285 "http://orfeo.minsalud.gov.co/orfeo/cuerpo.php?PHPSESSID=120906075319o172171420RLUQUE&adodb_next_page=1&fechah=060912_1346935999&nomcarpeta=Entrada&carpeta=0&tipo_carpt=0&adodb_next_page=1" "Mozilla/5.0 (Windows NT 6.1; WOW64; rv:14.0) Gecko/20100101 Firefox/14.0.1"
172.17.14.20 - - [06/Sep/2012:07:53:29 -0500] "GET /orfeo/imagenes/internas/devolver.gif HTTP/1.1" 200 1330 "http://orfeo.minsalud.gov.co/orfeo/cuerpo.php?PHPSESSID=120906075319o172171420RLUQUE&adodb_next_page=1&fechah=060912_1346935999&nomcarpeta=Entrada&carpeta=0&tipo_carpt=0&adodb_next_page=1" "Mozilla/5.0 (Windows NT 6.1; WOW64; rv:14.0) Gecko/20100101 Firefox/14.0.1"
172.17.14.20 - - [06/Sep/2012:07:53:29 -0500] "GET /orfeo/imagenes/internas/vobo.gif HTTP/1.1" 200 1173 "http://orfeo.minsalud.gov.co/orfeo/cuerpo.php?PHPSESSID=120906075319o172171420RLUQUE&adodb_next_page=1&fechah=060912_1346935999&nomcarpeta=Entrada&carpeta=0&tipo_carpt=0&adodb_next_page=1" "Mozilla/5.0 (Windows NT 6.1; WOW64; rv:14.0) Gecko/20100101 Firefox/14.0.1"
172.17.14.20 - - [06/Sep/2012:07:53:29 -0500] "GET /orfeo/imagenes/internas/archivar.gif HTTP/1.1" 200 1349 "http://orfeo.minsalud.gov.co/orfeo/cuerpo.php?PHPSESSID=120906075319o172171420RLUQUE&adodb_next_page=1&fechah=060912_1346935999&nomcarpeta=Entrada&carpeta=0&tipo_carpt=0&adodb_next_page=1" "Mozilla/5.0 (Windows NT 6.1; WOW64; rv:14.0) Gecko/20100101 Firefox/14.0.1"
172.17.14.20 - - [06/Sep/2012:07:53:29 -0500] "GET /orfeo/iconos/flechadesc.gif HTTP/1.1" 200 691 "http://orfeo.minsalud.gov.co/orfeo/cuerpo.php?PHPSESSID=120906075319o172171420RLUQUE&adodb_next_page=1&fechah=060912_1346935999&nomcarpeta=Entrada&carpeta=0&tipo_carpt=0&adodb_next_page=1" "Mozilla/5.0 (Windows NT 6.1; WOW64; rv:14.0) Gecko/20100101 Firefox/14.0.1"
172.17.14.20 - - [06/Sep/2012:07:53:29 -0500] "GET /orfeo/adodb/compfile.png HTTP/1.1" 200 4910 "http://orfeo.minsalud.gov.co/orfeo/cuerpo.php?PHPSESSID=120906075319o172171420RLUQUE&adodb_next_page=1&fechah=060912_1346935999&nomcarpeta=Entrada&carpeta=0&tipo_carpt=0&adodb_next_page=1" "Mozilla/5.0 (Windows NT 6.1; WOW64; rv:14.0) Gecko/20100101 Firefox/14.0.1"
172.17.14.20 - - [06/Sep/2012:07:53:29 -0500] "GET /orfeo/adodb/spreadsheet.png HTTP/1.1" 200 7907 "http://orfeo.minsalud.gov.co/orfeo/cuerpo.php?PHPSESSID=120906075319o172171420RLUQUE&adodb_next_page=1&fechah=060912_1346935999&nomcarpeta=Entrada&carpeta=0&tipo_carpt=0&adodb_next_page=1" "Mozilla/5.0 (Windows NT 6.1; WOW64; rv:14.0) Gecko/20100101 Firefox/14.0.1"
172.17.14.20 - - [06/Sep/2012:07:53:29 -0500] "GET /orfeo/js/grabRadSessCarrito.js HTTP/1.1" 200 1120 "http://orfeo.minsalud.gov.co/orfeo/cuerpo.php?PHPSESSID=120906075319o172171420RLUQUE&adodb_next_page=1&fechah=060912_1346935999&nomcarpeta=Entrada&carpeta=0&tipo_carpt=0&adodb_next_page=1" "Mozilla/5.0 (Windows NT 6.1; WOW64; rv:14.0) Gecko/20100101 Firefox/14.0.1"
172.17.14.20 - - [06/Sep/2012:07:53:29 -0500] "GET /orfeo/js/spiffyCal/spiffyCal_v2_1.css HTTP/1.1" 200 1076 "http://orfeo.minsalud.gov.co/orfeo/cuerpo.php?PHPSESSID=120906075319o172171420RLUQUE&adodb_next_page=1&fechah=060912_1346935999&nomcarpeta=Entrada&carpeta=0&tipo_carpt=0&adodb_next_page=1" "Mozilla/5.0 (Windows NT 6.1; WOW64; rv:14.0) Gecko/20100101 Firefox/14.0.1"
172.17.14.20 - - [06/Sep/2012:07:53:29 -0500] "GET /orfeo/js/spiffyCal/spiffyCal_v2_1.js HTTP/1.1" 200 10483 "http://orfeo.minsalud.gov.co/orfeo/cuerpo.php?PHPSESSID=120906075319o172171420RLUQUE&adodb_next_page=1&fechah=060912_1346935999&nomcarpeta=Entrada&carpeta=0&tipo_carpt=0&adodb_next_page=1" "Mozilla/5.0 (Windows NT 6.1; WOW64; rv:14.0) Gecko/20100101 Firefox/14.0.1"
172.17.14.20 - - [06/Sep/2012:07:53:29 -0500] "GET /orfeo/js/mensajeria.js HTTP/1.1" 200 1116 "http://orfeo.minsalud.gov.co/orfeo/cuerpo.php?PHPSESSID=120906075319o172171420RLUQUE&adodb_next_page=1&fechah=060912_1346935999&nomcarpeta=Entrada&carpeta=0&tipo_carpt=0&adodb_next_page=1" "Mozilla/5.0 (Windows NT 6.1; WOW64; rv:14.0) Gecko/20100101 Firefox/14.0.1"
172.17.14.20 - - [06/Sep/2012:07:53:29 -0500] "GET /orfeo/js/popcalendar.js HTTP/1.1" 200 978 "http://orfeo.minsalud.gov.co/orfeo/cuerpo.php?PHPSESSID=120906075319o172171420RLUQUE&adodb_next_page=1&fechah=060912_1346935999&nomcarpeta=Entrada&carpeta=0&tipo_carpt=0&adodb_next_page=1" "Mozilla/5.0 (Windows NT 6.1; WOW64; rv:14.0) Gecko/20100101 Firefox/14.0.1"
172.17.14.20 - - [06/Sep/2012:07:53:29 -0500] "GET /orfeo/js/spiffyCal/images/btn_date1_down.gif HTTP/1.1" 200 1457 "http://orfeo.minsalud.gov.co/orfeo/cuerpo.php?PHPSESSID=120906075319o172171420RLUQUE&adodb_next_page=1&fechah=060912_1346935999&nomcarpeta=Entrada&carpeta=0&tipo_carpt=0&adodb_next_page=1" "Mozilla/5.0 (Windows NT 6.1; WOW64; rv:14.0) Gecko/20100101 Firefox/14.0.1"
172.17.14.20 - - [06/Sep/2012:07:53:29 -0500] "GET /orfeo/js/spiffyCal/images/btn_date1_disabled.gif HTTP/1.1" 200 1400 "http://orfeo.minsalud.gov.co/orfeo/cuerpo.php?PHPSESSID=120906075319o172171420RLUQUE&adodb_next_page=1&fechah=060912_1346935999&nomcarpeta=Entrada&carpeta=0&tipo_carpt=0&adodb_next_page=1" "Mozilla/5.0 (Windows NT 6.1; WOW64; rv:14.0) Gecko/20100101 Firefox/14.0.1"
172.17.14.20 - - [06/Sep/2012:07:53:29 -0500] "GET /orfeo/js/spiffyCal/images/btn_date1_over.gif HTTP/1.1" 200 1441 "http://orfeo.minsalud.gov.co/orfeo/cuerpo.php?PHPSESSID=120906075319o172171420RLUQUE&adodb_next_page=1&fechah=060912_1346935999&nomcarpeta=Entrada&carpeta=0&tipo_carpt=0&adodb_next_page=1" "Mozilla/5.0 (Windows NT 6.1; WOW64; rv:14.0) Gecko/20100101 Firefox/14.0.1"
172.17.14.20 - - [06/Sep/2012:07:53:29 -0500] "GET /orfeo/js/spiffyCal/images/btn_date1_up.gif HTTP/1.1" 200 1441 "http://orfeo.minsalud.gov.co/orfeo/cuerpo.php?PHPSESSID=120906075319o172171420RLUQUE&adodb_next_page=1&fechah=060912_1346935999&nomcarpeta=Entrada&carpeta=0&tipo_carpt=0&adodb_next_page=1" "Mozilla/5.0 (Windows NT 6.1; WOW64; rv:14.0) Gecko/20100101 Firefox/14.0.1"
172.17.15.35 - - [06/Sep/2012:07:53:29 -0500] "GET / HTTP/1.1" 302 339 "-" "Mozilla/5.0 (Windows NT 5.1; rv:15.0) Gecko/20100101 Firefox/15.0"
172.17.15.35 - - [06/Sep/2012:07:53:29 -0500] "GET /orfeo/index.php HTTP/1.1" 302 331 "-" "Mozilla/5.0 (Windows NT 5.1; rv:15.0) Gecko/20100101 Firefox/15.0"
172.17.15.35 - - [06/Sep/2012:07:53:29 -0500] "GET /orfeo/login.php HTTP/1.1" 200 3088 "-" "Mozilla/5.0 (Windows NT 5.1; rv:15.0) Gecko/20100101 Firefox/15.0"
172.17.15.35 - - [06/Sep/2012:07:53:29 -0500] "GET /orfeo/logoEntidad.png HTTP/1.1" 200 5299 "http://orfeo.minsalud.gov.co/orfeo/login.php" "Mozilla/5.0 (Windows NT 5.1; rv:15.0) Gecko/20100101 Firefox/15.0"
172.17.15.35 - - [06/Sep/2012:07:53:29 -0500] "GET /orfeo/.orfeo38orfeo.css HTTP/1.1" 404 512 "http://orfeo.minsalud.gov.co/orfeo/login.php" "Mozilla/5.0 (Windows NT 5.1; rv:15.0) Gecko/20100101 Firefox/15.0"
172.17.15.35 - - [06/Sep/2012:07:53:30 -0500] "GET /orfeo/imagenes/gnu.gif HTTP/1.1" 200 3202 "-" "Mozilla/5.0 (Windows NT 5.1; rv:15.0) Gecko/20100101 Firefox/15.0"
172.17.15.35 - - [06/Sep/2012:07:53:30 -0500] "GET /orfeo/imagenes/index_web_login.jpg HTTP/1.1" 200 41749 "http://orfeo.minsalud.gov.co/orfeo/login.php" "Mozilla/5.0 (Windows NT 5.1; rv:15.0) Gecko/20100101 Firefox/15.0"
172.17.2.73 - - [06/Sep/2012:07:53:32 -0500] "GET /orfeo/imagenes/internas/masInclO.gif HTTP/1.1" 200 673 "http://orfeo.minsalud.gov.co/orfeo/cuerpo.php?PHPSESSID=120906075315o17217273MMEZAP&adodb_next_page=1&fechah=060912_1346935995&nomcarpeta=Entrada&carpeta=0&tipo_carpt=0&adodb_next_page=1" "Mozilla/5.0 (Windows NT 6.1; WOW64; rv:14.0) Gecko/20100101 Firefox/14.0.1"
172.16.1.241 - - [06/Sep/2012:07:53:33 -0500] "OPTIONS * HTTP/1.0" 200 152 "-" "Apache/2.2.16 (Debian) (internal dummy connection)"
172.17.14.20 - - [06/Sep/2012:07:53:34 -0500] "GET /orfeo/adodb/adodb-doc.inc.php?PHPSESSID=120906075319o172171420RLUQUE HTTP/1.1" 200 512 "http://orfeo.minsalud.gov.co/orfeo/cuerpo.php?PHPSESSID=120906075319o172171420RLUQUE&adodb_next_page=1&fechah=060912_1346935999&nomcarpeta=Entrada&carpeta=0&tipo_carpt=0&adodb_next_page=1" "Mozilla/5.0 (Windows NT 6.1; WOW64; rv:14.0) Gecko/20100101 Firefox/14.0.1"
172.16.1.241 - - [06/Sep/2012:07:53:34 -0500] "OPTIONS * HTTP/1.0" 200 152 "-" "Apache/2.2.16 (Debian) (internal dummy connection)"
172.16.1.80 - - [06/Sep/2012:07:53:36 -0500] "GET /orfeo/Administracion/formAdministracion.php?PHPSESSID=120906075323o17216180KESPRIELLA&fechah=060912_1346936004&usr=d41d8cd98f00b204e9800998ecf8427e&primera=1&ent=1 HTTP/1.0" 200 1354 "http://orfeo.minsalud.gov.co/orfeo/correspondencia.php?PHPSESSID=120906075323o17216180KESPRIELLA&fechah=" "Mozilla/5.0 (Windows NT 6.1; WOW64; rv:14.0) Gecko/20100101 Firefox/14.0.1"
172.16.1.80 - - [06/Sep/2012:07:53:37 -0500] "GET /orfeo/Administracion/usuario/mnuUsuarios.php?PHPSESSID=120906075323o17216180KESPRIELLA&krd=KESPRIELLA HTTP/1.0" 200 982 "http://orfeo.minsalud.gov.co/orfeo/Administracion/formAdministracion.php?PHPSESSID=120906075323o17216180KESPRIELLA&fechah=060912_1346936004&usr=d41d8cd98f00b204e9800998ecf8427e&primera=1&ent=1" "Mozilla/5.0 (Windows NT 6.1; WOW64; rv:14.0) Gecko/20100101 Firefox/14.0.1"
172.16.1.241 - - [06/Sep/2012:07:53:39 -0500] "OPTIONS * HTTP/1.0" 200 152 "-" "Apache/2.2.16 (Debian) (internal dummy connection)"
172.16.1.80 - - [06/Sep/2012:07:53:40 -0500] "GET /orfeo/Administracion/usuario/cuerpoEdicion.php?PHPSESSID=120906075323o17216180KESPRIELLA&usModo=2 HTTP/1.0" 200 5770 "http://orfeo.minsalud.gov.co/orfeo/Administracion/usuario/mnuUsuarios.php?PHPSESSID=120906075323o17216180KESPRIELLA&krd=KESPRIELLA" "Mozilla/5.0 (Windows NT 6.1; WOW64; rv:14.0) Gecko/20100101 Firefox/14.0.1"
172.16.1.80 - - [06/Sep/2012:07:53:40 -0500] "GET /js/spiffyCal/spiffyCal_v2_1.css HTTP/1.0" 404 521 "http://orfeo.minsalud.gov.co/orfeo/Administracion/usuario/cuerpoEdicion.php?PHPSESSID=120906075323o17216180KESPRIELLA&usModo=2" "Mozilla/5.0 (Windows NT 6.1; WOW64; rv:14.0) Gecko/20100101 Firefox/14.0.1"
172.16.1.241 - - [06/Sep/2012:07:53:44 -0500] "OPTIONS * HTTP/1.0" 200 152 "-" "Apache/2.2.16 (Debian) (internal dummy connection)"
172.16.1.241 - - [06/Sep/2012:07:53:45 -0500] "OPTIONS * HTTP/1.0" 200 152 "-" "Apache/2.2.16 (Debian) (internal dummy connection)"
172.16.1.80 - - [06/Sep/2012:07:53:45 -0500] "GET /orfeo/Administracion/usuario/cuerpoEdicion.php?PHPSESSID=120906075323o17216180KESPRIELLA&dep_sel=4230 HTTP/1.0" 200 5399 "http://orfeo.minsalud.gov.co/orfeo/Administracion/usuario/cuerpoEdicion.php?PHPSESSID=120906075323o17216180KESPRIELLA&usModo=2" "Mozilla/5.0 (Windows NT 6.1; WOW64; rv:14.0) Gecko/20100101 Firefox/14.0.1"
172.16.1.80 - - [06/Sep/2012:07:53:46 -0500] "GET /js/spiffyCal/spiffyCal_v2_1.css HTTP/1.0" 404 521 "http://orfeo.minsalud.gov.co/orfeo/Administracion/usuario/cuerpoEdicion.php?PHPSESSID=120906075323o17216180KESPRIELLA&dep_sel=4230" "Mozilla/5.0 (Windows NT 6.1; WOW64; rv:14.0) Gecko/20100101 Firefox/14.0.1"
172.16.1.241 - - [06/Sep/2012:07:53:46 -0500] "OPTIONS * HTTP/1.0" 200 152 "-" "Apache/2.2.16 (Debian) (internal dummy connection)"
172.16.1.241 - - [06/Sep/2012:07:53:47 -0500] "OPTIONS * HTTP/1.0" 200 152 "-" "Apache/2.2.16 (Debian) (internal dummy connection)"
172.16.1.241 - - [06/Sep/2012:07:53:48 -0500] "OPTIONS * HTTP/1.0" 200 152 "-" "Apache/2.2.16 (Debian) (internal dummy connection)"
172.16.1.241 - - [06/Sep/2012:07:53:49 -0500] "OPTIONS * HTTP/1.0" 200 152 "-" "Apache/2.2.16 (Debian) (internal dummy connection)"
172.16.1.241 - - [06/Sep/2012:07:53:50 -0500] "OPTIONS * HTTP/1.0" 200 152 "-" "Apache/2.2.16 (Debian) (internal dummy connection)"
172.16.1.241 - - [06/Sep/2012:07:53:51 -0500] "OPTIONS * HTTP/1.0" 200 152 "-" "Apache/2.2.16 (Debian) (internal dummy connection)"
172.16.1.241 - - [06/Sep/2012:07:53:52 -0500] "OPTIONS * HTTP/1.0" 200 152 "-" "Apache/2.2.16 (Debian) (internal dummy connection)"
172.17.2.73 - - [06/Sep/2012:07:53:55 -0500] "GET /orfeo/Administracion/formAdministracion.php?PHPSESSID=120906075315o17217273MMEZAP&fechah=060912_1346935995&usr=d41d8cd98f00b204e9800998ecf8427e&primera=1&ent=1 HTTP/1.1" 200 1352 "http://orfeo.minsalud.gov.co/orfeo/correspondencia.php?PHPSESSID=120906075315o17217273MMEZAP&fechah=" "Mozilla/5.0 (Windows NT 6.1; WOW64; rv:14.0) Gecko/20100101 Firefox/14.0.1"
172.16.1.80 - - [06/Sep/2012:07:53:57 -0500] "GET /orfeo/radicacion/chequear.php?PHPSESSID=120906073613o17216180MCUEVAS&krd=MCUEVAS&fechah=060912_1346934973&primera=1&ent=1&depende=2000 HTTP/1.0" 200 2660 "http://orfeo.minsalud.gov.co/orfeo/correspondencia.php?PHPSESSID=120906073613o17216180MCUEVAS&fechah=" "Mozilla/5.0 (Windows NT 5.1; rv:14.0) Gecko/20100101 Firefox/14.0.1"
172.17.2.73 - - [06/Sep/2012:07:53:58 -0500] "GET /orfeo/Administracion/usuario/mnuUsuarios.php?PHPSESSID=120906075315o17217273MMEZAP&krd=MMEZAP HTTP/1.1" 200 978 "http://orfeo.minsalud.gov.co/orfeo/Administracion/formAdministracion.php?PHPSESSID=120906075315o17217273MMEZAP&fechah=060912_1346935995&usr=d41d8cd98f00b204e9800998ecf8427e&primera=1&ent=1" "Mozilla/5.0 (Windows NT 6.1; WOW64; rv:14.0) Gecko/20100101 Firefox/14.0.1"
172.17.2.73 - - [06/Sep/2012:07:54:03 -0500] "GET /orfeo/Administracion/usuario/cuerpoConsulta.php?PHPSESSID=120906075315o17217273MMEZAP HTTP/1.1" 200 4057 "http://orfeo.minsalud.gov.co/orfeo/Administracion/usuario/mnuUsuarios.php?PHPSESSID=120906075315o17217273MMEZAP&krd=MMEZAP" "Mozilla/5.0 (Windows NT 6.1; WOW64; rv:14.0) Gecko/20100101 Firefox/14.0.1"
172.17.2.73 - - [06/Sep/2012:07:54:03 -0500] "GET /orfeo/Administracion/usuario/js/spiffyCal/spiffyCal_v2_1.css HTTP/1.1" 404 539 "http://orfeo.minsalud.gov.co/orfeo/Administracion/usuario/cuerpoConsulta.php?PHPSESSID=120906075315o17217273MMEZAP" "Mozilla/5.0 (Windows NT 6.1; WOW64; rv:14.0) Gecko/20100101 Firefox/14.0.1"
172.16.1.80 - - [06/Sep/2012:07:54:04 -0500] "GET /orfeo/alertas/index.php?PHPSESSID=120906073613o17216180MCUEVAS&swLog=&fechah=&tipo_alerta=1 HTTP/1.0" 200 2083 "http://orfeo.minsalud.gov.co/orfeo/index_frames.php?PHPSESSID=120906073613o17216180MCUEVAS&fechah=20120906_1346934973&krd=MCUEVAS&swLog=1&orno=1" "Mozilla/5.0 (Windows NT 5.1; rv:14.0) Gecko/20100101 Firefox/14.0.1"
172.16.1.80 - - [06/Sep/2012:07:54:04 -0500] "POST /orfeo/include/ajax/graficAlert.php HTTP/1.0" 200 367 "http://orfeo.minsalud.gov.co/orfeo/alertas/index.php?PHPSESSID=120906073613o17216180MCUEVAS&swLog=&fechah=&tipo_alerta=1" "Mozilla/5.0 (Windows NT 5.1; rv:14.0) Gecko/20100101 Firefox/14.0.1"
172.16.1.80 - - [06/Sep/2012:07:54:06 -0500] "POST /orfeo/Administracion/usuario/cuerpoEdicion.php?PHPSESSID=120906075323o17216180KESPRIELLA&krd=KESPRIELLA&estado_sal=&tpAnulacion=&estado_sal_max=&pagina_sig=&dep_sel=4230&nomcarpeta=Modificacion%20Usuarios HTTP/1.0" 200 3676 "http://orfeo.minsalud.gov.co/orfeo/Administracion/usuario/cuerpoEdicion.php?PHPSESSID=120906075323o17216180KESPRIELLA&dep_sel=4230" "Mozilla/5.0 (Windows NT 6.1; WOW64; rv:14.0) Gecko/20100101 Firefox/14.0.1"
172.16.1.80 - - [06/Sep/2012:07:54:06 -0500] "GET /js/spiffyCal/spiffyCal_v2_1.css HTTP/1.0" 404 521 "http://orfeo.minsalud.gov.co/orfeo/Administracion/usuario/cuerpoEdicion.php?PHPSESSID=120906075323o17216180KESPRIELLA&krd=KESPRIELLA&estado_sal=&tpAnulacion=&estado_sal_max=&pagina_sig=&dep_sel=4230&nomcarpeta=Modificacion%20Usuarios" "Mozilla/5.0 (Windows NT 6.1; WOW64; rv:14.0) Gecko/20100101 Firefox/14.0.1"
172.16.1.80 - - [06/Sep/2012:07:54:10 -0500] "POST /orfeo/Administracion/usuario/cuerpoEdicion.php?PHPSESSID=120906075323o17216180KESPRIELLA&krd=KESPRIELLA&estado_sal=&tpAnulacion=&estado_sal_max=&pagina_sig=&dep_sel=4230&nomcarpeta=Modificacion%20Usuarios HTTP/1.0" 200 3828 "http://orfeo.minsalud.gov.co/orfeo/Administracion/usuario/cuerpoEdicion.php?PHPSESSID=120906075323o17216180KESPRIELLA&krd=KESPRIELLA&estado_sal=&tpAnulacion=&estado_sal_max=&pagina_sig=&dep_sel=4230&nomcarpeta=Modificacion%20Usuarios" "Mozilla/5.0 (Windows NT 6.1; WOW64; rv:14.0) Gecko/20100101 Firefox/14.0.1"
172.16.1.80 - - [06/Sep/2012:07:54:10 -0500] "GET /js/spiffyCal/spiffyCal_v2_1.css HTTP/1.0" 404 521 "http://orfeo.minsalud.gov.co/orfeo/Administracion/usuario/cuerpoEdicion.php?PHPSESSID=120906075323o17216180KESPRIELLA&krd=KESPRIELLA&estado_sal=&tpAnulacion=&estado_sal_max=&pagina_sig=&dep_sel=4230&nomcarpeta=Modificacion%20Usuarios" "Mozilla/5.0 (Windows NT 6.1; WOW64; rv:14.0) Gecko/20100101 Firefox/14.0.1"
172.17.2.73 - - [06/Sep/2012:07:54:10 -0500] "POST /orfeo/Administracion/usuario/cuerpoConsulta.php?PHPSESSID=120906075315o17217273MMEZAP&krd=MMEZAP&estado_sal=&tpAnulacion=&estado_sal_max=&pagina_sig=&dep_sel=900&nomcarpeta=Consulta%20Usuarios HTTP/1.1" 200 3293 "http://orfeo.minsalud.gov.co/orfeo/Administracion/usuario/cuerpoConsulta.php?PHPSESSID=120906075315o17217273MMEZAP" "Mozilla/5.0 (Windows NT 6.1; WOW64; rv:14.0) Gecko/20100101 Firefox/14.0.1"
172.17.2.73 - - [06/Sep/2012:07:54:11 -0500] "GET /orfeo/Administracion/usuario/js/spiffyCal/spiffyCal_v2_1.css HTTP/1.1" 404 539 "http://orfeo.minsalud.gov.co/orfeo/Administracion/usuario/cuerpoConsulta.php?PHPSESSID=120906075315o17217273MMEZAP&krd=MMEZAP&estado_sal=&tpAnulacion=&estado_sal_max=&pagina_sig=&dep_sel=900&nomcarpeta=Consulta%20Usuarios" "Mozilla/5.0 (Windows NT 6.1; WOW64; rv:14.0) Gecko/20100101 Firefox/14.0.1"
172.17.14.20 - - [06/Sep/2012:07:54:12 -0500] "GET /orfeo/adodb/adodb-xls.inc.php?PHPSESSID=120906075319o172171420RLUQUE HTTP/1.1" 200 514 "http://orfeo.minsalud.gov.co/orfeo/cuerpo.php?PHPSESSID=120906075319o172171420RLUQUE&adodb_next_page=1&fechah=060912_1346935999&nomcarpeta=Entrada&carpeta=0&tipo_carpt=0&adodb_next_page=1" "Mozilla/5.0 (Windows NT 6.1; WOW64; rv:14.0) Gecko/20100101 Firefox/14.0.1"
172.17.2.73 - - [06/Sep/2012:07:54:15 -0500] "POST /orfeo/Administracion/usuario/cuerpoConsulta.php?PHPSESSID=120906075315o17217273MMEZAP&krd=MMEZAP&estado_sal=&tpAnulacion=&estado_sal_max=&pagina_sig=&dep_sel=900&nomcarpeta=Consulta%20Usuarios HTTP/1.1" 200 3693 "http://orfeo.minsalud.gov.co/orfeo/Administracion/usuario/cuerpoConsulta.php?PHPSESSID=120906075315o17217273MMEZAP&krd=MMEZAP&estado_sal=&tpAnulacion=&estado_sal_max=&pagina_sig=&dep_sel=900&nomcarpeta=Consulta%20Usuarios" "Mozilla/5.0 (Windows NT 6.1; WOW64; rv:14.0) Gecko/20100101 Firefox/14.0.1"
172.17.2.73 - - [06/Sep/2012:07:54:15 -0500] "GET /orfeo/Administracion/usuario/js/spiffyCal/spiffyCal_v2_1.css HTTP/1.1" 404 539 "http://orfeo.minsalud.gov.co/orfeo/Administracion/usuario/cuerpoConsulta.php?PHPSESSID=120906075315o17217273MMEZAP&krd=MMEZAP&estado_sal=&tpAnulacion=&estado_sal_max=&pagina_sig=&dep_sel=900&nomcarpeta=Consulta%20Usuarios" "Mozilla/5.0 (Windows NT 6.1; WOW64; rv:14.0) Gecko/20100101 Firefox/14.0.1"
172.16.1.80 - - [06/Sep/2012:07:54:20 -0500] "GET /orfeo/Administracion/usuario/crear.php?usModo=2&PHPSESSID=120906075323o17216180KESPRIELLA&valRadio=65716193-MLOTALORA HTTP/1.0" 200 3972 "http://orfeo.minsalud.gov.co/orfeo/Administracion/usuario/cuerpoEdicion.php?PHPSESSID=120906075323o17216180KESPRIELLA&krd=KESPRIELLA&estado_sal=&tpAnulacion=&estado_sal_max=&pagina_sig=&dep_sel=4230&nomcarpeta=Modificacion%20Usuarios" "Mozilla/5.0 (Windows NT 6.1; WOW64; rv:14.0) Gecko/20100101 Firefox/14.0.1"
172.16.1.80 - - [06/Sep/2012:07:54:25 -0500] "POST /orfeo//radicacion/buscar_usuario.php?busq_salida=&verrad=&nombreTp1=REMITENTE&nombreTp2=REMITENTE2&nombreTp3=ENTIDAD&tipoval= HTTP/1.0" 200 68734 "http://orfeo.minsalud.gov.co/orfeo//radicacion/buscar_usuario.php?busq_salida=&verrad=&nombreTp1=REMITENTE&nombreTp2=REMITENTE2&nombreTp3=ENTIDAD&tipoval=" "Mozilla/5.0 (Windows NT 5.1; rv:14.0) Gecko/20100101 Firefox/14.0.1"
172.16.1.241 - - [06/Sep/2012:07:54:30 -0500] "OPTIONS * HTTP/1.0" 200 152 "-" "Apache/2.2.16 (Debian) (internal dummy connection)"
172.17.14.20 - - [06/Sep/2012:07:54:36 -0500] "GET /orfeo/cuerpo.php?PHPSESSID=120906075319o172171420RLUQUE&adodb_next_page=1&fechah=060912_1346935999&nomcarpeta=Salida&carpeta=1&tipo_carpt=0&adodb_next_page=1 HTTP/1.1" 200 6934 "http://orfeo.minsalud.gov.co/orfeo/correspondencia.php?PHPSESSID=120906075319o172171420RLUQUE&fechah=" "Mozilla/5.0 (Windows NT 6.1; WOW64; rv:14.0) Gecko/20100101 Firefox/14.0.1"
172.16.1.80 - - [06/Sep/2012:07:54:46 -0500] "POST /orfeo/Administracion/usuario/validar.php HTTP/1.0" 200 2349 "http://orfeo.minsalud.gov.co/orfeo/Administracion/usuario/crear.php?usModo=2&PHPSESSID=120906075323o17216180KESPRIELLA&valRadio=65716193-MLOTALORA" "Mozilla/5.0 (Windows NT 6.1; WOW64; rv:14.0) Gecko/20100101 Firefox/14.0.1"
172.17.14.20 - - [06/Sep/2012:07:54:50 -0500] "GET /orfeo/imagenes/internas/masTRDO.gif HTTP/1.1" 200 642 "http://orfeo.minsalud.gov.co/orfeo/cuerpo.php?PHPSESSID=120906075319o172171420RLUQUE&adodb_next_page=1&fechah=060912_1346935999&nomcarpeta=Salida&carpeta=1&tipo_carpt=0&adodb_next_page=1" "Mozilla/5.0 (Windows NT 6.1; WOW64; rv:14.0) Gecko/20100101 Firefox/14.0.1"
172.16.1.80 - - [06/Sep/2012:07:54:50 -0500] "POST /orfeo/Administracion/usuario/grabar.php?PHPSESSID=120906075323o17216180KESPRIELLA&krd=KESPRIELLA&usModo=2&perfil=&perfilOrig=Normal&dep_sel=4230&cedula=65716193&usuLogin=MLOTALORA&nombre=MARIA%20LOURDES%20OTALORA%20FARFAN&dia=&mes=&ano=&ubicacion=&piso=&extension=&email=lotalora@minsalud.gov.co&usuDocSel=65716193&usuLoginSel=MLOTALORA HTTP/1.0" 200 914 "http://orfeo.minsalud.gov.co/orfeo/Administracion/usuario/validar.php" "Mozilla/5.0 (Windows NT 6.1; WOW64; rv:14.0) Gecko/20100101 Firefox/14.0.1"
172.17.14.20 - - [06/Sep/2012:07:54:52 -0500] "GET /orfeo/imagenes/internas/masInclO.gif HTTP/1.1" 200 673 "http://orfeo.minsalud.gov.co/orfeo/cuerpo.php?PHPSESSID=120906075319o172171420RLUQUE&adodb_next_page=1&fechah=060912_1346935999&nomcarpeta=Salida&carpeta=1&tipo_carpt=0&adodb_next_page=1" "Mozilla/5.0 (Windows NT 6.1; WOW64; rv:14.0) Gecko/20100101 Firefox/14.0.1"
172.16.1.80 - - [06/Sep/2012:07:54:52 -0500] "POST /orfeo/Administracion/formAdministracion.php HTTP/1.0" 200 1355 "http://orfeo.minsalud.gov.co/orfeo/Administracion/usuario/grabar.php?PHPSESSID=120906075323o17216180KESPRIELLA&krd=KESPRIELLA&usModo=2&perfil=&perfilOrig=Normal&dep_sel=4230&cedula=65716193&usuLogin=MLOTALORA&nombre=MARIA%20LOURDES%20OTALORA%20FARFAN&dia=&mes=&ano=&ubicacion=&piso=&extension=&email=lotalora@minsalud.gov.co&usuDocSel=65716193&usuLoginSel=MLOTALORA" "Mozilla/5.0 (Windows NT 6.1; WOW64; rv:14.0) Gecko/20100101 Firefox/14.0.1"
172.17.14.20 - - [06/Sep/2012:07:54:52 -0500] "GET /orfeo/imagenes/internas/overMoverA.gif HTTP/1.1" 200 1410 "http://orfeo.minsalud.gov.co/orfeo/cuerpo.php?PHPSESSID=120906075319o172171420RLUQUE&adodb_next_page=1&fechah=060912_1346935999&nomcarpeta=Salida&carpeta=1&tipo_carpt=0&adodb_next_page=1" "Mozilla/5.0 (Windows NT 6.1; WOW64; rv:14.0) Gecko/20100101 Firefox/14.0.1"
172.17.14.20 - - [06/Sep/2012:07:54:53 -0500] "GET /orfeo/imagenes/internas/overReasignar.gif HTTP/1.1" 200 2014 "http://orfeo.minsalud.gov.co/orfeo/cuerpo.php?PHPSESSID=120906075319o172171420RLUQUE&adodb_next_page=1&fechah=060912_1346935999&nomcarpeta=Salida&carpeta=1&tipo_carpt=0&adodb_next_page=1" "Mozilla/5.0 (Windows NT 6.1; WOW64; rv:14.0) Gecko/20100101 Firefox/14.0.1"
172.16.1.80 - - [06/Sep/2012:07:54:53 -0500] "GET /orfeo/Administracion/usuario/mnuUsuarios.php?PHPSESSID=120906075323o17216180KESPRIELLA&krd=KESPRIELLA HTTP/1.0" 200 982 "http://orfeo.minsalud.gov.co/orfeo/Administracion/formAdministracion.php" "Mozilla/5.0 (Windows NT 6.1; WOW64; rv:14.0) Gecko/20100101 Firefox/14.0.1"
172.17.14.20 - - [06/Sep/2012:07:54:54 -0500] "GET /orfeo/imagenes/internas/overInformar.gif HTTP/1.1" 200 1474 "http://orfeo.minsalud.gov.co/orfeo/cuerpo.php?PHPSESSID=120906075319o172171420RLUQUE&adodb_next_page=1&fechah=060912_1346935999&nomcarpeta=Salida&carpeta=1&tipo_carpt=0&adodb_next_page=1" "Mozilla/5.0 (Windows NT 6.1; WOW64; rv:14.0) Gecko/20100101 Firefox/14.0.1"
172.17.14.20 - - [06/Sep/2012:07:54:54 -0500] "GET /orfeo/imagenes/internas/overDevolver.gif HTTP/1.1" 200 1947 "http://orfeo.minsalud.gov.co/orfeo/cuerpo.php?PHPSESSID=120906075319o172171420RLUQUE&adodb_next_page=1&fechah=060912_1346935999&nomcarpeta=Salida&carpeta=1&tipo_carpt=0&adodb_next_page=1" "Mozilla/5.0 (Windows NT 6.1; WOW64; rv:14.0) Gecko/20100101 Firefox/14.0.1"
172.17.14.20 - - [06/Sep/2012:07:54:54 -0500] "GET /orfeo/imagenes/internas/overVobo.gif HTTP/1.1" 200 1788 "http://orfeo.minsalud.gov.co/orfeo/cuerpo.php?PHPSESSID=120906075319o172171420RLUQUE&adodb_next_page=1&fechah=060912_1346935999&nomcarpeta=Salida&carpeta=1&tipo_carpt=0&adodb_next_page=1" "Mozilla/5.0 (Windows NT 6.1; WOW64; rv:14.0) Gecko/20100101 Firefox/14.0.1"
172.16.1.80 - - [06/Sep/2012:07:54:55 -0500] "GET /orfeo/Administracion/usuario/cuerpoEdicion.php?PHPSESSID=120906075323o17216180KESPRIELLA&usModo=2 HTTP/1.0" 200 5770 "http://orfeo.minsalud.gov.co/orfeo/Administracion/usuario/mnuUsuarios.php?PHPSESSID=120906075323o17216180KESPRIELLA&krd=KESPRIELLA" "Mozilla/5.0 (Windows NT 6.1; WOW64; rv:14.0) Gecko/20100101 Firefox/14.0.1"
172.16.1.80 - - [06/Sep/2012:07:54:55 -0500] "GET /js/spiffyCal/spiffyCal_v2_1.css HTTP/1.0" 404 521 "http://orfeo.minsalud.gov.co/orfeo/Administracion/usuario/cuerpoEdicion.php?PHPSESSID=120906075323o17216180KESPRIELLA&usModo=2" "Mozilla/5.0 (Windows NT 6.1; WOW64; rv:14.0) Gecko/20100101 Firefox/14.0.1"
172.17.14.20 - - [06/Sep/2012:07:54:55 -0500] "GET /orfeo/imagenes/internas/overArchivar.gif HTTP/1.1" 200 1955 "http://orfeo.minsalud.gov.co/orfeo/cuerpo.php?PHPSESSID=120906075319o172171420RLUQUE&adodb_next_page=1&fechah=060912_1346935999&nomcarpeta=Salida&carpeta=1&tipo_carpt=0&adodb_next_page=1" "Mozilla/5.0 (Windows NT 6.1; WOW64; rv:14.0) Gecko/20100101 Firefox/14.0.1"
172.16.1.80 - - [06/Sep/2012:07:55:02 -0500] "GET /orfeo/Administracion/usuario/cuerpoEdicion.php?PHPSESSID=120906075323o17216180KESPRIELLA&dep_sel=4230 HTTP/1.0" 200 5398 "http://orfeo.minsalud.gov.co/orfeo/Administracion/usuario/cuerpoEdicion.php?PHPSESSID=120906075323o17216180KESPRIELLA&usModo=2" "Mozilla/5.0 (Windows NT 6.1; WOW64; rv:14.0) Gecko/20100101 Firefox/14.0.1"
172.16.1.80 - - [06/Sep/2012:07:55:02 -0500] "GET /js/spiffyCal/spiffyCal_v2_1.css HTTP/1.0" 404 521 "http://orfeo.minsalud.gov.co/orfeo/Administracion/usuario/cuerpoEdicion.php?PHPSESSID=120906075323o17216180KESPRIELLA&dep_sel=4230" "Mozilla/5.0 (Windows NT 6.1; WOW64; rv:14.0) Gecko/20100101 Firefox/14.0.1"
172.16.1.80 - - [06/Sep/2012:07:55:06 -0500] "POST /orfeo/Administracion/usuario/cuerpoEdicion.php?PHPSESSID=120906075323o17216180KESPRIELLA&krd=KESPRIELLA&estado_sal=&tpAnulacion=&estado_sal_max=&pagina_sig=&dep_sel=4230&nomcarpeta=Modificacion%20Usuarios HTTP/1.0" 200 3828 "http://orfeo.minsalud.gov.co/orfeo/Administracion/usuario/cuerpoEdicion.php?PHPSESSID=120906075323o17216180KESPRIELLA&dep_sel=4230" "Mozilla/5.0 (Windows NT 6.1; WOW64; rv:14.0) Gecko/20100101 Firefox/14.0.1"
172.16.1.80 - - [06/Sep/2012:07:55:06 -0500] "GET /js/spiffyCal/spiffyCal_v2_1.css HTTP/1.0" 404 521 "http://orfeo.minsalud.gov.co/orfeo/Administracion/usuario/cuerpoEdicion.php?PHPSESSID=120906075323o17216180KESPRIELLA&krd=KESPRIELLA&estado_sal=&tpAnulacion=&estado_sal_max=&pagina_sig=&dep_sel=4230&nomcarpeta=Modificacion%20Usuarios" "Mozilla/5.0 (Windows NT 6.1; WOW64; rv:14.0) Gecko/20100101 Firefox/14.0.1"
172.16.1.80 - - [06/Sep/2012:07:55:08 -0500] "GET /orfeo/Administracion/usuario/crear.php?usModo=2&PHPSESSID=120906075323o17216180KESPRIELLA&valRadio=65716193-MLOTALORA HTTP/1.0" 200 3972 "http://orfeo.minsalud.gov.co/orfeo/Administracion/usuario/cuerpoEdicion.php?PHPSESSID=120906075323o17216180KESPRIELLA&krd=KESPRIELLA&estado_sal=&tpAnulacion=&estado_sal_max=&pagina_sig=&dep_sel=4230&nomcarpeta=Modificacion%20Usuarios" "Mozilla/5.0 (Windows NT 6.1; WOW64; rv:14.0) Gecko/20100101 Firefox/14.0.1"
172.16.1.80 - - [06/Sep/2012:07:55:09 -0500] "POST /orfeo/Administracion/usuario/validar.php HTTP/1.0" 200 2349 "http://orfeo.minsalud.gov.co/orfeo/Administracion/usuario/crear.php?usModo=2&PHPSESSID=120906075323o17216180KESPRIELLA&valRadio=65716193-MLOTALORA" "Mozilla/5.0 (Windows NT 6.1; WOW64; rv:14.0) Gecko/20100101 Firefox/14.0.1"
172.16.1.80 - - [06/Sep/2012:07:55:14 -0500] "POST /orfeo/Administracion/usuario/grabar.php?PHPSESSID=120906075323o17216180KESPRIELLA&krd=KESPRIELLA&usModo=2&perfil=&perfilOrig=Normal&dep_sel=4230&cedula=65716193&usuLogin=MLOTALORA&nombre=MARIA%20LOURDES%20OTALORA%20FARFAN&dia=&mes=&ano=&ubicacion=&piso=&extension=&email=lotalora@minsalud.gov.co&usuDocSel=65716193&usuLoginSel=MLOTALORA HTTP/1.0" 200 914 "http://orfeo.minsalud.gov.co/orfeo/Administracion/usuario/validar.php" "Mozilla/5.0 (Windows NT 6.1; WOW64; rv:14.0) Gecko/20100101 Firefox/14.0.1"
172.16.1.80 - - [06/Sep/2012:07:55:15 -0500] "GET /orfeo/cerrar_session.php?PHPSESSID=120906075323o17216180KESPRIELLA HTTP/1.0" 200 931 "http://orfeo.minsalud.gov.co/orfeo/f_top.php?PHPSESSID=120906075323o17216180KESPRIELLA&fechah=" "Mozilla/5.0 (Windows NT 6.1; WOW64; rv:14.0) Gecko/20100101 Firefox/14.0.1"
172.16.1.80 - - [06/Sep/2012:07:55:15 -0500] "GET /orfeo/cerrar_session.php?PHPSESSID=120906075323o17216180KESPRIELLA HTTP/1.0" 200 931 "http://orfeo.minsalud.gov.co/orfeo/cerrar_session.php?PHPSESSID=120906075323o17216180KESPRIELLA" "Mozilla/5.0 (Windows NT 6.1; WOW64; rv:14.0) Gecko/20100101 Firefox/14.0.1"
172.16.1.80 - - [06/Sep/2012:07:55:16 -0500] "GET /orfeo/login.php HTTP/1.0" 200 3088 "http://orfeo.minsalud.gov.co/orfeo/cerrar_session.php?PHPSESSID=120906075323o17216180KESPRIELLA" "Mozilla/5.0 (Windows NT 6.1; WOW64; rv:14.0) Gecko/20100101 Firefox/14.0.1"
172.16.1.80 - - [06/Sep/2012:07:55:16 -0500] "GET /orfeo/.orfeo38orfeo.css HTTP/1.0" 404 512 "http://orfeo.minsalud.gov.co/orfeo/login.php" "Mozilla/5.0 (Windows NT 6.1; WOW64; rv:14.0) Gecko/20100101 Firefox/14.0.1"
172.16.1.80 - - [06/Sep/2012:07:55:30 -0500] "POST /orfeo/login.php?fechah=060912_1346936116 HTTP/1.0" 200 3220 "http://orfeo.minsalud.gov.co/orfeo/login.php" "Mozilla/5.0 (Windows NT 6.1; WOW64; rv:14.0) Gecko/20100101 Firefox/14.0.1"
172.16.1.80 - - [06/Sep/2012:07:55:30 -0500] "GET /orfeo/.orfeo38orfeo.css HTTP/1.0" 404 512 "http://orfeo.minsalud.gov.co/orfeo/login.php?fechah=060912_1346936116" "Mozilla/5.0 (Windows NT 6.1; WOW64; rv:14.0) Gecko/20100101 Firefox/14.0.1"
172.16.1.80 - - [06/Sep/2012:07:55:36 -0500] "GET /orfeo/radicacion/chequear.php?PHPSESSID=120906074548o17216180OFLOREZ&krd=OFLOREZ&fechah=060912_1346935548&primera=1&ent=2&depende=4230 HTTP/1.0" 200 2662 "http://orfeo.minsalud.gov.co/orfeo/correspondencia.php?PHPSESSID=120906074548o17216180OFLOREZ&fechah=" "Mozilla/5.0 (Windows NT 6.1; WOW64; rv:14.0) Gecko/20100101 Firefox/14.0.1"
172.16.1.80 - - [06/Sep/2012:07:55:50 -0500] "POST /orfeo/login.php?fechah=20120906_1346936130 HTTP/1.0" 200 3220 "http://orfeo.minsalud.gov.co/orfeo/login.php?fechah=060912_1346936116" "Mozilla/5.0 (Windows NT 6.1; WOW64; rv:14.0) Gecko/20100101 Firefox/14.0.1"
172.16.1.80 - - [06/Sep/2012:07:55:50 -0500] "GET /orfeo/.orfeo38orfeo.css HTTP/1.0" 404 512 "http://orfeo.minsalud.gov.co/orfeo/login.php?fechah=20120906_1346936130" "Mozilla/5.0 (Windows NT 6.1; WOW64; rv:14.0) Gecko/20100101 Firefox/14.0.1"
172.16.1.80 - - [06/Sep/2012:07:56:04 -0500] "POST /orfeo/login.php?fechah=20120906_1346936150 HTTP/1.0" 200 3214 "http://orfeo.minsalud.gov.co/orfeo/login.php?fechah=20120906_1346936130" "Mozilla/5.0 (Windows NT 6.1; WOW64; rv:14.0) Gecko/20100101 Firefox/14.0.1"
172.16.1.80 - - [06/Sep/2012:07:56:04 -0500] "GET /orfeo/.orfeo38orfeo.css HTTP/1.0" 404 512 "http://orfeo.minsalud.gov.co/orfeo/login.php?fechah=20120906_1346936150" "Mozilla/5.0 (Windows NT 6.1; WOW64; rv:14.0) Gecko/20100101 Firefox/14.0.1"
