172.17.14.48 - - [06/Sep/2012:08:12:13 -0500] "GET /favicon.ico HTTP/1.1" 404 509 "-" "Mozilla/5.0 (Windows NT 6.1; WOW64; rv:12.0) Gecko/20100101 Firefox/12.0"
172.17.14.48 - - [06/Sep/2012:08:12:13 -0500] "GET /favicon.ico HTTP/1.1" 404 509 "-" "Mozilla/5.0 (Windows NT 6.1; WOW64; rv:12.0) Gecko/20100101 Firefox/12.0"
172.17.14.48 - - [06/Sep/2012:08:12:13 -0500] "GET /favicon.ico HTTP/1.1" 404 509 "-" "Mozilla/5.0 (Windows NT 6.1; WOW64; rv:12.0) Gecko/20100101 Firefox/12.0"
172.16.1.241 - - [06/Sep/2012:08:12:28 -0500] "OPTIONS * HTTP/1.0" 200 152 "-" "Apache/2.2.16 (Debian) (internal dummy connection)"
172.16.1.241 - - [06/Sep/2012:08:12:29 -0500] "OPTIONS * HTTP/1.0" 200 152 "-" "Apache/2.2.16 (Debian) (internal dummy connection)"
172.17.14.48 - - [06/Sep/2012:08:13:13 -0500] "POST /orfeo/usuarionuevo.php HTTP/1.1" 200 756 "http://orfeo.minsalud.gov.co/orfeo/login.php?fechah=060912_1346937107" "Mozilla/5.0 (Windows NT 6.1; WOW64; rv:12.0) Gecko/20100101 Firefox/12.0"
172.17.14.48 - - [06/Sep/2012:08:13:13 -0500] "GET /orfeo/estilos/orfeo.css HTTP/1.1" 200 1369 "http://orfeo.minsalud.gov.co/orfeo/usuarionuevo.php" "Mozilla/5.0 (Windows NT 6.1; WOW64; rv:12.0) Gecko/20100101 Firefox/12.0"
172.17.14.48 - - [06/Sep/2012:08:13:16 -0500] "GET /orfeo/contraxx.php?PHPSESSID=120906081213o172171448HSARMIENTO HTTP/1.1" 200 1640 "http://orfeo.minsalud.gov.co/orfeo/usuarionuevo.php" "Mozilla/5.0 (Windows NT 6.1; WOW64; rv:12.0) Gecko/20100101 Firefox/12.0"
172.17.14.48 - - [06/Sep/2012:08:13:16 -0500] "GET /orfeo/estilos//orfeo.css HTTP/1.1" 200 1369 "http://orfeo.minsalud.gov.co/orfeo/contraxx.php?PHPSESSID=120906081213o172171448HSARMIENTO" "Mozilla/5.0 (Windows NT 6.1; WOW64; rv:12.0) Gecko/20100101 Firefox/12.0"
172.17.14.48 - - [06/Sep/2012:08:13:28 -0500] "POST /orfeo/usuarionuevo.php HTTP/1.1" 200 755 "http://orfeo.minsalud.gov.co/orfeo/contraxx.php?PHPSESSID=120906081213o172171448HSARMIENTO" "Mozilla/5.0 (Windows NT 6.1; WOW64; rv:12.0) Gecko/20100101 Firefox/12.0"
172.16.1.80 - - [06/Sep/2012:08:13:31 -0500] "GET / HTTP/1.0" 302 339 "-" "Mozilla/5.0 (Windows NT 6.1; rv:14.0) Gecko/20100101 Firefox/14.0.1"
172.16.1.80 - - [06/Sep/2012:08:13:31 -0500] "GET /orfeo/index.php HTTP/1.0" 302 331 "-" "Mozilla/5.0 (Windows NT 6.1; rv:14.0) Gecko/20100101 Firefox/14.0.1"
172.16.1.80 - - [06/Sep/2012:08:13:31 -0500] "GET /orfeo/login.php HTTP/1.0" 200 3088 "-" "Mozilla/5.0 (Windows NT 6.1; rv:14.0) Gecko/20100101 Firefox/14.0.1"
172.16.1.80 - - [06/Sep/2012:08:13:31 -0500] "GET /orfeo/.orfeo38orfeo.css HTTP/1.0" 404 512 "http://orfeo.minsalud.gov.co/orfeo/login.php" "Mozilla/5.0 (Windows NT 6.1; rv:14.0) Gecko/20100101 Firefox/14.0.1"
172.16.1.80 - - [06/Sep/2012:08:13:42 -0500] "POST /orfeo/login.php?fechah=060912_1346937211 HTTP/1.0" 200 3220 "http://orfeo.minsalud.gov.co/orfeo/login.php" "Mozilla/5.0 (Windows NT 6.1; rv:14.0) Gecko/20100101 Firefox/14.0.1"
172.16.1.80 - - [06/Sep/2012:08:13:42 -0500] "GET /orfeo/.orfeo38orfeo.css HTTP/1.0" 404 512 "http://orfeo.minsalud.gov.co/orfeo/login.php?fechah=060912_1346937211" "Mozilla/5.0 (Windows NT 6.1; rv:14.0) Gecko/20100101 Firefox/14.0.1"
172.17.14.48 - - [06/Sep/2012:08:13:46 -0500] "GET / HTTP/1.1" 302 339 "-" "Mozilla/5.0 (Windows NT 6.1; WOW64; rv:12.0) Gecko/20100101 Firefox/12.0"
172.17.14.48 - - [06/Sep/2012:08:13:46 -0500] "GET /orfeo/index.php HTTP/1.1" 302 331 "-" "Mozilla/5.0 (Windows NT 6.1; WOW64; rv:12.0) Gecko/20100101 Firefox/12.0"
172.17.14.48 - - [06/Sep/2012:08:13:46 -0500] "GET /orfeo/login.php HTTP/1.1" 200 3089 "-" "Mozilla/5.0 (Windows NT 6.1; WOW64; rv:12.0) Gecko/20100101 Firefox/12.0"
172.17.14.48 - - [06/Sep/2012:08:13:46 -0500] "GET /orfeo/.orfeo38orfeo.css HTTP/1.1" 404 512 "http://orfeo.minsalud.gov.co/orfeo/login.php" "Mozilla/5.0 (Windows NT 6.1; WOW64; rv:12.0) Gecko/20100101 Firefox/12.0"
172.16.1.80 - - [06/Sep/2012:08:13:49 -0500] "POST /orfeo/login.php?fechah=20120906_1346937222 HTTP/1.0" 302 658 "http://orfeo.minsalud.gov.co/orfeo/login.php?fechah=060912_1346937211" "Mozilla/5.0 (Windows NT 6.1; rv:14.0) Gecko/20100101 Firefox/14.0.1"
172.16.1.80 - - [06/Sep/2012:08:13:50 -0500] "GET /orfeo/index_frames.php?PHPSESSID=120906081350o17216180AJIMENEZA&fechah=20120906_1346937230&krd=AJIMENEZA&swLog=1&orno=1 HTTP/1.0" 200 836 "http://orfeo.minsalud.gov.co/orfeo/login.php?fechah=060912_1346937211" "Mozilla/5.0 (Windows NT 6.1; rv:14.0) Gecko/20100101 Firefox/14.0.1"
172.16.1.80 - - [06/Sep/2012:08:13:50 -0500] "GET /orfeo/f_top.php?PHPSESSID=120906081350o17216180AJIMENEZA&fechah= HTTP/1.0" 200 2568 "http://orfeo.minsalud.gov.co/orfeo/index_frames.php?PHPSESSID=120906081350o17216180AJIMENEZA&fechah=20120906_1346937230&krd=AJIMENEZA&swLog=1&orno=1" "Mozilla/5.0 (Windows NT 6.1; rv:14.0) Gecko/20100101 Firefox/14.0.1"
172.16.1.80 - - [06/Sep/2012:08:13:50 -0500] "GET /orfeo/alertas/index.php?PHPSESSID=120906081350o17216180AJIMENEZA&swLog=&fechah=&tipo_alerta=1 HTTP/1.0" 200 2086 "http://orfeo.minsalud.gov.co/orfeo/index_frames.php?PHPSESSID=120906081350o17216180AJIMENEZA&fechah=20120906_1346937230&krd=AJIMENEZA&swLog=1&orno=1" "Mozilla/5.0 (Windows NT 6.1; rv:14.0) Gecko/20100101 Firefox/14.0.1"
172.16.1.80 - - [06/Sep/2012:08:13:50 -0500] "GET /orfeo/correspondencia.php?PHPSESSID=120906081350o17216180AJIMENEZA&fechah= HTTP/1.0" 200 4166 "http://orfeo.minsalud.gov.co/orfeo/index_frames.php?PHPSESSID=120906081350o17216180AJIMENEZA&fechah=20120906_1346937230&krd=AJIMENEZA&swLog=1&orno=1" "Mozilla/5.0 (Windows NT 6.1; rv:14.0) Gecko/20100101 Firefox/14.0.1"
172.16.1.80 - - [06/Sep/2012:08:13:50 -0500] "POST /orfeo/include/ajax/graficAlert.php HTTP/1.0" 200 367 "http://orfeo.minsalud.gov.co/orfeo/alertas/index.php?PHPSESSID=120906081350o17216180AJIMENEZA&swLog=&fechah=&tipo_alerta=1" "Mozilla/5.0 (Windows NT 6.1; rv:14.0) Gecko/20100101 Firefox/14.0.1"
172.16.1.80 - - [06/Sep/2012:08:13:56 -0500] "GET /orfeo/cuerpo.php?PHPSESSID=120906081350o17216180AJIMENEZA&adodb_next_page=1&fechah=060912_1346937230&nomcarpeta=Entrada&carpeta=0&tipo_carpt=0&adodb_next_page=1 HTTP/1.0" 200 6944 "http://orfeo.minsalud.gov.co/orfeo/correspondencia.php?PHPSESSID=120906081350o17216180AJIMENEZA&fechah=" "Mozilla/5.0 (Windows NT 6.1; rv:14.0) Gecko/20100101 Firefox/14.0.1"
172.17.21.26 - - [06/Sep/2012:08:13:59 -0500] "GET / HTTP/1.1" 302 339 "-" "Mozilla/5.0 (Windows NT 6.1; WOW64) AppleWebKit/537.1 (KHTML, like Gecko) Chrome/21.0.1180.89 Safari/537.1"
172.17.21.26 - - [06/Sep/2012:08:13:59 -0500] "GET /orfeo/index.php HTTP/1.1" 302 331 "-" "Mozilla/5.0 (Windows NT 6.1; WOW64) AppleWebKit/537.1 (KHTML, like Gecko) Chrome/21.0.1180.89 Safari/537.1"
172.17.21.26 - - [06/Sep/2012:08:13:59 -0500] "GET /orfeo/login.php HTTP/1.1" 200 3089 "-" "Mozilla/5.0 (Windows NT 6.1; WOW64) AppleWebKit/537.1 (KHTML, like Gecko) Chrome/21.0.1180.89 Safari/537.1"
172.17.21.26 - - [06/Sep/2012:08:13:59 -0500] "GET /orfeo/.orfeo38orfeo.css HTTP/1.1" 404 512 "http://orfeo.minsalud.gov.co/orfeo/login.php" "Mozilla/5.0 (Windows NT 6.1; WOW64) AppleWebKit/537.1 (KHTML, like Gecko) Chrome/21.0.1180.89 Safari/537.1"
172.16.1.80 - - [06/Sep/2012:08:14:00 -0500] "GET /orfeo/cerrar_session.php?PHPSESSID=120906081350o17216180AJIMENEZA HTTP/1.0" 200 931 "http://orfeo.minsalud.gov.co/orfeo/f_top.php?PHPSESSID=120906081350o17216180AJIMENEZA&fechah=" "Mozilla/5.0 (Windows NT 6.1; rv:14.0) Gecko/20100101 Firefox/14.0.1"
172.16.1.80 - - [06/Sep/2012:08:14:00 -0500] "GET /orfeo/cerrar_session.php?PHPSESSID=120906081350o17216180AJIMENEZA HTTP/1.0" 200 931 "http://orfeo.minsalud.gov.co/orfeo/cerrar_session.php?PHPSESSID=120906081350o17216180AJIMENEZA" "Mozilla/5.0 (Windows NT 6.1; rv:14.0) Gecko/20100101 Firefox/14.0.1"
172.16.1.80 - - [06/Sep/2012:08:14:00 -0500] "GET /favicon.ico HTTP/1.0" 404 509 "-" "Mozilla/5.0 (Windows NT 6.1; rv:14.0) Gecko/20100101 Firefox/14.0.1"
172.16.1.80 - - [06/Sep/2012:08:14:02 -0500] "POST /orfeo/Administracion/usuario/cuerpoEdicion.php?PHPSESSID=120906081159o17216180KESPRIELLA&krd=KESPRIELLA&estado_sal=&tpAnulacion=&estado_sal_max=&pagina_sig=&dep_sel=4230&nomcarpeta=Modificacion%20Usuarios HTTP/1.0" 200 3821 "http://orfeo.minsalud.gov.co/orfeo/Administracion/usuario/cuerpoEdicion.php?PHPSESSID=120906081159o17216180KESPRIELLA&dep_sel=4230" "Mozilla/5.0 (Windows NT 6.1; WOW64; rv:14.0) Gecko/20100101 Firefox/14.0.1"
172.16.1.80 - - [06/Sep/2012:08:14:02 -0500] "GET /js/spiffyCal/spiffyCal_v2_1.css HTTP/1.0" 404 521 "http://orfeo.minsalud.gov.co/orfeo/Administracion/usuario/cuerpoEdicion.php?PHPSESSID=120906081159o17216180KESPRIELLA&krd=KESPRIELLA&estado_sal=&tpAnulacion=&estado_sal_max=&pagina_sig=&dep_sel=4230&nomcarpeta=Modificacion%20Usuarios" "Mozilla/5.0 (Windows NT 6.1; WOW64; rv:14.0) Gecko/20100101 Firefox/14.0.1"
172.16.1.80 - - [06/Sep/2012:08:14:04 -0500] "GET /orfeo/cuerpo.php?PHPSESSID=120906081113o17216180LFOREROG&adodb_next_page=1&fechah=060912_1346937073&nomcarpeta=Entrada&carpeta=0&tipo_carpt=0&adodb_next_page=1 HTTP/1.0" 200 6940 "http://orfeo.minsalud.gov.co/orfeo/correspondencia.php?PHPSESSID=120906081113o17216180LFOREROG&fechah=" "Mozilla/5.0 (Windows NT 6.1; WOW64; rv:14.0) Gecko/20100101 Firefox/14.0.1"
172.16.1.80 - - [06/Sep/2012:08:14:05 -0500] "GET /orfeo/Administracion/usuario/crear.php?usModo=2&PHPSESSID=120906081159o17216180KESPRIELLA&valRadio=79049208-HAMAYA HTTP/1.0" 200 3971 "http://orfeo.minsalud.gov.co/orfeo/Administracion/usuario/cuerpoEdicion.php?PHPSESSID=120906081159o17216180KESPRIELLA&krd=KESPRIELLA&estado_sal=&tpAnulacion=&estado_sal_max=&pagina_sig=&dep_sel=4230&nomcarpeta=Modificacion%20Usuarios" "Mozilla/5.0 (Windows NT 6.1; WOW64; rv:14.0) Gecko/20100101 Firefox/14.0.1"
172.17.14.48 - - [06/Sep/2012:08:14:05 -0500] "POST /orfeo/login.php?fechah=060912_1346937226 HTTP/1.1" 200 1718 "http://orfeo.minsalud.gov.co/orfeo/login.php" "Mozilla/5.0 (Windows NT 6.1; WOW64; rv:12.0) Gecko/20100101 Firefox/12.0"
172.16.1.80 - - [06/Sep/2012:08:14:11 -0500] "GET /orfeo/radicacion/chequear.php?PHPSESSID=120906081113o17216180LFOREROG&krd=LFOREROG&fechah=060912_1346937073&primera=1&ent=2&depende=4230 HTTP/1.0" 200 2662 "http://orfeo.minsalud.gov.co/orfeo/correspondencia.php?PHPSESSID=120906081113o17216180LFOREROG&fechah=" "Mozilla/5.0 (Windows NT 6.1; WOW64; rv:14.0) Gecko/20100101 Firefox/14.0.1"
172.16.1.241 - - [06/Sep/2012:08:14:20 -0500] "OPTIONS * HTTP/1.0" 200 152 "-" "Apache/2.2.16 (Debian) (internal dummy connection)"
172.16.1.80 - - [06/Sep/2012:08:14:20 -0500] "GET /orfeo/radicacion/chequear.php?PHPSESSID=120906081113o17216180LFOREROG&krd=LFOREROG&fechah=060912_1346937073&primera=1&ent=2&depende=4230 HTTP/1.0" 200 2662 "http://orfeo.minsalud.gov.co/orfeo/correspondencia.php?PHPSESSID=120906081113o17216180LFOREROG&fechah=" "Mozilla/5.0 (Windows NT 6.1; WOW64; rv:14.0) Gecko/20100101 Firefox/14.0.1"
172.16.1.241 - - [06/Sep/2012:08:14:21 -0500] "OPTIONS * HTTP/1.0" 200 152 "-" "Apache/2.2.16 (Debian) (internal dummy connection)"
172.17.15.35 - - [06/Sep/2012:08:14:21 -0500] "GET /orfeo/login.php HTTP/1.1" 200 3089 "-" "Mozilla/5.0 (Windows NT 5.1; rv:15.0) Gecko/20100101 Firefox/15.0"
172.17.15.35 - - [06/Sep/2012:08:14:23 -0500] "GET /orfeo/.orfeo38orfeo.css HTTP/1.1" 404 512 "http://orfeo.minsalud.gov.co/orfeo/login.php" "Mozilla/5.0 (Windows NT 5.1; rv:15.0) Gecko/20100101 Firefox/15.0"
172.16.1.80 - - [06/Sep/2012:08:14:26 -0500] "POST /orfeo/Administracion/usuario/validar.php HTTP/1.0" 200 2350 "http://orfeo.minsalud.gov.co/orfeo/Administracion/usuario/crear.php?usModo=2&PHPSESSID=120906081159o17216180KESPRIELLA&valRadio=79049208-HAMAYA" "Mozilla/5.0 (Windows NT 6.1; WOW64; rv:14.0) Gecko/20100101 Firefox/14.0.1"
172.16.1.80 - - [06/Sep/2012:08:14:30 -0500] "POST /orfeo/Administracion/usuario/grabar.php?PHPSESSID=120906081159o17216180KESPRIELLA&krd=KESPRIELLA&usModo=2&perfil=&perfilOrig=Normal&dep_sel=4230&cedula=79049208&usuLogin=HAMAYA&nombre=HENRY%20AMAYA%20CARRANZA&dia=&mes=&ano=&ubicacion=&piso=&extension=1051&email=hamaya@minsalu.gov.co&usuDocSel=79049208&usuLoginSel=HAMAYA HTTP/1.0" 200 911 "http://orfeo.minsalud.gov.co/orfeo/Administracion/usuario/validar.php" "Mozilla/5.0 (Windows NT 6.1; WOW64; rv:14.0) Gecko/20100101 Firefox/14.0.1"
172.16.1.80 - - [06/Sep/2012:08:14:31 -0500] "POST /orfeo/Administracion/formAdministracion.php HTTP/1.0" 200 1354 "http://orfeo.minsalud.gov.co/orfeo/Administracion/usuario/grabar.php?PHPSESSID=120906081159o17216180KESPRIELLA&krd=KESPRIELLA&usModo=2&perfil=&perfilOrig=Normal&dep_sel=4230&cedula=79049208&usuLogin=HAMAYA&nombre=HENRY%20AMAYA%20CARRANZA&dia=&mes=&ano=&ubicacion=&piso=&extension=1051&email=hamaya@minsalu.gov.co&usuDocSel=79049208&usuLoginSel=HAMAYA" "Mozilla/5.0 (Windows NT 6.1; WOW64; rv:14.0) Gecko/20100101 Firefox/14.0.1"
172.16.1.80 - - [06/Sep/2012:08:14:32 -0500] "GET /orfeo/cerrar_session.php?PHPSESSID=120906081159o17216180KESPRIELLA HTTP/1.0" 200 931 "http://orfeo.minsalud.gov.co/orfeo/f_top.php?PHPSESSID=120906081159o17216180KESPRIELLA&fechah=" "Mozilla/5.0 (Windows NT 6.1; WOW64; rv:14.0) Gecko/20100101 Firefox/14.0.1"
172.16.1.80 - - [06/Sep/2012:08:14:32 -0500] "GET /orfeo/cerrar_session.php?PHPSESSID=120906081159o17216180KESPRIELLA HTTP/1.0" 200 931 "http://orfeo.minsalud.gov.co/orfeo/cerrar_session.php?PHPSESSID=120906081159o17216180KESPRIELLA" "Mozilla/5.0 (Windows NT 6.1; WOW64; rv:14.0) Gecko/20100101 Firefox/14.0.1"
172.16.1.80 - - [06/Sep/2012:08:14:33 -0500] "GET /orfeo/login.php HTTP/1.0" 200 3086 "http://orfeo.minsalud.gov.co/orfeo/cerrar_session.php?PHPSESSID=120906081159o17216180KESPRIELLA" "Mozilla/5.0 (Windows NT 6.1; WOW64; rv:14.0) Gecko/20100101 Firefox/14.0.1"
172.16.1.80 - - [06/Sep/2012:08:14:33 -0500] "GET /orfeo/.orfeo38orfeo.css HTTP/1.0" 404 512 "http://orfeo.minsalud.gov.co/orfeo/login.php" "Mozilla/5.0 (Windows NT 6.1; WOW64; rv:14.0) Gecko/20100101 Firefox/14.0.1"
172.16.1.80 - - [06/Sep/2012:08:14:40 -0500] "GET / HTTP/1.0" 302 338 "-" "Mozilla/5.0 (Windows NT 6.1; WOW64; rv:15.0) Gecko/20100101 Firefox/15.0"
172.16.1.80 - - [06/Sep/2012:08:14:40 -0500] "GET /orfeo/index.php HTTP/1.0" 302 331 "-" "Mozilla/5.0 (Windows NT 6.1; WOW64; rv:15.0) Gecko/20100101 Firefox/15.0"
172.16.1.80 - - [06/Sep/2012:08:14:40 -0500] "GET /orfeo/login.php HTTP/1.0" 200 3088 "-" "Mozilla/5.0 (Windows NT 6.1; WOW64; rv:15.0) Gecko/20100101 Firefox/15.0"
172.16.1.80 - - [06/Sep/2012:08:14:40 -0500] "GET /orfeo/.orfeo38orfeo.css HTTP/1.0" 404 512 "http://orfeo.minsalud.gov.co/orfeo/login.php" "Mozilla/5.0 (Windows NT 6.1; WOW64; rv:15.0) Gecko/20100101 Firefox/15.0"
172.16.1.80 - - [06/Sep/2012:08:14:49 -0500] "POST /orfeo/login.php?fechah=060912_1346937280 HTTP/1.0" 200 3214 "http://orfeo.minsalud.gov.co/orfeo/login.php" "Mozilla/5.0 (Windows NT 6.1; WOW64; rv:15.0) Gecko/20100101 Firefox/15.0"
172.16.1.80 - - [06/Sep/2012:08:14:49 -0500] "GET /orfeo/.orfeo38orfeo.css HTTP/1.0" 404 512 "http://orfeo.minsalud.gov.co/orfeo/login.php?fechah=060912_1346937280" "Mozilla/5.0 (Windows NT 6.1; WOW64; rv:15.0) Gecko/20100101 Firefox/15.0"
172.16.1.80 - - [06/Sep/2012:08:15:02 -0500] "POST /orfeo/login.php?fechah=060912_1346937273 HTTP/1.0" 200 3220 "http://orfeo.minsalud.gov.co/orfeo/login.php" "Mozilla/5.0 (Windows NT 6.1; WOW64; rv:14.0) Gecko/20100101 Firefox/14.0.1"
172.16.1.80 - - [06/Sep/2012:08:15:03 -0500] "GET /orfeo/.orfeo38orfeo.css HTTP/1.0" 404 512 "http://orfeo.minsalud.gov.co/orfeo/login.php?fechah=060912_1346937273" "Mozilla/5.0 (Windows NT 6.1; WOW64; rv:14.0) Gecko/20100101 Firefox/14.0.1"
172.16.1.80 - - [06/Sep/2012:08:15:03 -0500] "POST /orfeo/login.php?fechah=20120906_1346937289 HTTP/1.0" 200 3214 "http://orfeo.minsalud.gov.co/orfeo/login.php?fechah=060912_1346937280" "Mozilla/5.0 (Windows NT 6.1; WOW64; rv:15.0) Gecko/20100101 Firefox/15.0"
172.16.1.80 - - [06/Sep/2012:08:15:03 -0500] "GET /orfeo/.orfeo38orfeo.css HTTP/1.0" 404 512 "http://orfeo.minsalud.gov.co/orfeo/login.php?fechah=20120906_1346937289" "Mozilla/5.0 (Windows NT 6.1; WOW64; rv:15.0) Gecko/20100101 Firefox/15.0"
172.16.1.80 - - [06/Sep/2012:08:15:15 -0500] "POST /orfeo/login.php?fechah=20120906_1346937302 HTTP/1.0" 302 649 "http://orfeo.minsalud.gov.co/orfeo/login.php?fechah=060912_1346937273" "Mozilla/5.0 (Windows NT 6.1; WOW64; rv:14.0) Gecko/20100101 Firefox/14.0.1"
172.16.1.80 - - [06/Sep/2012:08:15:15 -0500] "GET /orfeo/index_frames.php?PHPSESSID=120906081515o17216180HAMAYA&fechah=20120906_1346937315&krd=HAMAYA&swLog=1&orno=1 HTTP/1.0" 200 828 "http://orfeo.minsalud.gov.co/orfeo/login.php?fechah=060912_1346937273" "Mozilla/5.0 (Windows NT 6.1; WOW64; rv:14.0) Gecko/20100101 Firefox/14.0.1"
172.16.1.80 - - [06/Sep/2012:08:15:15 -0500] "GET /orfeo/correspondencia.php?PHPSESSID=120906081515o17216180HAMAYA&fechah= HTTP/1.0" 200 4136 "http://orfeo.minsalud.gov.co/orfeo/index_frames.php?PHPSESSID=120906081515o17216180HAMAYA&fechah=20120906_1346937315&krd=HAMAYA&swLog=1&orno=1" "Mozilla/5.0 (Windows NT 6.1; WOW64; rv:14.0) Gecko/20100101 Firefox/14.0.1"
172.16.1.80 - - [06/Sep/2012:08:15:15 -0500] "GET /orfeo/f_top.php?PHPSESSID=120906081515o17216180HAMAYA&fechah= HTTP/1.0" 200 2565 "http://orfeo.minsalud.gov.co/orfeo/index_frames.php?PHPSESSID=120906081515o17216180HAMAYA&fechah=20120906_1346937315&krd=HAMAYA&swLog=1&orno=1" "Mozilla/5.0 (Windows NT 6.1; WOW64; rv:14.0) Gecko/20100101 Firefox/14.0.1"
172.16.1.80 - - [06/Sep/2012:08:15:15 -0500] "GET /orfeo/alertas/index.php?PHPSESSID=120906081515o17216180HAMAYA&swLog=&fechah=&tipo_alerta=1 HTTP/1.0" 200 2084 "http://orfeo.minsalud.gov.co/orfeo/index_frames.php?PHPSESSID=120906081515o17216180HAMAYA&fechah=20120906_1346937315&krd=HAMAYA&swLog=1&orno=1" "Mozilla/5.0 (Windows NT 6.1; WOW64; rv:14.0) Gecko/20100101 Firefox/14.0.1"
172.16.1.80 - - [06/Sep/2012:08:15:16 -0500] "POST /orfeo/include/ajax/graficAlert.php HTTP/1.0" 200 367 "http://orfeo.minsalud.gov.co/orfeo/alertas/index.php?PHPSESSID=120906081515o17216180HAMAYA&swLog=&fechah=&tipo_alerta=1" "Mozilla/5.0 (Windows NT 6.1; WOW64; rv:14.0) Gecko/20100101 Firefox/14.0.1"
172.16.1.241 - - [06/Sep/2012:08:15:32 -0500] "OPTIONS * HTTP/1.0" 200 152 "-" "Apache/2.2.16 (Debian) (internal dummy connection)"
172.16.1.80 - - [06/Sep/2012:08:15:32 -0500] "GET /orfeo/cerrar_session.php?PHPSESSID=120906081515o17216180HAMAYA HTTP/1.0" 200 932 "http://orfeo.minsalud.gov.co/orfeo/f_top.php?PHPSESSID=120906081515o17216180HAMAYA&fechah=" "Mozilla/5.0 (Windows NT 6.1; WOW64; rv:14.0) Gecko/20100101 Firefox/14.0.1"
172.17.14.48 - - [06/Sep/2012:08:15:32 -0500] "POST /orfeo/usuarionuevo.php HTTP/1.1" 200 756 "http://orfeo.minsalud.gov.co/orfeo/login.php?fechah=060912_1346937226" "Mozilla/5.0 (Windows NT 6.1; WOW64; rv:12.0) Gecko/20100101 Firefox/12.0"
172.16.1.80 - - [06/Sep/2012:08:15:32 -0500] "GET /orfeo/cerrar_session.php?PHPSESSID=120906081515o17216180HAMAYA HTTP/1.0" 200 931 "http://orfeo.minsalud.gov.co/orfeo/cerrar_session.php?PHPSESSID=120906081515o17216180HAMAYA" "Mozilla/5.0 (Windows NT 6.1; WOW64; rv:14.0) Gecko/20100101 Firefox/14.0.1"
172.17.14.48 - - [06/Sep/2012:08:15:36 -0500] "GET /orfeo/contraxx.php?PHPSESSID=120906081405o172171448HSARMIENTO HTTP/1.1" 200 1642 "http://orfeo.minsalud.gov.co/orfeo/usuarionuevo.php" "Mozilla/5.0 (Windows NT 6.1; WOW64; rv:12.0) Gecko/20100101 Firefox/12.0"
172.16.1.80 - - [06/Sep/2012:08:15:40 -0500] "GET /orfeo/login.php HTTP/1.0" 200 3088 "http://orfeo.minsalud.gov.co/orfeo/cerrar_session.php?PHPSESSID=120906081515o17216180HAMAYA" "Mozilla/5.0 (Windows NT 6.1; WOW64; rv:14.0) Gecko/20100101 Firefox/14.0.1"
172.16.1.80 - - [06/Sep/2012:08:15:41 -0500] "GET /orfeo/.orfeo38orfeo.css HTTP/1.0" 404 512 "http://orfeo.minsalud.gov.co/orfeo/login.php" "Mozilla/5.0 (Windows NT 6.1; WOW64; rv:14.0) Gecko/20100101 Firefox/14.0.1"
172.17.14.48 - - [06/Sep/2012:08:15:43 -0500] "GET / HTTP/1.1" 302 338 "-" "Mozilla/5.0 (Windows NT 6.1; WOW64; rv:12.0) Gecko/20100101 Firefox/12.0"
172.17.14.48 - - [06/Sep/2012:08:15:43 -0500] "GET /orfeo/index.php HTTP/1.1" 302 331 "-" "Mozilla/5.0 (Windows NT 6.1; WOW64; rv:12.0) Gecko/20100101 Firefox/12.0"
172.17.14.48 - - [06/Sep/2012:08:15:43 -0500] "GET /orfeo/login.php HTTP/1.1" 200 3088 "-" "Mozilla/5.0 (Windows NT 6.1; WOW64; rv:12.0) Gecko/20100101 Firefox/12.0"
172.17.14.48 - - [06/Sep/2012:08:15:43 -0500] "GET /orfeo/.orfeo38orfeo.css HTTP/1.1" 404 512 "http://orfeo.minsalud.gov.co/orfeo/login.php" "Mozilla/5.0 (Windows NT 6.1; WOW64; rv:12.0) Gecko/20100101 Firefox/12.0"
172.16.1.80 - - [06/Sep/2012:08:15:48 -0500] "POST /orfeo/login.php?fechah=060912_1346937340 HTTP/1.0" 302 661 "http://orfeo.minsalud.gov.co/orfeo/login.php" "Mozilla/5.0 (Windows NT 6.1; WOW64; rv:14.0) Gecko/20100101 Firefox/14.0.1"
172.16.1.80 - - [06/Sep/2012:08:15:48 -0500] "GET /orfeo/index_frames.php?PHPSESSID=120906081548o17216180KESPRIELLA&fechah=20120906_1346937348&krd=KESPRIELLA&swLog=1&orno=1 HTTP/1.0" 200 835 "http://orfeo.minsalud.gov.co/orfeo/login.php" "Mozilla/5.0 (Windows NT 6.1; WOW64; rv:14.0) Gecko/20100101 Firefox/14.0.1"
172.16.1.80 - - [06/Sep/2012:08:15:48 -0500] "GET /orfeo/f_top.php?PHPSESSID=120906081548o17216180KESPRIELLA&fechah= HTTP/1.0" 200 2568 "http://orfeo.minsalud.gov.co/orfeo/index_frames.php?PHPSESSID=120906081548o17216180KESPRIELLA&fechah=20120906_1346937348&krd=KESPRIELLA&swLog=1&orno=1" "Mozilla/5.0 (Windows NT 6.1; WOW64; rv:14.0) Gecko/20100101 Firefox/14.0.1"
172.16.1.80 - - [06/Sep/2012:08:15:48 -0500] "GET /orfeo/alertas/index.php?PHPSESSID=120906081548o17216180KESPRIELLA&swLog=&fechah=&tipo_alerta=1 HTTP/1.0" 200 2086 "http://orfeo.minsalud.gov.co/orfeo/index_frames.php?PHPSESSID=120906081548o17216180KESPRIELLA&fechah=20120906_1346937348&krd=KESPRIELLA&swLog=1&orno=1" "Mozilla/5.0 (Windows NT 6.1; WOW64; rv:14.0) Gecko/20100101 Firefox/14.0.1"
172.16.1.80 - - [06/Sep/2012:08:15:48 -0500] "GET /orfeo/correspondencia.php?PHPSESSID=120906081548o17216180KESPRIELLA&fechah= HTTP/1.0" 200 4049 "http://orfeo.minsalud.gov.co/orfeo/index_frames.php?PHPSESSID=120906081548o17216180KESPRIELLA&fechah=20120906_1346937348&krd=KESPRIELLA&swLog=1&orno=1" "Mozilla/5.0 (Windows NT 6.1; WOW64; rv:14.0) Gecko/20100101 Firefox/14.0.1"
172.16.1.80 - - [06/Sep/2012:08:15:48 -0500] "POST /orfeo/include/ajax/graficAlert.php HTTP/1.0" 200 367 "http://orfeo.minsalud.gov.co/orfeo/alertas/index.php?PHPSESSID=120906081548o17216180KESPRIELLA&swLog=&fechah=&tipo_alerta=1" "Mozilla/5.0 (Windows NT 6.1; WOW64; rv:14.0) Gecko/20100101 Firefox/14.0.1"
172.16.1.80 - - [06/Sep/2012:08:15:51 -0500] "GET / HTTP/1.0" 302 338 "-" "Mozilla/5.0 (Windows NT 6.1; WOW64; rv:15.0) Gecko/20100101 Firefox/15.0"
172.16.1.80 - - [06/Sep/2012:08:15:51 -0500] "GET /orfeo/index.php HTTP/1.0" 302 331 "-" "Mozilla/5.0 (Windows NT 6.1; WOW64; rv:15.0) Gecko/20100101 Firefox/15.0"
172.16.1.80 - - [06/Sep/2012:08:15:51 -0500] "GET /orfeo/login.php HTTP/1.0" 200 3088 "-" "Mozilla/5.0 (Windows NT 6.1; WOW64; rv:15.0) Gecko/20100101 Firefox/15.0"
172.16.1.80 - - [06/Sep/2012:08:15:51 -0500] "GET /orfeo/.orfeo38orfeo.css HTTP/1.0" 404 512 "http://orfeo.minsalud.gov.co/orfeo/login.php" "Mozilla/5.0 (Windows NT 6.1; WOW64; rv:15.0) Gecko/20100101 Firefox/15.0"
172.16.1.80 - - [06/Sep/2012:08:15:52 -0500] "GET /orfeo/Administracion/formAdministracion.php?PHPSESSID=120906081548o17216180KESPRIELLA&fechah=060912_1346937348&usr=d41d8cd98f00b204e9800998ecf8427e&primera=1&ent=1 HTTP/1.0" 200 1354 "http://orfeo.minsalud.gov.co/orfeo/correspondencia.php?PHPSESSID=120906081548o17216180KESPRIELLA&fechah=" "Mozilla/5.0 (Windows NT 6.1; WOW64; rv:14.0) Gecko/20100101 Firefox/14.0.1"
172.16.1.80 - - [06/Sep/2012:08:15:53 -0500] "GET /orfeo/Administracion/usuario/mnuUsuarios.php?PHPSESSID=120906081548o17216180KESPRIELLA&krd=KESPRIELLA HTTP/1.0" 200 982 "http://orfeo.minsalud.gov.co/orfeo/Administracion/formAdministracion.php?PHPSESSID=120906081548o17216180KESPRIELLA&fechah=060912_1346937348&usr=d41d8cd98f00b204e9800998ecf8427e&primera=1&ent=1" "Mozilla/5.0 (Windows NT 6.1; WOW64; rv:14.0) Gecko/20100101 Firefox/14.0.1"
172.16.1.80 - - [06/Sep/2012:08:15:54 -0500] "GET /orfeo/Administracion/usuario/cuerpoEdicion.php?PHPSESSID=120906081548o17216180KESPRIELLA&usModo=2 HTTP/1.0" 200 5770 "http://orfeo.minsalud.gov.co/orfeo/Administracion/usuario/mnuUsuarios.php?PHPSESSID=120906081548o17216180KESPRIELLA&krd=KESPRIELLA" "Mozilla/5.0 (Windows NT 6.1; WOW64; rv:14.0) Gecko/20100101 Firefox/14.0.1"
172.16.1.80 - - [06/Sep/2012:08:15:54 -0500] "GET /js/spiffyCal/spiffyCal_v2_1.css HTTP/1.0" 404 521 "http://orfeo.minsalud.gov.co/orfeo/Administracion/usuario/cuerpoEdicion.php?PHPSESSID=120906081548o17216180KESPRIELLA&usModo=2" "Mozilla/5.0 (Windows NT 6.1; WOW64; rv:14.0) Gecko/20100101 Firefox/14.0.1"
172.16.1.80 - - [06/Sep/2012:08:15:59 -0500] "GET /orfeo/Administracion/usuario/cuerpoEdicion.php?PHPSESSID=120906081548o17216180KESPRIELLA&dep_sel=4230 HTTP/1.0" 200 5399 "http://orfeo.minsalud.gov.co/orfeo/Administracion/usuario/cuerpoEdicion.php?PHPSESSID=120906081548o17216180KESPRIELLA&usModo=2" "Mozilla/5.0 (Windows NT 6.1; WOW64; rv:14.0) Gecko/20100101 Firefox/14.0.1"
172.16.1.80 - - [06/Sep/2012:08:15:59 -0500] "GET /js/spiffyCal/spiffyCal_v2_1.css HTTP/1.0" 404 521 "http://orfeo.minsalud.gov.co/orfeo/Administracion/usuario/cuerpoEdicion.php?PHPSESSID=120906081548o17216180KESPRIELLA&dep_sel=4230" "Mozilla/5.0 (Windows NT 6.1; WOW64; rv:14.0) Gecko/20100101 Firefox/14.0.1"
172.16.1.80 - - [06/Sep/2012:08:16:04 -0500] "POST /orfeo/Administracion/usuario/cuerpoEdicion.php?PHPSESSID=120906081548o17216180KESPRIELLA&krd=KESPRIELLA&estado_sal=&tpAnulacion=&estado_sal_max=&pagina_sig=&dep_sel=4230&nomcarpeta=Modificacion%20Usuarios HTTP/1.0" 200 3928 "http://orfeo.minsalud.gov.co/orfeo/Administracion/usuario/cuerpoEdicion.php?PHPSESSID=120906081548o17216180KESPRIELLA&dep_sel=4230" "Mozilla/5.0 (Windows NT 6.1; WOW64; rv:14.0) Gecko/20100101 Firefox/14.0.1"
172.16.1.80 - - [06/Sep/2012:08:16:05 -0500] "GET /js/spiffyCal/spiffyCal_v2_1.css HTTP/1.0" 404 521 "http://orfeo.minsalud.gov.co/orfeo/Administracion/usuario/cuerpoEdicion.php?PHPSESSID=120906081548o17216180KESPRIELLA&krd=KESPRIELLA&estado_sal=&tpAnulacion=&estado_sal_max=&pagina_sig=&dep_sel=4230&nomcarpeta=Modificacion%20Usuarios" "Mozilla/5.0 (Windows NT 6.1; WOW64; rv:14.0) Gecko/20100101 Firefox/14.0.1"
172.16.1.80 - - [06/Sep/2012:08:16:09 -0500] "POST /orfeo/login.php?fechah=060912_1346937351 HTTP/1.0" 200 3214 "http://orfeo.minsalud.gov.co/orfeo/login.php" "Mozilla/5.0 (Windows NT 6.1; WOW64; rv:15.0) Gecko/20100101 Firefox/15.0"
172.16.1.80 - - [06/Sep/2012:08:16:09 -0500] "GET /orfeo/.orfeo38orfeo.css HTTP/1.0" 404 512 "http://orfeo.minsalud.gov.co/orfeo/login.php?fechah=060912_1346937351" "Mozilla/5.0 (Windows NT 6.1; WOW64; rv:15.0) Gecko/20100101 Firefox/15.0"
172.16.1.80 - - [06/Sep/2012:08:16:12 -0500] "GET /orfeo/Administracion/usuario/crear.php?usModo=2&PHPSESSID=120906081548o17216180KESPRIELLA&valRadio=3483230-FMENDOZA HTTP/1.0" 200 3972 "http://orfeo.minsalud.gov.co/orfeo/Administracion/usuario/cuerpoEdicion.php?PHPSESSID=120906081548o17216180KESPRIELLA&krd=KESPRIELLA&estado_sal=&tpAnulacion=&estado_sal_max=&pagina_sig=&dep_sel=4230&nomcarpeta=Modificacion%20Usuarios" "Mozilla/5.0 (Windows NT 6.1; WOW64; rv:14.0) Gecko/20100101 Firefox/14.0.1"
172.16.1.80 - - [06/Sep/2012:08:16:25 -0500] "POST /orfeo/login.php?fechah=20120906_1346937369 HTTP/1.0" 302 642 "http://orfeo.minsalud.gov.co/orfeo/login.php?fechah=060912_1346937351" "Mozilla/5.0 (Windows NT 6.1; WOW64; rv:15.0) Gecko/20100101 Firefox/15.0"
172.16.1.80 - - [06/Sep/2012:08:16:25 -0500] "GET /orfeo/index_frames.php?PHPSESSID=120906081625o17216180SHERNANDEZ&fechah=20120906_1346937385&krd=SHERNANDEZ&swLog=1&orno=1 HTTP/1.0" 200 837 "http://orfeo.minsalud.gov.co/orfeo/login.php?fechah=060912_1346937351" "Mozilla/5.0 (Windows NT 6.1; WOW64; rv:15.0) Gecko/20100101 Firefox/15.0"
172.16.1.80 - - [06/Sep/2012:08:16:25 -0500] "GET /orfeo/f_top.php?PHPSESSID=120906081625o17216180SHERNANDEZ&fechah= HTTP/1.0" 200 2568 "http://orfeo.minsalud.gov.co/orfeo/index_frames.php?PHPSESSID=120906081625o17216180SHERNANDEZ&fechah=20120906_1346937385&krd=SHERNANDEZ&swLog=1&orno=1" "Mozilla/5.0 (Windows NT 6.1; WOW64; rv:15.0) Gecko/20100101 Firefox/15.0"
172.16.1.80 - - [06/Sep/2012:08:16:25 -0500] "GET /orfeo/correspondencia.php?PHPSESSID=120906081625o17216180SHERNANDEZ&fechah= HTTP/1.0" 200 4129 "http://orfeo.minsalud.gov.co/orfeo/index_frames.php?PHPSESSID=120906081625o17216180SHERNANDEZ&fechah=20120906_1346937385&krd=SHERNANDEZ&swLog=1&orno=1" "Mozilla/5.0 (Windows NT 6.1; WOW64; rv:15.0) Gecko/20100101 Firefox/15.0"
172.16.1.80 - - [06/Sep/2012:08:16:25 -0500] "GET /orfeo/alertas/index.php?PHPSESSID=120906081625o17216180SHERNANDEZ&swLog=&fechah=&tipo_alerta=1 HTTP/1.0" 200 2084 "http://orfeo.minsalud.gov.co/orfeo/index_frames.php?PHPSESSID=120906081625o17216180SHERNANDEZ&fechah=20120906_1346937385&krd=SHERNANDEZ&swLog=1&orno=1" "Mozilla/5.0 (Windows NT 6.1; WOW64; rv:15.0) Gecko/20100101 Firefox/15.0"
172.16.1.80 - - [06/Sep/2012:08:16:25 -0500] "GET /orfeo/uploadFiles/uploadFileRadicado.php?PHPSESSID=120906081113o17216180LFOREROG&krd=LFOREROG&fechah=060912_1346937073&usr=d41d8cd98f00b204e9800998ecf8427e&primera=1&ent=2&depende=4230 HTTP/1.0" 200 1798 "http://orfeo.minsalud.gov.co/orfeo/correspondencia.php?PHPSESSID=120906081113o17216180LFOREROG&fechah=" "Mozilla/5.0 (Windows NT 6.1; WOW64; rv:14.0) Gecko/20100101 Firefox/14.0.1"
172.16.1.80 - - [06/Sep/2012:08:16:25 -0500] "POST /orfeo/include/ajax/graficAlert.php HTTP/1.0" 200 367 "http://orfeo.minsalud.gov.co/orfeo/alertas/index.php?PHPSESSID=120906081625o17216180SHERNANDEZ&swLog=&fechah=&tipo_alerta=1" "Mozilla/5.0 (Windows NT 6.1; WOW64; rv:15.0) Gecko/20100101 Firefox/15.0"
172.16.1.80 - - [06/Sep/2012:08:16:27 -0500] "GET /orfeo/Administracion/formAdministracion.php?PHPSESSID=120906081625o17216180SHERNANDEZ&fechah=060912_1346937385&usr=d41d8cd98f00b204e9800998ecf8427e&primera=1&ent=1 HTTP/1.0" 200 1355 "http://orfeo.minsalud.gov.co/orfeo/correspondencia.php?PHPSESSID=120906081625o17216180SHERNANDEZ&fechah=" "Mozilla/5.0 (Windows NT 6.1; WOW64; rv:15.0) Gecko/20100101 Firefox/15.0"
172.16.1.80 - - [06/Sep/2012:08:16:29 -0500] "GET /orfeo/Administracion/usuario/mnuUsuarios.php?PHPSESSID=120906081625o17216180SHERNANDEZ&krd=SHERNANDEZ HTTP/1.0" 200 982 "http://orfeo.minsalud.gov.co/orfeo/Administracion/formAdministracion.php?PHPSESSID=120906081625o17216180SHERNANDEZ&fechah=060912_1346937385&usr=d41d8cd98f00b204e9800998ecf8427e&primera=1&ent=1" "Mozilla/5.0 (Windows NT 6.1; WOW64; rv:15.0) Gecko/20100101 Firefox/15.0"
172.16.1.80 - - [06/Sep/2012:08:16:30 -0500] "GET /orfeo/Administracion/usuario/cuerpoEdicion.php?PHPSESSID=120906081625o17216180SHERNANDEZ&usModo=2 HTTP/1.0" 200 4280 "http://orfeo.minsalud.gov.co/orfeo/Administracion/usuario/mnuUsuarios.php?PHPSESSID=120906081625o17216180SHERNANDEZ&krd=SHERNANDEZ" "Mozilla/5.0 (Windows NT 6.1; WOW64; rv:15.0) Gecko/20100101 Firefox/15.0"
172.16.1.80 - - [06/Sep/2012:08:16:30 -0500] "GET /js/spiffyCal/spiffyCal_v2_1.css HTTP/1.0" 404 521 "http://orfeo.minsalud.gov.co/orfeo/Administracion/usuario/cuerpoEdicion.php?PHPSESSID=120906081625o17216180SHERNANDEZ&usModo=2" "Mozilla/5.0 (Windows NT 6.1; WOW64; rv:15.0) Gecko/20100101 Firefox/15.0"
172.16.1.80 - - [06/Sep/2012:08:16:36 -0500] "POST /orfeo/Administracion/usuario/cuerpoEdicion.php?PHPSESSID=120906081625o17216180SHERNANDEZ&krd=SHERNANDEZ&estado_sal=&tpAnulacion=&estado_sal_max=&pagina_sig=&dep_sel=900&nomcarpeta=Modificacion%20Usuarios HTTP/1.0" 200 4119 "http://orfeo.minsalud.gov.co/orfeo/Administracion/usuario/cuerpoEdicion.php?PHPSESSID=120906081625o17216180SHERNANDEZ&usModo=2" "Mozilla/5.0 (Windows NT 6.1; WOW64; rv:15.0) Gecko/20100101 Firefox/15.0"
172.16.1.80 - - [06/Sep/2012:08:16:36 -0500] "GET /js/spiffyCal/spiffyCal_v2_1.css HTTP/1.0" 404 521 "http://orfeo.minsalud.gov.co/orfeo/Administracion/usuario/cuerpoEdicion.php?PHPSESSID=120906081625o17216180SHERNANDEZ&krd=SHERNANDEZ&estado_sal=&tpAnulacion=&estado_sal_max=&pagina_sig=&dep_sel=900&nomcarpeta=Modificacion%20Usuarios" "Mozilla/5.0 (Windows NT 6.1; WOW64; rv:15.0) Gecko/20100101 Firefox/15.0"
172.16.1.80 - - [06/Sep/2012:08:16:36 -0500] "GET /orfeo/cuerpo.php?PHPSESSID=120906074334o17216180LROZO&adodb_next_page=1&fechah=060912_1346935414&nomcarpeta=Entrada&carpeta=0&tipo_carpt=0&adodb_next_page=1 HTTP/1.0" 200 7292 "http://orfeo.minsalud.gov.co/orfeo/correspondencia.php?PHPSESSID=120906074334o17216180LROZO&fechah=" "Mozilla/5.0 (Windows NT 6.1; WOW64; rv:14.0) Gecko/20100101 Firefox/14.0.1"
172.17.21.21 - - [06/Sep/2012:08:16:40 -0500] "POST /orfeo/login.php?fechah=20120906_1346936984 HTTP/1.1" 200 3213 "http://orfeo.minsalud.gov.co/orfeo/login.php?fechah=20120906_1346936974" "Mozilla/5.0 (Windows NT 6.1; WOW64; rv:14.0) Gecko/20100101 Firefox/14.0.1"
172.17.21.21 - - [06/Sep/2012:08:16:40 -0500] "GET /orfeo/.orfeo38orfeo.css HTTP/1.1" 404 512 "http://orfeo.minsalud.gov.co/orfeo/login.php?fechah=20120906_1346936984" "Mozilla/5.0 (Windows NT 6.1; WOW64; rv:14.0) Gecko/20100101 Firefox/14.0.1"
172.16.1.80 - - [06/Sep/2012:08:16:40 -0500] "GET /orfeo/cuerpo.php?PHPSESSID=120906074334o17216180LROZO&adodb_next_page=1&fechah=060912_1346935414&nomcarpeta=Salida&carpeta=1&tipo_carpt=0&adodb_next_page=1 HTTP/1.0" 200 7289 "http://orfeo.minsalud.gov.co/orfeo/correspondencia.php?PHPSESSID=120906074334o17216180LROZO&fechah=" "Mozilla/5.0 (Windows NT 6.1; WOW64; rv:14.0) Gecko/20100101 Firefox/14.0.1"
172.16.1.80 - - [06/Sep/2012:08:16:42 -0500] "GET /orfeo/cuerpo.php?PHPSESSID=120906074334o17216180LROZO&adodb_next_page=1&fechah=060912_1346935414&nomcarpeta=Entrada&carpeta=0&tipo_carpt=0&adodb_next_page=1 HTTP/1.0" 200 7292 "http://orfeo.minsalud.gov.co/orfeo/correspondencia.php?PHPSESSID=120906074334o17216180LROZO&fechah=" "Mozilla/5.0 (Windows NT 6.1; WOW64; rv:14.0) Gecko/20100101 Firefox/14.0.1"
172.16.1.80 - - [06/Sep/2012:08:16:45 -0500] "POST /orfeo/Administracion/usuario/validar.php HTTP/1.0" 200 2351 "http://orfeo.minsalud.gov.co/orfeo/Administracion/usuario/crear.php?usModo=2&PHPSESSID=120906081548o17216180KESPRIELLA&valRadio=3483230-FMENDOZA" "Mozilla/5.0 (Windows NT 6.1; WOW64; rv:14.0) Gecko/20100101 Firefox/14.0.1"
172.16.1.80 - - [06/Sep/2012:08:16:48 -0500] "GET /orfeo/Administracion/usuario/crear.php?usModo=2&PHPSESSID=120906081625o17216180SHERNANDEZ&valRadio=5950474-adiagama HTTP/1.0" 200 3983 "http://orfeo.minsalud.gov.co/orfeo/Administracion/usuario/cuerpoEdicion.php?PHPSESSID=120906081625o17216180SHERNANDEZ&krd=SHERNANDEZ&estado_sal=&tpAnulacion=&estado_sal_max=&pagina_sig=&dep_sel=900&nomcarpeta=Modificacion%20Usuarios" "Mozilla/5.0 (Windows NT 6.1; WOW64; rv:15.0) Gecko/20100101 Firefox/15.0"
172.17.18.35 - - [06/Sep/2012:08:16:48 -0500] "GET / HTTP/1.1" 302 339 "-" "Mozilla/5.0 (Windows NT 5.1; rv:14.0) Gecko/20100101 Firefox/14.0.1"
172.16.1.80 - - [06/Sep/2012:08:16:48 -0500] "POST /orfeo/Administracion/usuario/grabar.php?PHPSESSID=120906081548o17216180KESPRIELLA&krd=KESPRIELLA&usModo=2&perfil=&perfilOrig=Normal&dep_sel=4230&cedula=3483230&usuLogin=FMENDOZA&nombre=FREDDY%20ENRIQUE%20MENDOZA%20TOLOSA&dia=&mes=&ano=&ubicacion=&piso=&extension=&email=fmendoza@minsalud.gov.co&usuDocSel=3483230&usuLoginSel=FMENDOZA HTTP/1.0" 200 914 "http://orfeo.minsalud.gov.co/orfeo/Administracion/usuario/validar.php" "Mozilla/5.0 (Windows NT 6.1; WOW64; rv:14.0) Gecko/20100101 Firefox/14.0.1"
172.17.18.35 - - [06/Sep/2012:08:16:48 -0500] "GET /orfeo/index.php HTTP/1.1" 302 331 "-" "Mozilla/5.0 (Windows NT 5.1; rv:14.0) Gecko/20100101 Firefox/14.0.1"
172.17.18.35 - - [06/Sep/2012:08:16:48 -0500] "GET /orfeo/login.php HTTP/1.1" 200 3089 "-" "Mozilla/5.0 (Windows NT 5.1; rv:14.0) Gecko/20100101 Firefox/14.0.1"
172.17.18.35 - - [06/Sep/2012:08:16:48 -0500] "GET /orfeo/logoEntidad.png HTTP/1.1" 200 5299 "http://orfeo.minsalud.gov.co/orfeo/login.php" "Mozilla/5.0 (Windows NT 5.1; rv:14.0) Gecko/20100101 Firefox/14.0.1"
172.17.18.35 - - [06/Sep/2012:08:16:48 -0500] "GET /orfeo/.orfeo38orfeo.css HTTP/1.1" 404 512 "http://orfeo.minsalud.gov.co/orfeo/login.php" "Mozilla/5.0 (Windows NT 5.1; rv:14.0) Gecko/20100101 Firefox/14.0.1"
172.16.1.80 - - [06/Sep/2012:08:16:49 -0500] "POST /orfeo/Administracion/formAdministracion.php HTTP/1.0" 200 1355 "http://orfeo.minsalud.gov.co/orfeo/Administracion/usuario/grabar.php?PHPSESSID=120906081548o17216180KESPRIELLA&krd=KESPRIELLA&usModo=2&perfil=&perfilOrig=Normal&dep_sel=4230&cedula=3483230&usuLogin=FMENDOZA&nombre=FREDDY%20ENRIQUE%20MENDOZA%20TOLOSA&dia=&mes=&ano=&ubicacion=&piso=&extension=&email=fmendoza@minsalud.gov.co&usuDocSel=3483230&usuLoginSel=FMENDOZA" "Mozilla/5.0 (Windows NT 6.1; WOW64; rv:14.0) Gecko/20100101 Firefox/14.0.1"
172.17.18.35 - - [06/Sep/2012:08:16:49 -0500] "GET /orfeo/imagenes/gnu.gif HTTP/1.1" 200 3202 "-" "Mozilla/5.0 (Windows NT 5.1; rv:14.0) Gecko/20100101 Firefox/14.0.1"
172.17.18.35 - - [06/Sep/2012:08:16:49 -0500] "GET /orfeo/imagenes/index_web_login.jpg HTTP/1.1" 200 41749 "http://orfeo.minsalud.gov.co/orfeo/login.php" "Mozilla/5.0 (Windows NT 5.1; rv:14.0) Gecko/20100101 Firefox/14.0.1"
172.16.1.80 - - [06/Sep/2012:08:16:50 -0500] "GET /orfeo/cerrar_session.php?PHPSESSID=120906081548o17216180KESPRIELLA HTTP/1.0" 200 931 "http://orfeo.minsalud.gov.co/orfeo/f_top.php?PHPSESSID=120906081548o17216180KESPRIELLA&fechah=" "Mozilla/5.0 (Windows NT 6.1; WOW64; rv:14.0) Gecko/20100101 Firefox/14.0.1"
172.16.1.80 - - [06/Sep/2012:08:16:50 -0500] "GET /orfeo/cerrar_session.php?PHPSESSID=120906081548o17216180KESPRIELLA HTTP/1.0" 200 931 "http://orfeo.minsalud.gov.co/orfeo/cerrar_session.php?PHPSESSID=120906081548o17216180KESPRIELLA" "Mozilla/5.0 (Windows NT 6.1; WOW64; rv:14.0) Gecko/20100101 Firefox/14.0.1"
172.16.1.80 - - [06/Sep/2012:08:16:51 -0500] "GET /orfeo/login.php HTTP/1.0" 200 3088 "http://orfeo.minsalud.gov.co/orfeo/cerrar_session.php?PHPSESSID=120906081548o17216180KESPRIELLA" "Mozilla/5.0 (Windows NT 6.1; WOW64; rv:14.0) Gecko/20100101 Firefox/14.0.1"
172.16.1.80 - - [06/Sep/2012:08:16:51 -0500] "GET /orfeo/.orfeo38orfeo.css HTTP/1.0" 404 512 "http://orfeo.minsalud.gov.co/orfeo/login.php" "Mozilla/5.0 (Windows NT 6.1; WOW64; rv:14.0) Gecko/20100101 Firefox/14.0.1"
172.16.1.80 - - [06/Sep/2012:08:16:58 -0500] "POST /orfeo/Administracion/usuario/validar.php HTTP/1.0" 200 2357 "http://orfeo.minsalud.gov.co/orfeo/Administracion/usuario/crear.php?usModo=2&PHPSESSID=120906081625o17216180SHERNANDEZ&valRadio=5950474-adiagama" "Mozilla/5.0 (Windows NT 6.1; WOW64; rv:15.0) Gecko/20100101 Firefox/15.0"
172.17.18.35 - - [06/Sep/2012:08:17:05 -0500] "POST /orfeo/login.php?fechah=060912_1346937408 HTTP/1.1" 200 1712 "http://orfeo.minsalud.gov.co/orfeo/login.php" "Mozilla/5.0 (Windows NT 5.1; rv:14.0) Gecko/20100101 Firefox/14.0.1"
172.17.18.35 - - [06/Sep/2012:08:17:05 -0500] "GET /orfeo/estilos/orfeo38/orfeo.css HTTP/1.1" 200 2700 "http://orfeo.minsalud.gov.co/orfeo/login.php?fechah=060912_1346937408" "Mozilla/5.0 (Windows NT 5.1; rv:14.0) Gecko/20100101 Firefox/14.0.1"
172.17.18.35 - - [06/Sep/2012:08:17:06 -0500] "GET /favicon.ico HTTP/1.1" 404 509 "-" "Mozilla/5.0 (Windows NT 5.1; rv:14.0) Gecko/20100101 Firefox/14.0.1"
172.17.18.35 - - [06/Sep/2012:08:17:06 -0500] "GET /favicon.ico HTTP/1.1" 404 509 "-" "Mozilla/5.0 (Windows NT 5.1; rv:14.0) Gecko/20100101 Firefox/14.0.1"
172.16.1.80 - - [06/Sep/2012:08:17:09 -0500] "POST /orfeo/login.php?fechah=060912_1346937411 HTTP/1.0" 200 3220 "http://orfeo.minsalud.gov.co/orfeo/login.php" "Mozilla/5.0 (Windows NT 6.1; WOW64; rv:14.0) Gecko/20100101 Firefox/14.0.1"
172.16.1.80 - - [06/Sep/2012:08:17:09 -0500] "GET /orfeo/.orfeo38orfeo.css HTTP/1.0" 404 512 "http://orfeo.minsalud.gov.co/orfeo/login.php?fechah=060912_1346937411" "Mozilla/5.0 (Windows NT 6.1; WOW64; rv:14.0) Gecko/20100101 Firefox/14.0.1"
172.16.1.80 - - [06/Sep/2012:08:17:20 -0500] "GET / HTTP/1.0" 302 338 "-" "Mozilla/5.0 (Windows NT 5.1; rv:12.0) Gecko/20100101 Firefox/12.0"
172.16.1.80 - - [06/Sep/2012:08:17:20 -0500] "GET /orfeo/index.php HTTP/1.0" 302 331 "-" "Mozilla/5.0 (Windows NT 5.1; rv:12.0) Gecko/20100101 Firefox/12.0"
172.16.1.80 - - [06/Sep/2012:08:17:20 -0500] "GET /orfeo/login.php HTTP/1.0" 200 3088 "-" "Mozilla/5.0 (Windows NT 5.1; rv:12.0) Gecko/20100101 Firefox/12.0"
172.16.1.80 - - [06/Sep/2012:08:17:21 -0500] "GET /orfeo/.orfeo38orfeo.css HTTP/1.0" 404 512 "http://orfeo.minsalud.gov.co/orfeo/login.php" "Mozilla/5.0 (Windows NT 5.1; rv:12.0) Gecko/20100101 Firefox/12.0"
172.16.1.80 - - [06/Sep/2012:08:17:23 -0500] "POST /orfeo/usuarionuevo.php HTTP/1.0" 200 822 "http://orfeo.minsalud.gov.co/orfeo/login.php?fechah=060912_1346936636" "Mozilla/5.0 (Windows NT 6.1; WOW64; rv:14.0) Gecko/20100101 Firefox/14.0.1"
172.17.18.35 - - [06/Sep/2012:08:17:34 -0500] "POST /orfeo/usuarionuevo.php HTTP/1.1" 200 826 "http://orfeo.minsalud.gov.co/orfeo/login.php?fechah=060912_1346937408" "Mozilla/5.0 (Windows NT 5.1; rv:14.0) Gecko/20100101 Firefox/14.0.1"
172.17.18.35 - - [06/Sep/2012:08:17:34 -0500] "GET /orfeo/estilos/orfeo.css HTTP/1.1" 200 1369 "http://orfeo.minsalud.gov.co/orfeo/usuarionuevo.php" "Mozilla/5.0 (Windows NT 5.1; rv:14.0) Gecko/20100101 Firefox/14.0.1"
172.16.1.80 - - [06/Sep/2012:08:17:38 -0500] "POST /orfeo/login.php?fechah=060912_1346937440 HTTP/1.0" 200 1718 "http://orfeo.minsalud.gov.co/orfeo/login.php" "Mozilla/5.0 (Windows NT 5.1; rv:12.0) Gecko/20100101 Firefox/12.0"
172.16.1.80 - - [06/Sep/2012:08:17:38 -0500] "GET /favicon.ico HTTP/1.0" 404 509 "-" "Mozilla/5.0 (Windows NT 5.1; rv:12.0) Gecko/20100101 Firefox/12.0"
172.16.1.80 - - [06/Sep/2012:08:17:38 -0500] "GET /favicon.ico HTTP/1.0" 404 509 "-" "Mozilla/5.0 (Windows NT 5.1; rv:12.0) Gecko/20100101 Firefox/12.0"
172.16.1.80 - - [06/Sep/2012:08:17:45 -0500] "POST /orfeo/login.php?fechah=20120906_1346937429 HTTP/1.0" 302 661 "http://orfeo.minsalud.gov.co/orfeo/login.php?fechah=060912_1346937411" "Mozilla/5.0 (Windows NT 6.1; WOW64; rv:14.0) Gecko/20100101 Firefox/14.0.1"
172.16.1.80 - - [06/Sep/2012:08:17:45 -0500] "GET /orfeo/index_frames.php?PHPSESSID=120906081745o17216180KESPRIELLA&fechah=20120906_1346937465&krd=KESPRIELLA&swLog=1&orno=1 HTTP/1.0" 200 835 "http://orfeo.minsalud.gov.co/orfeo/login.php?fechah=060912_1346937411" "Mozilla/5.0 (Windows NT 6.1; WOW64; rv:14.0) Gecko/20100101 Firefox/14.0.1"
172.16.1.80 - - [06/Sep/2012:08:17:45 -0500] "GET /orfeo/f_top.php?PHPSESSID=120906081745o17216180KESPRIELLA&fechah= HTTP/1.0" 200 2569 "http://orfeo.minsalud.gov.co/orfeo/index_frames.php?PHPSESSID=120906081745o17216180KESPRIELLA&fechah=20120906_1346937465&krd=KESPRIELLA&swLog=1&orno=1" "Mozilla/5.0 (Windows NT 6.1; WOW64; rv:14.0) Gecko/20100101 Firefox/14.0.1"
172.16.1.80 - - [06/Sep/2012:08:17:46 -0500] "GET /orfeo/correspondencia.php?PHPSESSID=120906081745o17216180KESPRIELLA&fechah= HTTP/1.0" 200 4050 "http://orfeo.minsalud.gov.co/orfeo/index_frames.php?PHPSESSID=120906081745o17216180KESPRIELLA&fechah=20120906_1346937465&krd=KESPRIELLA&swLog=1&orno=1" "Mozilla/5.0 (Windows NT 6.1; WOW64; rv:14.0) Gecko/20100101 Firefox/14.0.1"
172.16.1.80 - - [06/Sep/2012:08:17:46 -0500] "GET /orfeo/alertas/index.php?PHPSESSID=120906081745o17216180KESPRIELLA&swLog=&fechah=&tipo_alerta=1 HTTP/1.0" 200 2086 "http://orfeo.minsalud.gov.co/orfeo/index_frames.php?PHPSESSID=120906081745o17216180KESPRIELLA&fechah=20120906_1346937465&krd=KESPRIELLA&swLog=1&orno=1" "Mozilla/5.0 (Windows NT 6.1; WOW64; rv:14.0) Gecko/20100101 Firefox/14.0.1"
172.16.1.80 - - [06/Sep/2012:08:17:46 -0500] "POST /orfeo/include/ajax/graficAlert.php HTTP/1.0" 200 367 "http://orfeo.minsalud.gov.co/orfeo/alertas/index.php?PHPSESSID=120906081745o17216180KESPRIELLA&swLog=&fechah=&tipo_alerta=1" "Mozilla/5.0 (Windows NT 6.1; WOW64; rv:14.0) Gecko/20100101 Firefox/14.0.1"
172.16.1.80 - - [06/Sep/2012:08:17:48 -0500] "GET /orfeo/Administracion/formAdministracion.php?PHPSESSID=120906081745o17216180KESPRIELLA&fechah=060912_1346937466&usr=d41d8cd98f00b204e9800998ecf8427e&primera=1&ent=1 HTTP/1.0" 200 1354 "http://orfeo.minsalud.gov.co/orfeo/correspondencia.php?PHPSESSID=120906081745o17216180KESPRIELLA&fechah=" "Mozilla/5.0 (Windows NT 6.1; WOW64; rv:14.0) Gecko/20100101 Firefox/14.0.1"
172.16.1.80 - - [06/Sep/2012:08:17:49 -0500] "POST /orfeo/Administracion/usuario/grabar.php?PHPSESSID=120906081625o17216180SHERNANDEZ&krd=SHERNANDEZ&usModo=2&perfil=&perfilOrig=Normal&dep_sel=4230&cedula=5950474&usuLogin=adiagama&nombre=%20LUIS%20ALEJANDRO%20DIAGAMA%20PINEDA&dia=&mes=&ano=&ubicacion=&piso=&extension=1044&email=adiagama@minsalud.gov.co&usuDocSel=5950474&usuLoginSel=adiagama HTTP/1.0" 200 910 "http://orfeo.minsalud.gov.co/orfeo/Administracion/usuario/validar.php" "Mozilla/5.0 (Windows NT 6.1; WOW64; rv:15.0) Gecko/20100101 Firefox/15.0"
172.16.1.80 - - [06/Sep/2012:08:17:50 -0500] "GET /orfeo/Administracion/usuario/mnuUsuarios.php?PHPSESSID=120906081745o17216180KESPRIELLA&krd=KESPRIELLA HTTP/1.0" 200 982 "http://orfeo.minsalud.gov.co/orfeo/Administracion/formAdministracion.php?PHPSESSID=120906081745o17216180KESPRIELLA&fechah=060912_1346937466&usr=d41d8cd98f00b204e9800998ecf8427e&primera=1&ent=1" "Mozilla/5.0 (Windows NT 6.1; WOW64; rv:14.0) Gecko/20100101 Firefox/14.0.1"
172.16.1.80 - - [06/Sep/2012:08:17:50 -0500] "POST /orfeo/Administracion/formAdministracion.php HTTP/1.0" 200 1356 "http://orfeo.minsalud.gov.co/orfeo/Administracion/usuario/grabar.php?PHPSESSID=120906081625o17216180SHERNANDEZ&krd=SHERNANDEZ&usModo=2&perfil=&perfilOrig=Normal&dep_sel=4230&cedula=5950474&usuLogin=adiagama&nombre=%20LUIS%20ALEJANDRO%20DIAGAMA%20PINEDA&dia=&mes=&ano=&ubicacion=&piso=&extension=1044&email=adiagama@minsalud.gov.co&usuDocSel=5950474&usuLoginSel=adiagama" "Mozilla/5.0 (Windows NT 6.1; WOW64; rv:15.0) Gecko/20100101 Firefox/15.0"
172.16.1.80 - - [06/Sep/2012:08:17:51 -0500] "GET /orfeo/Administracion/usuario/cuerpoEdicion.php?PHPSESSID=120906081745o17216180KESPRIELLA&usModo=2 HTTP/1.0" 200 5770 "http://orfeo.minsalud.gov.co/orfeo/Administracion/usuario/mnuUsuarios.php?PHPSESSID=120906081745o17216180KESPRIELLA&krd=KESPRIELLA" "Mozilla/5.0 (Windows NT 6.1; WOW64; rv:14.0) Gecko/20100101 Firefox/14.0.1"
172.16.1.80 - - [06/Sep/2012:08:17:51 -0500] "GET /js/spiffyCal/spiffyCal_v2_1.css HTTP/1.0" 404 521 "http://orfeo.minsalud.gov.co/orfeo/Administracion/usuario/cuerpoEdicion.php?PHPSESSID=120906081745o17216180KESPRIELLA&usModo=2" "Mozilla/5.0 (Windows NT 6.1; WOW64; rv:14.0) Gecko/20100101 Firefox/14.0.1"
172.16.1.80 - - [06/Sep/2012:08:17:52 -0500] "GET /orfeo/cuerpo.php?PHPSESSID=120906075058o17216180DTORRES&adodb_next_page=1&fechah=060912_1346935858&nomcarpeta=Entrada&carpeta=0&tipo_carpt=0&adodb_next_page=1 HTTP/1.0" 200 6937 "http://orfeo.minsalud.gov.co/orfeo/correspondencia.php?PHPSESSID=120906075058o17216180DTORRES&fechah=" "Mozilla/5.0 (Windows NT 6.1; rv:14.0) Gecko/20100101 Firefox/14.0.1"
172.16.1.80 - - [06/Sep/2012:08:17:52 -0500] "POST /orfeo/usuarionuevo.php HTTP/1.0" 200 825 "http://orfeo.minsalud.gov.co/orfeo/login.php?fechah=060912_1346937440" "Mozilla/5.0 (Windows NT 5.1; rv:12.0) Gecko/20100101 Firefox/12.0"
172.16.1.80 - - [06/Sep/2012:08:17:54 -0500] "GET /orfeo/cerrar_session.php?PHPSESSID=120906081625o17216180SHERNANDEZ HTTP/1.0" 200 931 "http://orfeo.minsalud.gov.co/orfeo/f_top.php?PHPSESSID=120906081625o17216180SHERNANDEZ&fechah=" "Mozilla/5.0 (Windows NT 6.1; WOW64; rv:15.0) Gecko/20100101 Firefox/15.0"
172.16.1.80 - - [06/Sep/2012:08:17:54 -0500] "GET /orfeo/cerrar_session.php?PHPSESSID=120906081625o17216180SHERNANDEZ HTTP/1.0" 200 931 "http://orfeo.minsalud.gov.co/orfeo/cerrar_session.php?PHPSESSID=120906081625o17216180SHERNANDEZ" "Mozilla/5.0 (Windows NT 6.1; WOW64; rv:15.0) Gecko/20100101 Firefox/15.0"
172.16.1.80 - - [06/Sep/2012:08:17:54 -0500] "GET /favicon.ico HTTP/1.0" 404 509 "-" "Mozilla/5.0 (Windows NT 6.1; WOW64; rv:15.0) Gecko/20100101 Firefox/15.0"
172.16.1.80 - - [06/Sep/2012:08:17:54 -0500] "GET /favicon.ico HTTP/1.0" 404 509 "-" "Mozilla/5.0 (Windows NT 6.1; WOW64; rv:15.0) Gecko/20100101 Firefox/15.0"
172.16.1.80 - - [06/Sep/2012:08:17:54 -0500] "GET /orfeo/radicacion/chequear.php?PHPSESSID=120906081113o17216180LFOREROG&krd=LFOREROG&fechah=060912_1346937073&primera=1&ent=2&depende=4230 HTTP/1.0" 200 2662 "http://orfeo.minsalud.gov.co/orfeo/correspondencia.php?PHPSESSID=120906081113o17216180LFOREROG&fechah=" "Mozilla/5.0 (Windows NT 6.1; WOW64; rv:14.0) Gecko/20100101 Firefox/14.0.1"
172.16.1.80 - - [06/Sep/2012:08:17:55 -0500] "GET /orfeo/login.php HTTP/1.0" 200 3087 "http://orfeo.minsalud.gov.co/orfeo/cerrar_session.php?PHPSESSID=120906081625o17216180SHERNANDEZ" "Mozilla/5.0 (Windows NT 6.1; WOW64; rv:15.0) Gecko/20100101 Firefox/15.0"
172.16.1.80 - - [06/Sep/2012:08:17:55 -0500] "GET /orfeo/.orfeo38orfeo.css HTTP/1.0" 404 512 "http://orfeo.minsalud.gov.co/orfeo/login.php" "Mozilla/5.0 (Windows NT 6.1; WOW64; rv:15.0) Gecko/20100101 Firefox/15.0"
172.16.1.80 - - [06/Sep/2012:08:17:55 -0500] "POST /orfeo/usuarionuevo.php HTTP/1.0" 302 614 "http://orfeo.minsalud.gov.co/orfeo/usuarionuevo.php" "Mozilla/5.0 (Windows NT 5.1; rv:12.0) Gecko/20100101 Firefox/12.0"
172.16.1.80 - - [06/Sep/2012:08:17:55 -0500] "GET /orfeo/cerrar_session.php HTTP/1.0" 200 931 "http://orfeo.minsalud.gov.co/orfeo/usuarionuevo.php" "Mozilla/5.0 (Windows NT 5.1; rv:12.0) Gecko/20100101 Firefox/12.0"
172.16.1.80 - - [06/Sep/2012:08:17:59 -0500] "GET /orfeo/Administracion/usuario/cuerpoEdicion.php?PHPSESSID=120906081745o17216180KESPRIELLA&dep_sel=4230 HTTP/1.0" 200 5399 "http://orfeo.minsalud.gov.co/orfeo/Administracion/usuario/cuerpoEdicion.php?PHPSESSID=120906081745o17216180KESPRIELLA&usModo=2" "Mozilla/5.0 (Windows NT 6.1; WOW64; rv:14.0) Gecko/20100101 Firefox/14.0.1"
172.16.1.80 - - [06/Sep/2012:08:17:59 -0500] "GET /js/spiffyCal/spiffyCal_v2_1.css HTTP/1.0" 404 521 "http://orfeo.minsalud.gov.co/orfeo/Administracion/usuario/cuerpoEdicion.php?PHPSESSID=120906081745o17216180KESPRIELLA&dep_sel=4230" "Mozilla/5.0 (Windows NT 6.1; WOW64; rv:14.0) Gecko/20100101 Firefox/14.0.1"
